Component: ARM Compiler 5.06 update 2 (build 183) Tool: armlink [4d35b7]

==============================================================================

Section Cross References

    system_stm32l1xx.o(i.Get_SysClk_FrqAndSrc) refers to system_stm32l1xx.o(.data) for PLLMulTable
    system_stm32l1xx.o(i.SystemInit) refers to system_stm32l1xx.o(i.SetSysClock) for SetSysClock
    startup_stm32l1xx_md.o(STACK) refers (Special) to heapauxi.o(.text) for __use_two_region_memory
    startup_stm32l1xx_md.o(HEAP) refers (Special) to heapauxi.o(.text) for __use_two_region_memory
    startup_stm32l1xx_md.o(RESET) refers (Special) to heapauxi.o(.text) for __use_two_region_memory
    startup_stm32l1xx_md.o(RESET) refers to startup_stm32l1xx_md.o(STACK) for __initial_sp
    startup_stm32l1xx_md.o(RESET) refers to startup_stm32l1xx_md.o(.text) for Reset_Handler
    startup_stm32l1xx_md.o(RESET) refers to systick.o(i.SysTick_Handler) for SysTick_Handler
    startup_stm32l1xx_md.o(RESET) refers to lowpower.o(i.EXTI0_IRQHandler) for EXTI0_IRQHandler
    startup_stm32l1xx_md.o(RESET) refers to usart.o(i.USART1_IRQHandler) for USART1_IRQHandler
    startup_stm32l1xx_md.o(RESET) refers to si4432.o(i.EXTI15_10_IRQHandler) for EXTI15_10_IRQHandler
    startup_stm32l1xx_md.o(.text) refers (Special) to heapauxi.o(.text) for __use_two_region_memory
    startup_stm32l1xx_md.o(.text) refers to system_stm32l1xx.o(i.SystemInit) for SystemInit
    startup_stm32l1xx_md.o(.text) refers to __main.o(!!!main) for __main
    startup_stm32l1xx_md.o(.text) refers to startup_stm32l1xx_md.o(HEAP) for Heap_Mem
    startup_stm32l1xx_md.o(.text) refers to startup_stm32l1xx_md.o(STACK) for Stack_Mem
    flash.o(i.FLASH_ErasePage) refers to flash.o(i.Flash_Status) for Flash_Status
    flash.o(i.FLASH_ErasePage) refers to flash.o(i.Flash_EOP) for Flash_EOP
    flash.o(i.Flash_Unlock) refers to flash.o(i.DATA_EEPROM_Unlock) for DATA_EEPROM_Unlock
    flash.o(i.Flash_Write) refers to flash.o(i.Flash_Status) for Flash_Status
    i2c.o(i.I2C_ACK) refers to gpio.o(i.GPIOx_Rst) for GPIOx_Rst
    i2c.o(i.I2C_ACK) refers to i2c.o(i.Delay_nNOP) for Delay_nNOP
    i2c.o(i.I2C_ACK) refers to gpio.o(i.GPIOx_Set) for GPIOx_Set
    i2c.o(i.I2C_Init) refers to gpio.o(i.GPIOx_Cfg) for GPIOx_Cfg
    i2c.o(i.I2C_Init) refers to gpio.o(i.GPIOx_Set) for GPIOx_Set
    i2c.o(i.I2C_RecvB_Ack) refers to gpio.o(i.GPIOx_Cfg) for GPIOx_Cfg
    i2c.o(i.I2C_RecvB_Ack) refers to gpio.o(i.GPIOx_Set) for GPIOx_Set
    i2c.o(i.I2C_RecvB_Ack) refers to gpio.o(i.GPIOx_Rst) for GPIOx_Rst
    i2c.o(i.I2C_RecvB_Ack) refers to i2c.o(i.Delay_nNOP) for Delay_nNOP
    i2c.o(i.I2C_RecvB_Ack) refers to gpio.o(i.GPIOx_Get) for GPIOx_Get
    i2c.o(i.I2C_RecvB_Ack) refers to i2c.o(i.I2C_ACK) for I2C_ACK
    i2c.o(i.I2C_SendB_Ack) refers to gpio.o(i.GPIOx_Rst) for GPIOx_Rst
    i2c.o(i.I2C_SendB_Ack) refers to i2c.o(i.Delay_nNOP) for Delay_nNOP
    i2c.o(i.I2C_SendB_Ack) refers to gpio.o(i.GPIOx_Set) for GPIOx_Set
    i2c.o(i.I2C_SendB_Ack) refers to i2c.o(i.I2C_WaitAck) for I2C_WaitAck
    i2c.o(i.I2C_Start) refers to gpio.o(i.GPIOx_Set) for GPIOx_Set
    i2c.o(i.I2C_Start) refers to i2c.o(i.Delay_nNOP) for Delay_nNOP
    i2c.o(i.I2C_Start) refers to gpio.o(i.GPIOx_Rst) for GPIOx_Rst
    i2c.o(i.I2C_Stop) refers to gpio.o(i.GPIOx_Rst) for GPIOx_Rst
    i2c.o(i.I2C_Stop) refers to i2c.o(i.Delay_nNOP) for Delay_nNOP
    i2c.o(i.I2C_Stop) refers to gpio.o(i.GPIOx_Set) for GPIOx_Set
    i2c.o(i.I2C_WaitAck) refers to gpio.o(i.GPIOx_Cfg) for GPIOx_Cfg
    i2c.o(i.I2C_WaitAck) refers to gpio.o(i.GPIOx_Set) for GPIOx_Set
    i2c.o(i.I2C_WaitAck) refers to i2c.o(i.Delay_nNOP) for Delay_nNOP
    i2c.o(i.I2C_WaitAck) refers to gpio.o(i.GPIOx_Get) for GPIOx_Get
    i2c.o(i.I2C_WaitAck) refers to gpio.o(i.GPIOx_Rst) for GPIOx_Rst
    i2c.o(i.IIC_GetState) refers to i2c.o(i.I2C_Start) for I2C_Start
    i2c.o(i.IIC_GetState) refers to i2c.o(i.I2C_SendB_Ack) for I2C_SendB_Ack
    i2c.o(i.IIC_GetState) refers to i2c.o(i.I2C_Stop) for I2C_Stop
    i2c.o(i.IIC_Read) refers to i2c.o(i.I2C_Start) for I2C_Start
    i2c.o(i.IIC_Read) refers to i2c.o(i.I2C_SendB_Ack) for I2C_SendB_Ack
    i2c.o(i.IIC_Read) refers to i2c.o(i.I2C_RecvB_Ack) for I2C_RecvB_Ack
    i2c.o(i.IIC_Read) refers to i2c.o(i.I2C_Stop) for I2C_Stop
    i2c.o(i.IIC_Write) refers to i2c.o(i.I2C_Start) for I2C_Start
    i2c.o(i.IIC_Write) refers to i2c.o(i.I2C_SendB_Ack) for I2C_SendB_Ack
    i2c.o(i.IIC_Write) refers to i2c.o(i.I2C_Stop) for I2C_Stop
    i2c.o(i.IIC_WriteSame) refers to i2c.o(i.I2C_Start) for I2C_Start
    i2c.o(i.IIC_WriteSame) refers to i2c.o(i.I2C_SendB_Ack) for I2C_SendB_Ack
    i2c.o(i.IIC_WriteSame) refers to i2c.o(i.I2C_Stop) for I2C_Stop
    program.o(i.FlashEncryptionInit) refers to program.o(i.Program_WriteEx) for Program_WriteEx
    program.o(i.FlashEncryptionInit) refers to program.o(.constdata) for .constdata
    program.o(i.Program_Erase) refers to flash.o(i.Flash_Unlock) for Flash_Unlock
[...]
    x$fpl$dadd                               0x0800cfa0   Section      336  daddsub_clz.o(x$fpl$dadd)
    _dadd1                                   0x0800cfb1   Thumb Code     0  daddsub_clz.o(x$fpl$dadd)
    x$fpl$dfixu                              0x0800d0f0   Section       90  dfixu.o(x$fpl$dfixu)
    x$fpl$dflt                               0x0800d14a   Section       46  dflt_clz.o(x$fpl$dflt)
    x$fpl$dfltu                              0x0800d178   Section       38  dflt_clz.o(x$fpl$dfltu)
    x$fpl$dmul                               0x0800d1a0   Section      340  dmul.o(x$fpl$dmul)
    x$fpl$dnaninf                            0x0800d2f4   Section      156  dnaninf.o(x$fpl$dnaninf)
    x$fpl$dretinf                            0x0800d390   Section       12  dretinf.o(x$fpl$dretinf)
    x$fpl$dsub                               0x0800d39c   Section      468  daddsub_clz.o(x$fpl$dsub)
    _dsub1                                   0x0800d3ad   Thumb Code     0  daddsub_clz.o(x$fpl$dsub)
    .constdata                               0x0800d570   Section        8  program.o(.constdata)
    x$fpl$usenofp                            0x0800d570   Section        0  usenofp.o(x$fpl$usenofp)
    .constdata                               0x0800d578   Section       30  si4432.o(.constdata)
    randWait_Tab                             0x0800d58e   Data           8  si4432.o(.constdata)
    .constdata                               0x0800d596   Section       22  battery.o(.constdata)
    .constdata                               0x0800d5ac   Section       40  unitcfg.o(.constdata)
    .constdata                               0x0800d5d4   Section      140  keyexeattr.o(.constdata)
    .constdata                               0x0800d660   Section       12  command.o(.constdata)
    .constdata                               0x0800d66c   Section      740  sysexeattr.o(.constdata)
    .constdata                               0x0800d950   Section       16  dataencrypt.o(.constdata)
    .constdata                               0x0800d960   Section       72  devparttab.o(.constdata)
    .constdata                               0x0800d9a8   Section      512  crc.o(.constdata)
    .data                                    0x20000000   Section       25  system_stm32l1xx.o(.data)
    .data                                    0x2000001c   Section       24  si4432.o(.data)
    SI4432_RSSI                              0x2000001c   Data           1  si4432.o(.data)
    SI4432SendEn                             0x2000001d   Data           1  si4432.o(.data)
    Threshold                                0x2000001e   Data           1  si4432.o(.data)
    seat                                     0x20000020   Data           1  si4432.o(.data)
    busyTime                                 0x20000022   Data           2  si4432.o(.data)
    idleTime                                 0x20000024   Data           2  si4432.o(.data)
    rand                                     0x20000026   Data           2  si4432.o(.data)
    buf                                      0x20000028   Data           4  si4432.o(.data)
    time                                     0x2000002c   Data           4  si4432.o(.data)
    calculTime                               0x20000030   Data           4  si4432.o(.data)
    .data                                    0x20000034   Section        8  systick.o(.data)
    timer                                    0x20000034   Data           4  systick.o(.data)
    RandTime                                 0x20000038   Data           4  systick.o(.data)
    .data                                    0x2000003c   Section        4  test.o(.data)
    .data                                    0x20000040   Section        1  battery.o(.data)
    .data                                    0x20000041   Section        1  batteryexeattr.o(.data)
    .data                                    0x20000042   Section        1  lowpower.o(.data)
    LowPowerTimeCount                        0x20000042   Data           1  lowpower.o(.data)
    .data                                    0x20000044   Section       20  key.o(.data)
    NewKey                                   0x2000004b   Data           1  key.o(.data)
    OldKey                                   0x2000004c   Data           1  key.o(.data)
    LstKey                                   0x2000004d   Data           1  key.o(.data)
    LongKeyCount                             0x2000004e   Data           2  key.o(.data)
    MidValidKey                              0x20000050   Data           1  key.o(.data)
    oldTime                                  0x20000054   Data           4  key.o(.data)
    .data                                    0x20000058   Section      268  updata.o(.data)
    .data                                    0x20000164   Section        1  upload.o(.data)
    Fault                                    0x20000164   Data           1  upload.o(.data)
    .data                                    0x20000168   Section        5  userdata.o(.data)
    pSceneManage                             0x20000168   Data           4  userdata.o(.data)
    cnt                                      0x2000016c   Data           1  userdata.o(.data)
    .data                                    0x2000016d   Section        8  dataencrypt.o(.data)
    DevMac                                   0x2000016d   Data           4  dataencrypt.o(.data)
    ActiveKey                                0x20000171   Data           4  dataencrypt.o(.data)
    .data                                    0x20000178   Section        4  devparttab.o(.data)
    pDevPivotalSet                           0x20000178   Data           4  devparttab.o(.data)
    .data                                    0x2000017c   Section        5  object.o(.data)
    seat                                     0x20000180   Data           1  object.o(.data)
    .data                                    0x20000181   Section        2  sign433.o(.data)
    SendCount                                0x20000182   Data           1  sign433.o(.data)
    .bss                                     0x20000184   Section      100  si4432.o(.bss)
    .bss                                     0x200001e8   Section       20  unitcfg.o(.bss)
    .bss                                     0x200001fc   Section     3456  cmdprocess.o(.bss)
    sendBuf                                  0x2000061c   Data        1024  cmdprocess.o(.bss)
    sendshortBuf                             0x20000cdc   Data         128  cmdprocess.o(.bss)
    .bss                                     0x20000f7c   Section      144  linkscanfifo.o(.bss)
    .bss                                     0x2000100c   Section      324  thread.o(.bss)
    thread                                   0x2000100c   Data         324  thread.o(.bss)
    .bss                                     0x20001150   Section       44  updata.o(.bss)
    .bss                                     0x2000117c   Section      288  upload.o(.bss)
    UploadUnit                               0x2000117c   Data         288  upload.o(.bss)
    .bss                                     0x2000129c   Section      575  userdata.o(.bss)
    sceneManage                              0x200012bb   Data         544  userdata.o(.bss)
    .bss                                     0x200014dc   Section      320  object.o(.bss)
    RData                                    0x200014dc   Data         320  object.o(.bss)
    .bss                                     0x2000161c   Section      140  userdatadownload.o(.bss)
    .bss                                     0x200016a8   Section       12  sign433.o(.bss)
    .bss                                     0x200016b4   Section     1651  linksimplest.o(.bss)
    .bss                                     0x20001d27   Section      351  linksimplesttime.o(.bss)
    .bss                                     0x20001e88   Section       96  libspace.o(.bss)
    HEAP                                     0x20001ee8   Section        0  startup_stm32l1xx_md.o(HEAP)
    STACK                                    0x20001ee8   Section     2048  startup_stm32l1xx_md.o(STACK)
    Heap_Mem                                 0x20001ee8   Data           0  startup_stm32l1xx_md.o(HEAP)
    Stack_Mem                                0x20001ee8   Data        2048  startup_stm32l1xx_md.o(STACK)
    __initial_sp                             0x200026e8   Data           0  startup_stm32l1xx_md.o(STACK)

    Global Symbols

    Symbol Name                              Value     Ov Type        Size  Object(Section)

    BuildAttributes$$THM_ISAv4$P$D$K$B$S$PE$A:L22UL41UL21$X:L11$S22US41US21$IEEE1$IW$USESV6$~STKCKD$USESV7$~SHL$OSPACE$ROPI$EBA8$UX$STANDARDLIB$REQ8$PRES8$EABIv2 0x00000000   Number         0  anon$$obj.o ABSOLUTE
    __ARM_use_no_argv                        0x00000000   Number         0  main.o ABSOLUTE
    __ARM_exceptions_init                     - Undefined Weak Reference
    __alloca_initialize                       - Undefined Weak Reference
    __arm_preinit_                            - Undefined Weak Reference
    __cpp_initialize__aeabi_                  - Undefined Weak Reference
    __cxa_finalize                            - Undefined Weak Reference
    __rt_locale                               - Undefined Weak Reference
    __sigvec_lookup                           - Undefined Weak Reference
    _atexit_init                              - Undefined Weak Reference
    _call_atexit_fns                          - Undefined Weak Reference
    _clock_init                               - Undefined Weak Reference
    _fp_trap_init                             - Undefined Weak Reference
    _fp_trap_shutdown                         - Undefined Weak Reference
    _get_lc_collate                           - Undefined Weak Reference
    _get_lc_ctype                             - Undefined Weak Reference
    _get_lc_monetary                          - Undefined Weak Reference
    _get_lc_numeric                           - Undefined Weak Reference
    _get_lc_time                              - Undefined Weak Reference
    _getenv_init                              - Undefined Weak Reference
    _handle_redirection                       - Undefined Weak Reference
    _init_alloc                               - Undefined Weak Reference
    _init_user_alloc                          - Undefined Weak Reference
    _initio                                   - Undefined Weak Reference
    _rand_init                                - Undefined Weak Reference
    _signal_finish                            - Undefined Weak Reference
    _signal_init                              - Undefined Weak Reference
    _terminate_alloc                          - Undefined Weak Reference
    _terminate_user_alloc                     - Undefined Weak Reference
    _terminateio                              - Undefined Weak Reference
    __Vectors_Size                           0x000000f4   Number         0  startup_stm32l1xx_md.o ABSOLUTE
    __Vectors                                0x08005400   Data           4  startup_stm32l1xx_md.o(RESET)
    __Vectors_End                            0x080054f4   Data           0  startup_stm32l1xx_md.o(RESET)
    __main                                   0x080054f5   Thumb Code     8  __main.o(!!!main)
    __scatterload                            0x080054fd   Thumb Code     0  __scatter.o(!!!scatter)
    __scatterload_rt2                        0x080054fd   Thumb Code    44  __scatter.o(!!!scatter)
    __scatterload_rt2_thumb_only             0x080054fd   Thumb Code     0  __scatter.o(!!!scatter)
    __scatterload_null                       0x0800550b   Thumb Code     0  __scatter.o(!!!scatter)
    __decompress                             0x08005531   Thumb Code    58  __dczerorl.o(!!dczerorl)
    __decompress0                            0x08005531   Thumb Code     0  __dczerorl.o(!!dczerorl)
    __scatterload_zeroinit                   0x0800556d   Thumb Code    28  __scatter_zi.o(!!handler_zi)
    __rt_lib_init                            0x08005589   Thumb Code     0  libinit.o(.ARM.Collect$$libinit$$00000000)
    __rt_lib_init_alloca_1                   0x0800558b   Thumb Code     0  libinit2.o(.ARM.Collect$$libinit$$0000002E)
    __rt_lib_init_argv_1                     0x0800558b   Thumb Code     0  libinit2.o(.ARM.Collect$$libinit$$0000002C)
    __rt_lib_init_atexit_1                   0x0800558b   Thumb Code     0  libinit2.o(.ARM.Collect$$libinit$$0000001B)
    __rt_lib_init_clock_1                    0x0800558b   Thumb Code     0  libinit2.o(.ARM.Collect$$libinit$$00000021)
    __rt_lib_init_cpp_1                      0x0800558b   Thumb Code     0  libinit2.o(.ARM.Collect$$libinit$$00000032)
    __rt_lib_init_exceptions_1               0x0800558b   Thumb Code     0  libinit2.o(.ARM.Collect$$libinit$$00000030)
    __rt_lib_init_fp_1                       0x0800558b   Thumb Code     0  libinit2.o(.ARM.Collect$$libinit$$00000002)
    __rt_lib_init_fp_trap_1                  0x0800558b   Thumb Code     0  libinit2.o(.ARM.Collect$$libinit$$0000001F)
    __rt_lib_init_getenv_1                   0x0800558b   Thumb Code     0  libinit2.o(.ARM.Collect$$libinit$$00000023)
    __rt_lib_init_heap_1                     0x0800558b   Thumb Code     0  libinit2.o(.ARM.Collect$$libinit$$0000000A)
    __rt_lib_init_lc_collate_1               0x0800558b   Thumb Code     0  libinit2.o(.ARM.Collect$$libinit$$00000011)
    __rt_lib_init_lc_ctype_1                 0x0800558b   Thumb Code     0  libinit2.o(.ARM.Collect$$libinit$$00000013)
    __rt_lib_init_lc_monetary_1              0x0800558b   Thumb Code     0  libinit2.o(.ARM.Collect$$libinit$$00000015)
    __rt_lib_init_lc_numeric_1               0x0800558b   Thumb Code     0  libinit2.o(.ARM.Collect$$libinit$$00000017)
    __rt_lib_init_lc_time_1                  0x0800558b   Thumb Code     0  libinit2.o(.ARM.Collect$$libinit$$00000019)
    __rt_lib_init_preinit_1                  0x0800558b   Thumb Code     0  libinit2.o(.ARM.Collect$$libinit$$00000004)
    __rt_lib_init_rand_1                     0x0800558b   Thumb Code     0  libinit2.o(.ARM.Collect$$libinit$$0000000E)
    __rt_lib_init_return                     0x0800558b   Thumb Code     0  libinit2.o(.ARM.Collect$$libinit$$00000033)
    __rt_lib_init_signal_1                   0x0800558b   Thumb Code     0  libinit2.o(.ARM.Collect$$libinit$$0000001D)
    __rt_lib_init_stdio_1                    0x0800558b   Thumb Code     0  libinit2.o(.ARM.Collect$$libinit$$00000025)
    __rt_lib_init_user_alloc_1               0x0800558b   Thumb Code     0  libinit2.o(.ARM.Collect$$libinit$$0000000C)
    __rt_lib_shutdown                        0x0800558d   Thumb Code     0  libshutdown.o(.ARM.Collect$$libshutdown$$00000000)
    __rt_lib_shutdown_cpp_1                  0x0800558f   Thumb Code     0  libshutdown2.o(.ARM.Collect$$libshutdown$$00000002)
    __rt_lib_shutdown_fp_trap_1              0x0800558f   Thumb Code     0  libshutdown2.o(.ARM.Collect$$libshutdown$$00000007)
    __rt_lib_shutdown_heap_1                 0x0800558f   Thumb Code     0  libshutdown2.o(.ARM.Collect$$libshutdown$$0000000F)
    __rt_lib_shutdown_return                 0x0800558f   Thumb Code     0  libshutdown2.o(.ARM.Collect$$libshutdown$$00000010)
    __rt_lib_shutdown_signal_1               0x0800558f   Thumb Code     0  libshutdown2.o(.ARM.Collect$$libshutdown$$0000000A)
    __rt_lib_shutdown_stdio_1                0x0800558f   Thumb Code     0  libshutdown2.o(.ARM.Collect$$libshutdown$$00000004)
    __rt_lib_shutdown_user_alloc_1           0x0800558f   Thumb Code     0  libshutdown2.o(.ARM.Collect$$libshutdown$$0000000C)
    __rt_entry                               0x08005591   Thumb Code     0  __rtentry.o(.ARM.Collect$$rtentry$$00000000)
    __rt_entry_presh_1                       0x08005591   Thumb Code     0  __rtentry2.o(.ARM.Collect$$rtentry$$00000002)
    __rt_entry_sh                            0x08005591   Thumb Code     0  __rtentry4.o(.ARM.Collect$$rtentry$$00000004)
    __rt_entry_li                            0x08005597   Thumb Code     0  __rtentry2.o(.ARM.Collect$$rtentry$$0000000A)
    __rt_entry_postsh_1                      0x08005597   Thumb Code     0  __rtentry2.o(.ARM.Collect$$rtentry$$00000009)
    __rt_entry_main                          0x0800559b   Thumb Code     0  __rtentry2.o(.ARM.Collect$$rtentry$$0000000D)
    __rt_entry_postli_1                      0x0800559b   Thumb Code     0  __rtentry2.o(.ARM.Collect$$rtentry$$0000000C)
    __rt_exit                                0x080055a3   Thumb Code     0  rtexit.o(.ARM.Collect$$rtexit$$00000000)
    __rt_exit_ls                             0x080055a5   Thumb Code     0  rtexit2.o(.ARM.Collect$$rtexit$$00000003)
    __rt_exit_prels_1                        0x080055a5   Thumb Code     0  rtexit2.o(.ARM.Collect$$rtexit$$00000002)
    __rt_exit_exit                           0x080055a9   Thumb Code     0  rtexit2.o(.ARM.Collect$$rtexit$$00000004)
    DisableIRQ                               0x080055b1   Thumb Code     4  sys.o(.emb_text)
    EnableIRQ                                0x080055b5   Thumb Code     4  sys.o(.emb_text)
    WFI_SET                                  0x080055b9   Thumb Code     2  sys.o(.emb_text)
    INTX_DISABLE                             0x080055bb   Thumb Code     2  sys.o(.emb_text)
    INTX_ENABLE                              0x080055bd   Thumb Code     2  sys.o(.emb_text)
    Set_MSP                                  0x080055bf   Thumb Code     6  sys.o(.emb_text)
    CPU_SR_Restore                           0x080055c5   Thumb Code     6  sys.o(.emb_text)
    CPU_SR_Save                              0x080055cb   Thumb Code     8  sys.o(.emb_text)
    Reset_Handler                            0x080055d5   Thumb Code     8  startup_stm32l1xx_md.o(.text)
    NMI_Handler                              0x080055dd   Thumb Code     2  startup_stm32l1xx_md.o(.text)
    HardFault_Handler                        0x080055df   Thumb Code     2  startup_stm32l1xx_md.o(.text)
    MemManage_Handler                        0x080055e1   Thumb Code     2  startup_stm32l1xx_md.o(.text)
    BusFault_Handler                         0x080055e3   Thumb Code     2  startup_stm32l1xx_md.o(.text)
    UsageFault_Handler                       0x080055e5   Thumb Code     2  startup_stm32l1xx_md.o(.text)
    SVC_Handler                              0x080055e7   Thumb Code     2  startup_stm32l1xx_md.o(.text)
    DebugMon_Handler                         0x080055e9   Thumb Code     2  startup_stm32l1xx_md.o(.text)
    PendSV_Handler                           0x080055eb   Thumb Code     2  startup_stm32l1xx_md.o(.text)
    ADC1_IRQHandler                          0x080055ef   Thumb Code     0  startup_stm32l1xx_md.o(.text)
    COMP_IRQHandler                          0x080055ef   Thumb Code     0  startup_stm32l1xx_md.o(.text)
    DAC_IRQHandler                           0x080055ef   Thumb Code     0  startup_stm32l1xx_md.o(.text)
    DMA1_Channel1_IRQHandler                 0x080055ef   Thumb Code     0  startup_stm32l1xx_md.o(.text)
    DMA1_Channel2_IRQHandler                 0x080055ef   Thumb Code     0  startup_stm32l1xx_md.o(.text)
    DMA1_Channel3_IRQHandler                 0x080055ef   Thumb Code     0  startup_stm32l1xx_md.o(.text)
    DMA1_Channel4_IRQHandler                 0x080055ef   Thumb Code     0  startup_stm32l1xx_md.o(.text)
    DMA1_Channel5_IRQHandler                 0x080055ef   Thumb Code     0  startup_stm32l1xx_md.o(.text)
    DMA1_Channel6_IRQHandler                 0x080055ef   Thumb Code     0  startup_stm32l1xx_md.o(.text)
    DMA1_Channel7_IRQHandler                 0x080055ef   Thumb Code     0  startup_stm32l1xx_md.o(.text)
    EXTI1_IRQHandler                         0x080055ef   Thumb Code     0  startup_stm32l1xx_md.o(.text)
    EXTI2_IRQHandler                         0x080055ef   Thumb Code     0  startup_stm32l1xx_md.o(.text)
    EXTI3_IRQHandler                         0x080055ef   Thumb Code     0  startup_stm32l1xx_md.o(.text)
    EXTI4_IRQHandler                         0x080055ef   Thumb Code     0  startup_stm32l1xx_md.o(.text)
    EXTI9_5_IRQHandler                       0x080055ef   Thumb Code     0  startup_stm32l1xx_md.o(.text)
    FLASH_IRQHandler                         0x080055ef   Thumb Code     0  startup_stm32l1xx_md.o(.text)
    I2C1_ER_IRQHandler                       0x080055ef   Thumb Code     0  startup_stm32l1xx_md.o(.text)
    I2C1_EV_IRQHandler                       0x080055ef   Thumb Code     0  startup_stm32l1xx_md.o(.text)
    I2C2_ER_IRQHandler                       0x080055ef   Thumb Code     0  startup_stm32l1xx_md.o(.text)
    I2C2_EV_IRQHandler                       0x080055ef   Thumb Code     0  startup_stm32l1xx_md.o(.text)
    LCD_IRQHandler                           0x080055ef   Thumb Code     0  startup_stm32l1xx_md.o(.text)
    PVD_IRQHandler                           0x080055ef   Thumb Code     0  startup_stm32l1xx_md.o(.text)
    RCC_IRQHandler                           0x080055ef   Thumb Code     0  startup_stm32l1xx_md.o(.text)
    RTC_Alarm_IRQHandler                     0x080055ef   Thumb Code     0  startup_stm32l1xx_md.o(.text)
    RTC_WKUP_IRQHandler                      0x080055ef   Thumb Code     0  startup_stm32l1xx_md.o(.text)
    SPI1_IRQHandler                          0x080055ef   Thumb Code     0  startup_stm32l1xx_md.o(.text)
    SPI2_IRQHandler                          0x080055ef   Thumb Code     0  startup_stm32l1xx_md.o(.text)
    TAMPER_STAMP_IRQHandler                  0x080055ef   Thumb Code     0  startup_stm32l1xx_md.o(.text)
    TIM10_IRQHandler                         0x080055ef   Thumb Code     0  startup_stm32l1xx_md.o(.text)
    TIM11_IRQHandler                         0x080055ef   Thumb Code     0  startup_stm32l1xx_md.o(.text)
    TIM2_IRQHandler                          0x080055ef   Thumb Code     0  startup_stm32l1xx_md.o(.text)
    TIM3_IRQHandler                          0x080055ef   Thumb Code     0  startup_stm32l1xx_md.o(.text)
    TIM4_IRQHandler                          0x080055ef   Thumb Code     0  startup_stm32l1xx_md.o(.text)
    TIM6_IRQHandler                          0x080055ef   Thumb Code     0  startup_stm32l1xx_md.o(.text)
    TIM7_IRQHandler                          0x080055ef   Thumb Code     0  startup_stm32l1xx_md.o(.text)
    TIM9_IRQHandler                          0x080055ef   Thumb Code     0  startup_stm32l1xx_md.o(.text)
    USART2_IRQHandler                        0x080055ef   Thumb Code     0  startup_stm32l1xx_md.o(.text)
    USART3_IRQHandler                        0x080055ef   Thumb Code     0  startup_stm32l1xx_md.o(.text)
    USB_FS_WKUP_IRQHandler                   0x080055ef   Thumb Code     0  startup_stm32l1xx_md.o(.text)
    USB_HP_IRQHandler                        0x080055ef   Thumb Code     0  startup_stm32l1xx_md.o(.text)
    USB_LP_IRQHandler                        0x080055ef   Thumb Code     0  startup_stm32l1xx_md.o(.text)
    WWDG_IRQHandler                          0x080055ef   Thumb Code     0  startup_stm32l1xx_md.o(.text)
    __user_initial_stackheap                 0x080055f1   Thumb Code     0  startup_stm32l1xx_md.o(.text)
    Process_FIFOData                         0x08005611   Thumb Code   102  cmdprocess.o(.text)
    Msg_Execute                              0x080056e5   Thumb Code   240  cmdprocess.o(.text)
    FIFOInit                                 0x08005851   Thumb Code   172  cmdprocess.o(.text)
    ProcessSend_Fun                          0x080058fd   Thumb Code     8  cmdprocess.o(.text)
    head_put                                 0x0800595d   Thumb Code    16  command.o(.text)
    tail_put                                 0x0800596d   Thumb Code    16  command.o(.text)
    short_get                                0x0800597d   Thumb Code   226  command.o(.text)
    short_put                                0x08005a5f   Thumb Code   140  command.o(.text)
    EncryptCmd_get                           0x08005aeb   Thumb Code   200  command.o(.text)
    EncryptCmd_getEx                         0x08005bb3   Thumb Code    48  command.o(.text)
    EncryptCmd_put                           0x08005be3   Thumb Code   158  command.o(.text)
    delay_us                                 0x08005c89   Thumb Code    24  delay.o(.text)
    delay_ms                                 0x08005ca1   Thumb Code    28  delay.o(.text)
    Fault_Upload                             0x08005cbd   Thumb Code    74  faultmanage.o(.text)
    fifo_Init                                0x08005d0d   Thumb Code    26  fifo.o(.text)
    fifo_Rst                                 0x08005d27   Thumb Code    18  fifo.o(.text)
    fifo_empty                               0x08005d39   Thumb Code    18  fifo.o(.text)
    fifo_validSize                           0x08005d8b   Thumb Code    30  fifo.o(.text)
    fifo_puts                                0x08005da9   Thumb Code   106  fifo.o(.text)
    fifo_gets                                0x08005e13   Thumb Code   124  fifo.o(.text)
    fifo_putc                                0x08005e8f   Thumb Code    60  fifo.o(.text)
    fifo_getc                                0x08005ecb   Thumb Code    62  fifo.o(.text)
    fifo_find                                0x08005f09   Thumb Code    92  fifo.o(.text)
    fifo_cmp                                 0x08005f65   Thumb Code    62  fifo.o(.text)
    PropFifoInit                             0x08005fa5   Thumb Code    14  linkscanfifo.o(.text)
    PropChangeScanAndExe                     0x08005fb3   Thumb Code    46  linkscanfifo.o(.text)
    PropEventFifo                            0x08005fe1   Thumb Code    86  linkscanfifo.o(.text)
    Sys_UnitAttrNum                          0x08006045   Thumb Code     4  sysexeattr.o(.text)
    Upload_RESTART                           0x08006049   Thumb Code    10  sysexeattr.o(.text)
    SysAttr_Init                             0x08006053   Thumb Code    58  sysexeattr.o(.text)
    Get_Version_Attr                         0x0800608d   Thumb Code   140  sysexeattr.o(.text)
    Get_DeviceType_Attr                      0x08006119   Thumb Code    84  sysexeattr.o(.text)
    Set_UserID_Attr                          0x0800616d   Thumb Code    44  sysexeattr.o(.text)
    Get_UserID_Attr                          0x08006199   Thumb Code    18  sysexeattr.o(.text)
    Set_DeviceChannelFlag_Attr               0x080061ab   Thumb Code    30  sysexeattr.o(.text)
    Get_DeviceChannelFlag_Attr               0x080061c9   Thumb Code    22  sysexeattr.o(.text)
    Get_DeviceAddr_Attr                      0x080061df   Thumb Code    18  sysexeattr.o(.text)
    Set_CmdAckNum_Attr                       0x080061f1   Thumb Code    44  sysexeattr.o(.text)
    Get_CmdAckNum_Attr                       0x0800621d   Thumb Code    16  sysexeattr.o(.text)
    Set_RepeatBandAddr_Attr                  0x0800622d   Thumb Code   138  sysexeattr.o(.text)
    Get_RepeatBandAddr_Attr                  0x080062b7   Thumb Code   138  sysexeattr.o(.text)
    Set_RepeatBroadcast_Attr                 0x08006341   Thumb Code    38  sysexeattr.o(.text)
    Get_RepeatBroadcast_Attr                 0x08006367   Thumb Code    24  sysexeattr.o(.text)
    Set_UnitArea_Attr                        0x0800637f   Thumb Code   126  sysexeattr.o(.text)
    Get_UnitArea_Attr                        0x080063fd   Thumb Code   122  sysexeattr.o(.text)
    Set_UnitType_Attr                        0x08006477   Thumb Code   134  sysexeattr.o(.text)
    Get_UnitType_Attr                        0x080064fd   Thumb Code   112  sysexeattr.o(.text)
    Set_CommonType_Attr                      0x0800656d   Thumb Code   134  sysexeattr.o(.text)
    Get_CommonType_Attr                      0x080065f3   Thumb Code   112  sysexeattr.o(.text)
    Set_UploadAble_Attr                      0x08006663   Thumb Code   164  sysexeattr.o(.text)
    Get_UploadAble_Attr                      0x08006707   Thumb Code   144  sysexeattr.o(.text)
    Set_UnitAble_Attr                        0x08006797   Thumb Code   134  sysexeattr.o(.text)
    Get_UnitAble_Attr                        0x0800681d   Thumb Code   118  sysexeattr.o(.text)
    Get_Eeprom_Info_Attr                     0x08006893   Thumb Code    82  sysexeattr.o(.text)
    Set_FaultFlag_Attr                       0x080068e5   Thumb Code    36  sysexeattr.o(.text)
    Get_FaultFlag_Attr                       0x08006909   Thumb Code    20  sysexeattr.o(.text)
    Set_UserDataFormat_Attr                  0x0800691d   Thumb Code    94  sysexeattr.o(.text)
    Set_Link_Attr                            0x0800697b   Thumb Code    98  sysexeattr.o(.text)
    Get_Link_Attr                            0x080069dd   Thumb Code    68  sysexeattr.o(.text)
    Set_Link_Time_Attr                       0x08006a21   Thumb Code    98  sysexeattr.o(.text)
    Set_DelLinkForUnit_Attr                  0x08006a83   Thumb Code    40  sysexeattr.o(.text)
    Get_DeveiceSysClockFeature_Attr          0x08006aab   Thumb Code    50  sysexeattr.o(.text)
    Thread_Init                              0x08006ae1   Thumb Code     8  thread.o(.text)
    Thread_Wake                              0x08006b11   Thumb Code   132  thread.o(.text)
    Thread_Login                             0x08006b95   Thumb Code   228  thread.o(.text)
    Thread_Logout                            0x08006c79   Thumb Code    94  thread.o(.text)
    Thread_Hang                              0x08006cd7   Thumb Code   108  thread.o(.text)
    Thread_Process                           0x08006d43   Thumb Code   106  thread.o(.text)
    Thread_RunCheck                          0x08006dad   Thumb Code    44  thread.o(.text)
    Thread_Query                             0x08006dd9   Thumb Code    48  thread.o(.text)
    UpgradePreStage                          0x08006e67   Thumb Code   184  updata.o(.text)
    Updata_PackProcess                       0x08006f1f   Thumb Code   118  updata.o(.text)
    Updata_PackCheck                         0x08006f95   Thumb Code    78  updata.o(.text)
    Updata_Calibrate                         0x08006fe3   Thumb Code    32  updata.o(.text)
    Updata_Flag                              0x08007003   Thumb Code    84  updata.o(.text)
    Updata_Channel                           0x08007057   Thumb Code   114  updata.o(.text)
    Channel_Get                              0x080070c9   Thumb Code    60  updata.o(.text)
    Upload_Fault                             0x08007135   Thumb Code    34  upload.o(.text)
    Upload_Check                             0x080071cd   Thumb Code   170  upload.o(.text)
    Upload                                   0x08007277   Thumb Code   152  upload.o(.text)
    Upload_Immediately                       0x0800730f   Thumb Code    80  upload.o(.text)
    SceneEEPROM_Init                         0x08007371   Thumb Code    44  userdata.o(.text)
    GroupEEPROMUnit_Init                     0x0800739d   Thumb Code    54  userdata.o(.text)
    GroupEEPROM_Init                         0x080073d3   Thumb Code    26  userdata.o(.text)
    UnitPrivateEEPROMUnitData_Init           0x080073ed   Thumb Code    36  userdata.o(.text)
    UnitPrivateEEPROMData_Init               0x08007411   Thumb Code    26  userdata.o(.text)
    UnitPublicEEPROMUnitData_Init            0x0800742b   Thumb Code   102  userdata.o(.text)
    UnitPublicEEPROMData_Init                0x08007491   Thumb Code    26  userdata.o(.text)
    SysEEPROMData_Init                       0x080074ab   Thumb Code    58  userdata.o(.text)
    UserEEPROMData_Init                      0x080074e5   Thumb Code    54  userdata.o(.text)
    FaultData_Init                           0x0800751b   Thumb Code    14  userdata.o(.text)
    UserData_Init                            0x08007529   Thumb Code    92  userdata.o(.text)
    FaultData_Save                           0x08007585   Thumb Code    32  userdata.o(.text)
    FaultData_Get                            0x080075a5   Thumb Code    22  userdata.o(.text)
    SysEEPROMData_Set                        0x080075bb   Thumb Code    24  userdata.o(.text)
    UnitPublicEEPROMData_Get                 0x080075d3   Thumb Code    40  userdata.o(.text)
    UnitPublicEEPROMData_Set                 0x080075fb   Thumb Code    48  userdata.o(.text)
    SetDeviceChannelFlag                     0x0800762b   Thumb Code   116  userdata.o(.text)
    GetDeviceChannelFlag                     0x0800769f   Thumb Code    82  userdata.o(.text)
    GroupEEPROM_Clr                          0x080076f1   Thumb Code   410  userdata.o(.text)
    GroupEEPROM_Set                          0x0800788b   Thumb Code   294  userdata.o(.text)
    GroupEEPROM_Get                          0x080079b1   Thumb Code   158  userdata.o(.text)
    SceneData_Init                           0x08007a4f   Thumb Code    38  userdata.o(.text)
    SceneEEPROMUnit_Init                     0x08007a75   Thumb Code   154  userdata.o(.text)
    SceneEEPROM_Clr                          0x08007c59   Thumb Code   212  userdata.o(.text)
    SceneEEPROM_Set                          0x08007deb   Thumb Code   250  userdata.o(.text)
    SceneEEPROM_Get                          0x08007efb   Thumb Code    66  userdata.o(.text)
    EEPROM_Write                             0x08007f3d   Thumb Code    46  userdata.o(.text)
    EEPROM_Read                              0x08007f6b   Thumb Code    46  userdata.o(.text)
    Set_Sign433_StartSendFrame_Attr          0x08007f9d   Thumb Code    70  sign433attr.o(.text)
    Get_Sign433_MasterAddr                   0x08007fe3   Thumb Code     6  sign433attr.o(.text)
    Get_Sign433_TestPackNum                  0x08007fe9   Thumb Code     6  sign433attr.o(.text)
    Get_Sign433_StartSendFrame_Attr          0x08007fef   Thumb Code    46  sign433attr.o(.text)
    Set_Sign433_StartRecFrame_Attr           0x0800801d   Thumb Code   100  sign433attr.o(.text)
    Get_Sign433_StartRecFrame_Attr           0x08008081   Thumb Code    46  sign433attr.o(.text)
    Set_Sign433_RecFrameStream_Attr          0x080080af   Thumb Code    66  sign433attr.o(.text)
    Get_DeviceThreshold_Attr                 0x080080f1   Thumb Code    22  sign433attr.o(.text)
    Set_Sign433_TestState_Attr               0x08008107   Thumb Code    20  sign433attr.o(.text)
    Get_Sign433_TestState_Attr               0x0800811b   Thumb Code    16  sign433attr.o(.text)
    EncryptData                              0x08008423   Thumb Code    80  dataencrypt.o(.text)
    DecryptData                              0x08008473   Thumb Code    86  dataencrypt.o(.text)
    EncryptInit                              0x080084c9   Thumb Code    32  dataencrypt.o(.text)
    DevPivotalSetInit                        0x08008501   Thumb Code   156  devparttab.o(.text)
    GetDevPivotalSet                         0x0800859d   Thumb Code     6  devparttab.o(.text)
    memcpy                                   0x080085b1   Thumb Code    28  bestfulib.o(.text)
    memcmp                                   0x080085cd   Thumb Code    40  bestfulib.o(.text)
    memset                                   0x080085f5   Thumb Code    18  bestfulib.o(.text)
    memmove                                  0x08008607   Thumb Code    58  bestfulib.o(.text)
    memfind                                  0x08008641   Thumb Code    64  bestfulib.o(.text)
    memcharget                               0x08008681   Thumb Code    48  bestfulib.o(.text)
    ChkCrcValue                              0x080086b1   Thumb Code    52  crc.o(.text)
    ChkCrcValueEx                            0x080086e5   Thumb Code    56  crc.o(.text)
    ReadDataFromEEPROM                       0x08008721   Thumb Code   120  eeprom.o(.text)
    WriteDataToEEPROM                        0x08008799   Thumb Code   120  eeprom.o(.text)
    WriteDataToEEPROMEx                      0x08008811   Thumb Code   118  eeprom.o(.text)
    Set_IAPReady_Attr                        0x080088e7   Thumb Code    42  flashattr.o(.text)
    Get_IAPReady_Attr                        0x080089e1   Thumb Code    52  flashattr.o(.text)
    Set_IAPPackSave_Attr                     0x08008a15   Thumb Code    56  flashattr.o(.text)
    Set_433Channel_Attr                      0x08008a4d   Thumb Code    70  flashattr.o(.text)
    Get_433Channel_Attr                      0x08008a93   Thumb Code    20  flashattr.o(.text)
    LinkInit                                 0x08008ab9   Thumb Code     8  linksrc.o(.text)
    LinkClr                                  0x08008ac1   Thumb Code     8  linksrc.o(.text)
    CmpSampAndLinkValue                      0x08008ac9   Thumb Code   130  linksrc.o(.text)
    GetConditionReverse                      0x08008b4b   Thumb Code    56  linksrc.o(.text)
    GetConditionOffset                       0x08008b83   Thumb Code    78  linksrc.o(.text)
    LinkSrcExe                               0x08008bd1   Thumb Code   436  linksrc.o(.text)
    CheckLinkFull                            0x08008d89   Thumb Code    18  linkwrdc.o(.text)
    QueryLink                                0x08008d9b   Thumb Code    22  linkwrdc.o(.text)
    QueryAllLinkFromTable                    0x08008db1   Thumb Code    64  linkwrdc.o(.text)
    ReadLinkFromTable                        0x08008df1   Thumb Code    34  linkwrdc.o(.text)
    WriteLinkToTable                         0x08008e13   Thumb Code    62  linkwrdc.o(.text)
    DelAllLinkFromTable                      0x08008e51   Thumb Code    46  linkwrdc.o(.text)
    DelLinkFromTable                         0x08008e7f   Thumb Code    30  linkwrdc.o(.text)
    ChkLinkIsExist                           0x08008e9d   Thumb Code    26  linkwrdc.o(.text)
    GetLinkNum                               0x08008eb7   Thumb Code    22  linkwrdc.o(.text)
    WriteLinkItem                            0x08008ecd   Thumb Code   118  linkwrdc.o(.text)
    ModifyLinkItem                           0x08008f43   Thumb Code    76  linkwrdc.o(.text)
    ReadLinkItem                             0x08008f8f   Thumb Code   108  linkwrdc.o(.text)
    QueryLinkItem                            0x08008ffb   Thumb Code    56  linkwrdc.o(.text)
    DelLinkItem                              0x08009033   Thumb Code    68  linkwrdc.o(.text)
    WriteLinkItemEx                          0x08009077   Thumb Code   180  linkwrdc.o(.text)
    ModifyLinkItemEx                         0x0800912b   Thumb Code   138  linkwrdc.o(.text)
    DelLinkForUnit                           0x080091b5   Thumb Code   140  linkwrdc.o(.text)
    DelLinkForPropIDandVal                   0x08009241   Thumb Code    84  linkwrdc.o(.text)
    SaveSerialNum                            0x08009299   Thumb Code    12  msgpackage.o(.text)
    Msg_Feedback                             0x080092a5   Thumb Code   114  msgpackage.o(.text)
    Msg_UploadUnit                           0x08009361   Thumb Code    62  msgpackage.o(.text)
    Msg_Upload                               0x0800939f   Thumb Code    58  msgpackage.o(.text)
    Msg_Send                                 0x080093d9   Thumb Code    68  msgpackage.o(.text)
    Check_Area                               0x08009429   Thumb Code   112  object.o(.text)
    Object_Check                             0x08009553   Thumb Code  1206  object.o(.text)
    ShortObject_Check                        0x08009a33   Thumb Code    68  object.o(.text)
    Set_Scene_Attr                           0x08009a81   Thumb Code   260  scene&group.o(.text)
    Get_Scene_Attr                           0x08009b85   Thumb Code   110  scene&group.o(.text)
    Set_Group_Attr                           0x08009bf3   Thumb Code   240  scene&group.o(.text)
    Get_Group_Attr                           0x08009ce3   Thumb Code    94  scene&group.o(.text)
    SI4432Test_Fail                          0x08009d41   Thumb Code    16  systestattr.o(.text)
    SI4432Test_Attr                          0x08009d51   Thumb Code    68  systestattr.o(.text)
    Set_ManyUnit_Attr                        0x08009da5   Thumb Code   102  unitshare_attr.o(.text)
    Get_ManyUnit_Attr                        0x08009e0b   Thumb Code   322  unitshare_attr.o(.text)
    Set_UnitChecking_Attr                    0x08009f4d   Thumb Code   126  unitshare_attr.o(.text)
    Get_SingleUnit_AttrLen                   0x08009fcb   Thumb Code   110  unitshare_attr.o(.text)
    UserDataDownload_Init                    0x0800a041   Thumb Code    20  userdatadownload.o(.text)
    UserDataDownload_Ready                   0x0800a055   Thumb Code   184  userdatadownload.o(.text)
    UserDataFrame_Save                       0x0800a10d   Thumb Code   134  userdatadownload.o(.text)
    UserDataFrame_Check                      0x0800a193   Thumb Code    78  userdatadownload.o(.text)
    Sign433_SendTestFrame                    0x0800a1f1   Thumb Code    82  sign433.o(.text)
    Sign433_SendTestFrameStream              0x0800a243   Thumb Code    28  sign433.o(.text)
    ClearRecTestStatus                       0x0800a25f   Thumb Code    10  sign433.o(.text)
    Sign433_SendTestReport                   0x0800a269   Thumb Code    54  sign433.o(.text)
    Get_ResetAddr_Attr                       0x0800a2a9   Thumb Code   100  deviceidsetattr.o(.text)
    Set_ResetAddr_Attr                       0x0800a30d   Thumb Code   236  deviceidsetattr.o(.text)
    ALinkClr                                 0x0800a411   Thumb Code    62  linksimplest.o(.text)
    ALinkInit                                0x0800a44f   Thumb Code    62  linksimplest.o(.text)
    ChkALinkIsExist                          0x0800a48d   Thumb Code    90  linksimplest.o(.text)
    GetALinkNum                              0x0800a4e7   Thumb Code    80  linksimplest.o(.text)
    QueryALink                               0x0800a537   Thumb Code    50  linksimplest.o(.text)
    CheckALinkFull                           0x0800a569   Thumb Code    18  linksimplest.o(.text)
    ReadALink                                0x0800a57b   Thumb Code    50  linksimplest.o(.text)
    WriteALink                               0x0800a5ad   Thumb Code   148  linksimplest.o(.text)
    DelALink                                 0x0800a641   Thumb Code   234  linksimplest.o(.text)
    AllALinkTimeClr                          0x0800a735   Thumb Code    42  linksimplesttime.o(.text)
    ALinkTimeInit                            0x0800a75f   Thumb Code    42  linksimplesttime.o(.text)
    QueryALinkTime                           0x0800a789   Thumb Code    50  linksimplesttime.o(.text)
    DelALinkTime                             0x0800a7bb   Thumb Code   234  linksimplesttime.o(.text)
    WriteALinkTime                           0x0800a8a5   Thumb Code   134  linksimplesttime.o(.text)
    ReadALinkTime                            0x0800a92b   Thumb Code    34  linksimplesttime.o(.text)
    AddALinkTimeCmdX1                        0x0800a94d   Thumb Code    74  linksimplesttime.o(.text)
    WriteALinkTimeToTable                    0x0800a997   Thumb Code    42  linksimplesttime.o(.text)
    DelALinkTimeFromTable                    0x0800a9c1   Thumb Code    12  linksimplesttime.o(.text)
    TransformTimePara                        0x0800a9d5   Thumb Code   198  timehandle.o(.text)
    CheckTimeParaIsZero                      0x0800ab1d   Thumb Code    18  timehandle.o(.text)
    CheckAllTimeParaIsOK                     0x0800ab6d   Thumb Code    40  timehandle.o(.text)
    __aeabi_memclr4                          0x0800ab95   Thumb Code     0  rt_memclr_w.o(.text)
    __aeabi_memclr8                          0x0800ab95   Thumb Code     0  rt_memclr_w.o(.text)
    __rt_memclr_w                            0x0800ab95   Thumb Code    78  rt_memclr_w.o(.text)
    _memset_w                                0x0800ab99   Thumb Code     0  rt_memclr_w.o(.text)
    __use_two_region_memory                  0x0800abe3   Thumb Code     2  heapauxi.o(.text)
    __rt_heap_escrow$2region                 0x0800abe5   Thumb Code     2  heapauxi.o(.text)
    __rt_heap_expand$2region                 0x0800abe7   Thumb Code     2  heapauxi.o(.text)
    __user_setup_stackheap                   0x0800abe9   Thumb Code    74  sys_stackheap_outer.o(.text)
    exit                                     0x0800ac33   Thumb Code    18  exit.o(.text)
    __user_libspace                          0x0800ac45   Thumb Code     8  libspace.o(.text)
    __user_perproc_libspace                  0x0800ac45   Thumb Code     0  libspace.o(.text)
    __user_perthread_libspace                0x0800ac45   Thumb Code     0  libspace.o(.text)
    _sys_exit                                0x0800ac4d   Thumb Code     8  sys_exit.o(.text)
    __I$use$semihosting                      0x0800ac59   Thumb Code     0  use_no_semi.o(.text)
    __use_no_semihosting_swi                 0x0800ac59   Thumb Code     2  use_no_semi.o(.text)
    __semihosting_library_function           0x0800ac5b   Thumb Code     0  indicate_semi.o(.text)
    ADC_Init                                 0x0800ac5d   Thumb Code   208  adc.o(i.ADC_Init)
    ADC_Read                                 0x0800ad5d   Thumb Code    60  adc.o(i.ADC_Read)
    ADC_ReadAverage                          0x0800ad9d   Thumb Code   100  adc.o(i.ADC_ReadAverage)
    ADC_TestPowerOFF                         0x0800ae05   Thumb Code    12  adc.o(i.ADC_TestPowerOFF)
    ADC_TestPowerON                          0x0800ae11   Thumb Code    12  adc.o(i.ADC_TestPowerON)
    Battery_GetPercent                       0x0800ae1d   Thumb Code   574  battery.o(i.Battery_GetPercent)
    Battery_GetVoltage                       0x0800b061   Thumb Code    60  battery.o(i.Battery_GetVoltage)
    Battery_Init                             0x0800b09d   Thumb Code    30  batteryexeattr.o(i.Battery_Init)
    DATA_EEPROM_Unlock                       0x0800b17d   Thumb Code    24  flash.o(i.DATA_EEPROM_Unlock)
    DecryptionFlash                          0x0800b1a1   Thumb Code    50  scene&group.o(i.DecryptionFlash)
    DeviceResetCheck_Init                    0x0800b1fb   Thumb Code     2  devicereset.o(i.DeviceResetCheck_Init)
    EXTI0_IRQHandler                         0x0800b1fd   Thumb Code     8  lowpower.o(i.EXTI0_IRQHandler)
    EXTI15_10_IRQHandler                     0x0800b209   Thumb Code    20  si4432.o(i.EXTI15_10_IRQHandler)
    Ex_NVIC_Config                           0x0800b229   Thumb Code   144  sys.o(i.Ex_NVIC_Config)
    FLASH_ErasePage                          0x0800b2c5   Thumb Code    86  flash.o(i.FLASH_ErasePage)
    FlashEncryptionInit                      0x0800b321   Thumb Code   110  program.o(i.FlashEncryptionInit)
    Flash_ChipSize                           0x0800b3a9   Thumb Code     6  program.o(i.Flash_ChipSize)
    Flash_DefaultValue                       0x0800b3b5   Thumb Code     4  program.o(i.Flash_DefaultValue)
    Flash_Unlock                             0x0800b40d   Thumb Code    30  flash.o(i.Flash_Unlock)
    Flash_Write                              0x0800b439   Thumb Code    58  flash.o(i.Flash_Write)
    Flash_lock                               0x0800b475   Thumb Code    14  flash.o(i.Flash_lock)
    GPIOx_AF                                 0x0800b489   Thumb Code    92  gpio.o(i.GPIOx_AF)
    GPIOx_Cfg                                0x0800b4e9   Thumb Code   144  gpio.o(i.GPIOx_Cfg)
    GPIOx_Get                                0x0800b581   Thumb Code    14  gpio.o(i.GPIOx_Get)
    GPIOx_Rst                                0x0800b595   Thumb Code    14  gpio.o(i.GPIOx_Rst)
    GPIOx_Set                                0x0800b5a9   Thumb Code    20  gpio.o(i.GPIOx_Set)
    GetRSSIPara                              0x0800b5c1   Thumb Code     4  si4432.o(i.GetRSSIPara)
    GetThresholdPara                         0x0800b5c9   Thumb Code     6  si4432.o(i.GetThresholdPara)
    Get_PowerPercent_Attr                    0x0800b5d5   Thumb Code    26  batteryexeattr.o(i.Get_PowerPercent_Attr)
    Get_SysClk_FrqAndSrc                     0x0800b5f9   Thumb Code   204  system_stm32l1xx.o(i.Get_SysClk_FrqAndSrc)
    Get_TouchKey_Attr                        0x0800b6d9   Thumb Code    20  keyexeattr.o(i.Get_TouchKey_Attr)
    Get_UniqueDeviceID                       0x0800b6f1   Thumb Code    20  program.o(i.Get_UniqueDeviceID)
    HardID_Change                            0x0800b709   Thumb Code    96  syshard.o(i.HardID_Change)
    HardID_Check                             0x0800b779   Thumb Code   122  syshard.o(i.HardID_Check)
    HardWDGTest_Attr                         0x0800b805   Thumb Code     6  wdg.o(i.HardWDGTest_Attr)
    I2C_Init                                 0x0800b84f   Thumb Code    22  i2c.o(i.I2C_Init)
    IF6002_UnitAttrNum                       0x0800ba31   Thumb Code     4  keyexeattr.o(i.IF6002_UnitAttrNum)
    IIC_GetState                             0x0800ba35   Thumb Code    40  i2c.o(i.IIC_GetState)
    IIC_Read                                 0x0800ba5d   Thumb Code   102  i2c.o(i.IIC_Read)
    IIC_Write                                0x0800bac3   Thumb Code    80  i2c.o(i.IIC_Write)
    IIC_WriteSame                            0x0800bb13   Thumb Code    78  i2c.o(i.IIC_WriteSame)
    Instruct                                 0x0800bb61   Thumb Code     2  instruct.o(i.Instruct)
    Instruct_Init                            0x0800bb63   Thumb Code     2  instruct.o(i.Instruct_Init)
    Instruct_Run                             0x0800bb65   Thumb Code     2  instruct.o(i.Instruct_Run)
    JumpToCode                               0x0800bb69   Thumb Code    30  sys.o(i.JumpToCode)
    KeyChecking_Attr                         0x0800bb8d   Thumb Code    22  keyexeattr.o(i.KeyChecking_Attr)
    KeyEepromInit                            0x0800bba9   Thumb Code     4  keyexeattr.o(i.KeyEepromInit)
    KeyInit                                  0x0800bbad   Thumb Code    38  keyexeattr.o(i.KeyInit)
    Key_Handle                               0x0800bbdd   Thumb Code   146  key.o(i.Key_Handle)
    Key_Scan                                 0x0800bc7d   Thumb Code   252  key.o(i.Key_Scan)
    LowPower_CheckTime                       0x0800bd8d   Thumb Code    30  lowpower.o(i.LowPower_CheckTime)
    MY_NVIC_Init                             0x0800bdb1   Thumb Code    68  sys.o(i.MY_NVIC_Init)
    MY_NVIC_PriorityGroupConfig              0x0800bdf9   Thumb Code    32  sys.o(i.MY_NVIC_PriorityGroupConfig)
    Program_Erase                            0x0800be21   Thumb Code    62  program.o(i.Program_Erase)
    Program_Read                             0x0800be65   Thumb Code    22  program.o(i.Program_Read)
    Program_Write                            0x0800be7b   Thumb Code    48  program.o(i.Program_Write)
    Program_WriteEx                          0x0800bead   Thumb Code   232  program.o(i.Program_WriteEx)
    SPI2_Init                                0x0800c1ed   Thumb Code   138  spi.o(i.SPI2_Init)
    SPI2_Port_Init                           0x0800c281   Thumb Code    28  spi.o(i.SPI2_Port_Init)
    SPI2_ReadWriteByte                       0x0800c29d   Thumb Code    86  spi.o(i.SPI2_ReadWriteByte)
    SPI2_SetSpeed                            0x0800c2f9   Thumb Code    38  spi.o(i.SPI2_SetSpeed)
    SetRecTestStatus                         0x0800c3c1   Thumb Code    14  si4432.o(i.SetRecTestStatus)
    ShakeMotor_Init                          0x0800c5f9   Thumb Code    22  shakemotor.o(i.ShakeMotor_Init)
    ShakeMotor_Start                         0x0800c60f   Thumb Code    12  shakemotor.o(i.ShakeMotor_Start)
    ShakeMotor_Stop                          0x0800c61b   Thumb Code    12  shakemotor.o(i.ShakeMotor_Stop)
    Si4432_Idle                              0x0800c63d   Thumb Code    70  si4432.o(i.Si4432_Idle)
    Si4432_Init                              0x0800c689   Thumb Code   692  si4432.o(i.Si4432_Init)
    Si4432_Send                              0x0800c9c1   Thumb Code    72  si4432.o(i.Si4432_Send)
    StandbyCountReset                        0x0800cbcd   Thumb Code     8  lowpower.o(i.StandbyCountReset)
    SysHard_Init                             0x0800cc89   Thumb Code    24  syshard.o(i.SysHard_Init)
    SysTick_Handler                          0x0800cca1   Thumb Code    34  systick.o(i.SysTick_Handler)
    SysTick_Init                             0x0800cccd   Thumb Code    66  systick.o(i.SysTick_Init)
    SystemInit                               0x0800cd15   Thumb Code    88  system_stm32l1xx.o(i.SystemInit)
    Test_Init                                0x0800cd81   Thumb Code    30  test.o(i.Test_Init)
    Time_Get                                 0x0800cda5   Thumb Code     6  systick.o(i.Time_Get)
    UART_Init                                0x0800cdb1   Thumb Code   162  usart.o(i.UART_Init)
    UART_Send                                0x0800ce61   Thumb Code    44  usart.o(i.UART_Send)
    UART_Write                               0x0800ce8d   Thumb Code    48  usart.o(i.UART_Write)
    USART1_IRQHandler                        0x0800cec1   Thumb Code    28  usart.o(i.USART1_IRQHandler)
    UnitCnt_Get                              0x0800cee5   Thumb Code     4  unitcfg.o(i.UnitCnt_Get)
    Unit_Init                                0x0800cee9   Thumb Code    52  unitcfg.o(i.Unit_Init)
    UpdateRandomTime                         0x0800cf25   Thumb Code    10  systick.o(i.UpdateRandomTime)
    WDG_Feed                                 0x0800cf39   Thumb Code     2  wdg.o(i.WDG_Feed)
    WDG_FeedOFF                              0x0800cf3b   Thumb Code     2  wdg.o(i.WDG_FeedOFF)
    WDG_Init                                 0x0800cf3d   Thumb Code     2  wdg.o(i.WDG_Init)
    WTC6106_ReadKey                          0x0800cf41   Thumb Code    10  wtc6106.o(i.WTC6106_ReadKey)
    main                                     0x0800cf51   Thumb Code    62  main.o(i.main)
    __aeabi_dadd                             0x0800cfa1   Thumb Code     0  daddsub_clz.o(x$fpl$dadd)
    _dadd                                    0x0800cfa1   Thumb Code   332  daddsub_clz.o(x$fpl$dadd)
    __aeabi_d2uiz                            0x0800d0f1   Thumb Code     0  dfixu.o(x$fpl$dfixu)
    _dfixu                                   0x0800d0f1   Thumb Code    90  dfixu.o(x$fpl$dfixu)
    __aeabi_i2d                              0x0800d14b   Thumb Code     0  dflt_clz.o(x$fpl$dflt)
    _dflt                                    0x0800d14b   Thumb Code    46  dflt_clz.o(x$fpl$dflt)
    __aeabi_ui2d                             0x0800d179   Thumb Code     0  dflt_clz.o(x$fpl$dfltu)
    _dfltu                                   0x0800d179   Thumb Code    38  dflt_clz.o(x$fpl$dfltu)
    __aeabi_dmul                             0x0800d1a1   Thumb Code     0  dmul.o(x$fpl$dmul)
    _dmul                                    0x0800d1a1   Thumb Code   332  dmul.o(x$fpl$dmul)
    __fpl_dnaninf                            0x0800d2f5   Thumb Code   156  dnaninf.o(x$fpl$dnaninf)
    __fpl_dretinf                            0x0800d391   Thumb Code    12  dretinf.o(x$fpl$dretinf)
    __aeabi_dsub                             0x0800d39d   Thumb Code     0  daddsub_clz.o(x$fpl$dsub)
    _dsub                                    0x0800d39d   Thumb Code   464  daddsub_clz.o(x$fpl$dsub)
    __I$use$fp                               0x0800d570   Number         0  usenofp.o(x$fpl$usenofp)
    Si4432Cfg_Tab                            0x0800d578   Data          21  si4432.o(.constdata)
    VoltageTab                               0x0800d596   Data          22  battery.o(.constdata)
    UnitTab                                  0x0800d5ac   Data          40  unitcfg.o(.constdata)
    KeyAttrTab                               0x0800d5d4   Data         140  keyexeattr.o(.constdata)
    HeadCMD                                  0x0800d660   Data           6  command.o(.constdata)
    TailCMD                                  0x0800d666   Data           6  command.o(.constdata)
    SysAttrTable                             0x0800d66c   Data         740  sysexeattr.o(.constdata)
    ShiftBit                                 0x0800d950   Data           4  dataencrypt.o(.constdata)
    DerictShift                              0x0800d954   Data           4  dataencrypt.o(.constdata)
    EncodeX                                  0x0800d958   Data           4  dataencrypt.o(.constdata)
    EncodeY                                  0x0800d95c   Data           4  dataencrypt.o(.constdata)
    DevPivotalSet                            0x0800d960   Data          72  devparttab.o(.constdata)
    CRCTable                                 0x0800d9a8   Data         512  crc.o(.constdata)
    Region$$Table$$Base                      0x0800dba8   Number         0  anon$$obj.o(Region$$Table)
    Region$$Table$$Limit                     0x0800dbc8   Number         0  anon$$obj.o(Region$$Table)
    PLLMulTable                              0x20000000   Data           9  system_stm32l1xx.o(.data)
    AHBPrescTable                            0x20000009   Data          16  system_stm32l1xx.o(.data)
    TestRecFlag                              0x2000001f   Data           1  si4432.o(.data)
    Test                                     0x2000003c   Data           4  test.o(.data)
    gPowerPercent                            0x20000040   Data           1  battery.o(.data)
    ADC_GetFlag                              0x20000041   Data           1  batteryexeattr.o(.data)
    KeyCh                                    0x20000044   Data           7  key.o(.data)
    UPDATA_LEVEL                             0x20000058   Data           1  updata.o(.data)
    UpgradeAim                               0x20000059   Data           1  updata.o(.data)
    UpgradePre                               0x2000005c   Data         264  updata.o(.data)
    DelayID                                  0x2000017c   Data           4  object.o(.data)
    Sign433_State                            0x20000181   Data           1  sign433.o(.data)
    TestRecRSSI                              0x20000184   Data         100  si4432.o(.bss)
    gUnitData                                0x200001e8   Data          20  unitcfg.o(.bss)
    rcv433fifo                               0x200001fc   Data          16  cmdprocess.o(.bss)
    send433fifo                              0x2000020c   Data          16  cmdprocess.o(.bss)
    rcvBuf                                   0x2000021c   Data        1024  cmdprocess.o(.bss)
    rcv_433                                  0x20000a1c   Data         272  cmdprocess.o(.bss)
    send_433                                 0x20000b2c   Data         272  cmdprocess.o(.bss)
    rcv433_shortfifo                         0x20000c3c   Data          16  cmdprocess.o(.bss)
    send433_shortfifo                        0x20000c4c   Data          16  cmdprocess.o(.bss)
    rcvshortBuf                              0x20000c5c   Data         128  cmdprocess.o(.bss)
    rcv_433short                             0x20000d5c   Data         272  cmdprocess.o(.bss)
    send_433short                            0x20000e6c   Data         272  cmdprocess.o(.bss)
    propfifo                                 0x20000f7c   Data          16  linkscanfifo.o(.bss)
    propbuf                                  0x20000f8c   Data         128  linkscanfifo.o(.bss)
    IAP_FLAG                                 0x20001150   Data          16  updata.o(.bss)
    bootflag                                 0x20001160   Data          12  updata.o(.bss)
    RADIO_PARA                               0x2000116c   Data          16  updata.o(.bss)
    gSysData                                 0x2000129c   Data          31  userdata.o(.bss)
    UserDownload                             0x2000161c   Data         140  userdatadownload.o(.bss)
    gSign433Comm                             0x200016a8   Data          12  sign433.o(.bss)
    ALink                                    0x200016b4   Data        1651  linksimplest.o(.bss)
    ALinkTime                                0x20001d27   Data         351  linksimplesttime.o(.bss)
    __libspace_start                         0x20001e88   Data          96  libspace.o(.bss)
    __temporary_stack_top$libspace           0x20001ee8   Data           0  libspace.o(.bss)



==============================================================================

Memory Map of the image

  Image Entry point : 0x080054f5

  Load Region LR_IROM1 (Base: 0x08005400, Size: 0x0000894c, Max: 0x00010000, ABSOLUTE, COMPRESSED[0x000087f0])

    Execution Region ER_IROM1 (Base: 0x08005400, Size: 0x000087c8, Max: 0x00010000, ABSOLUTE)

    Base Addr    Size         Type   Attr      Idx    E Section Name        Object

    0x08005400   0x000000f4   Data   RO           69    RESET               startup_stm32l1xx_md.o
    0x080054f4   0x00000008   Code   RO         2220  * !!!main             c_w.l(__main.o)
    0x080054fc   0x00000034   Code   RO         2402    !!!scatter          c_w.l(__scatter.o)
    0x08005530   0x0000003a   Code   RO         2400    !!dczerorl          c_w.l(__dczerorl.o)
    0x0800556a   0x00000002   PAD
    0x0800556c   0x0000001c   Code   RO         2404    !!handler_zi        c_w.l(__scatter_zi.o)
    0x08005588   0x00000002   Code   RO         2270    .ARM.Collect$$libinit$$00000000  c_w.l(libinit.o)
    0x0800558a   0x00000000   Code   RO         2277    .ARM.Collect$$libinit$$00000002  c_w.l(libinit2.o)
    0x0800558a   0x00000000   Code   RO         2279    .ARM.Collect$$libinit$$00000004  c_w.l(libinit2.o)
    0x0800558a   0x00000000   Code   RO         2282    .ARM.Collect$$libinit$$0000000A  c_w.l(libinit2.o)
    0x0800558a   0x00000000   Code   RO         2284    .ARM.Collect$$libinit$$0000000C  c_w.l(libinit2.o)
    0x0800558a   0x00000000   Code   RO         2286    .ARM.Collect$$libinit$$0000000E  c_w.l(libinit2.o)
    0x0800558a   0x00000000   Code   RO         2289    .ARM.Collect$$libinit$$00000011  c_w.l(libinit2.o)
    0x0800558a   0x00000000   Code   RO         2291    .ARM.Collect$$libinit$$00000013  c_w.l(libinit2.o)
    0x0800558a   0x00000000   Code   RO         2293    .ARM.Collect$$libinit$$00000015  c_w.l(libinit2.o)
    0x0800558a   0x00000000   Code   RO         2295    .ARM.Collect$$libinit$$00000017  c_w.l(libinit2.o)
    0x0800558a   0x00000000   Code   RO         2297    .ARM.Collect$$libinit$$00000019  c_w.l(libinit2.o)
    0x0800558a   0x00000000   Code   RO         2299    .ARM.Collect$$libinit$$0000001B  c_w.l(libinit2.o)
    0x0800558a   0x00000000   Code   RO         2301    .ARM.Collect$$libinit$$0000001D  c_w.l(libinit2.o)
    0x0800558a   0x00000000   Code   RO         2303    .ARM.Collect$$libinit$$0000001F  c_w.l(libinit2.o)
    0x0800558a   0x00000000   Code   RO         2305    .ARM.Collect$$libinit$$00000021  c_w.l(libinit2.o)
    0x0800558a   0x00000000   Code   RO         2307    .ARM.Collect$$libinit$$00000023  c_w.l(libinit2.o)
    0x0800558a   0x00000000   Code   RO         2309    .ARM.Collect$$libinit$$00000025  c_w.l(libinit2.o)
    0x0800558a   0x00000000   Code   RO         2313    .ARM.Collect$$libinit$$0000002C  c_w.l(libinit2.o)
    0x0800558a   0x00000000   Code   RO         2315    .ARM.Collect$$libinit$$0000002E  c_w.l(libinit2.o)
    0x0800558a   0x00000000   Code   RO         2317    .ARM.Collect$$libinit$$00000030  c_w.l(libinit2.o)
    0x0800558a   0x00000000   Code   RO         2319    .ARM.Collect$$libinit$$00000032  c_w.l(libinit2.o)
    0x0800558a   0x00000002   Code   RO         2320    .ARM.Collect$$libinit$$00000033  c_w.l(libinit2.o)
    0x0800558c   0x00000002   Code   RO         2340    .ARM.Collect$$libshutdown$$00000000  c_w.l(libshutdown.o)
    0x0800558e   0x00000000   Code   RO         2353    .ARM.Collect$$libshutdown$$00000002  c_w.l(libshutdown2.o)
    0x0800558e   0x00000000   Code   RO         2355    .ARM.Collect$$libshutdown$$00000004  c_w.l(libshutdown2.o)
    0x0800558e   0x00000000   Code   RO         2358    .ARM.Collect$$libshutdown$$00000007  c_w.l(libshutdown2.o)
    0x0800558e   0x00000000   Code   RO         2361    .ARM.Collect$$libshutdown$$0000000A  c_w.l(libshutdown2.o)
    0x0800558e   0x00000000   Code   RO         2363    .ARM.Collect$$libshutdown$$0000000C  c_w.l(libshutdown2.o)
    0x0800558e   0x00000000   Code   RO         2366    .ARM.Collect$$libshutdown$$0000000F  c_w.l(libshutdown2.o)
    0x0800558e   0x00000002   Code   RO         2367    .ARM.Collect$$libshutdown$$00000010  c_w.l(libshutdown2.o)
    0x08005590   0x00000000   Code   RO         2240    .ARM.Collect$$rtentry$$00000000  c_w.l(__rtentry.o)
    0x08005590   0x00000000   Code   RO         2247    .ARM.Collect$$rtentry$$00000002  c_w.l(__rtentry2.o)
    0x08005590   0x00000006   Code   RO         2259    .ARM.Collect$$rtentry$$00000004  c_w.l(__rtentry4.o)
    0x08005596   0x00000000   Code   RO         2249    .ARM.Collect$$rtentry$$00000009  c_w.l(__rtentry2.o)
    0x08005596   0x00000004   Code   RO         2250    .ARM.Collect$$rtentry$$0000000A  c_w.l(__rtentry2.o)
    0x0800559a   0x00000000   Code   RO         2252    .ARM.Collect$$rtentry$$0000000C  c_w.l(__rtentry2.o)
    0x0800559a   0x00000008   Code   RO         2253    .ARM.Collect$$rtentry$$0000000D  c_w.l(__rtentry2.o)
    0x080055a2   0x00000002   Code   RO         2274    .ARM.Collect$$rtexit$$00000000  c_w.l(rtexit.o)
    0x080055a4   0x00000000   Code   RO         2322    .ARM.Collect$$rtexit$$00000002  c_w.l(rtexit2.o)
    0x080055a4   0x00000004   Code   RO         2323    .ARM.Collect$$rtexit$$00000003  c_w.l(rtexit2.o)
    0x080055a8   0x00000006   Code   RO         2324    .ARM.Collect$$rtexit$$00000004  c_w.l(rtexit2.o)
    0x080055ae   0x00000002   PAD
    0x080055b0   0x00000022   Code   RO          639    .emb_text           sys.o
    0x080055d2   0x00000002   PAD
    0x080055d4   0x0000003c   Code   RO           70    .text               startup_stm32l1xx_md.o
    0x08005610   0x0000034c   Code   RO         1391    .text               BestFu_STM32L15X_L10200.lib(cmdprocess.o)
    0x0800595c   0x0000032c   Code   RO         1468    .text               BestFu_STM32L15X_L10200.lib(command.o)
    0x08005c88   0x00000034   Code   RO         1491    .text               BestFu_STM32L15X_L10200.lib(delay.o)
    0x08005cbc   0x00000050   Code   RO         1538    .text               BestFu_STM32L15X_L10200.lib(faultmanage.o)
    0x08005d0c   0x00000296   Code   RO         1559    .text               BestFu_STM32L15X_L10200.lib(fifo.o)
    0x08005fa2   0x00000002   PAD
    0x08005fa4   0x000000a0   Code   RO         1571    .text               BestFu_STM32L15X_L10200.lib(linkscanfifo.o)
    0x08006044   0x00000a9c   Code   RO         1614    .text               BestFu_STM32L15X_L10200.lib(sysexeattr.o)
    0x08006ae0   0x0000032c   Code   RO         1663    .text               BestFu_STM32L15X_L10200.lib(thread.o)
    0x08006e0c   0x00000318   Code   RO         1679    .text               BestFu_STM32L15X_L10200.lib(updata.o)
    0x08007124   0x0000024c   Code   RO         1707    .text               BestFu_STM32L15X_L10200.lib(upload.o)
    0x08007370   0x00000c2c   Code   RO         1728    .text               BestFu_STM32L15X_L10200.lib(userdata.o)
    0x08007f9c   0x000001a8   Code   RO         1766    .text               BestFu_STM32L15X_L10200.lib(sign433attr.o)
    0x08008144   0x000003bc   Code   RO         1803    .text               BestFu_STM32L15X_L10200.lib(dataencrypt.o)
    0x08008500   0x000000b0   Code   RO         1833    .text               BestFu_STM32L15X_L10200.lib(devparttab.o)
    0x080085b0   0x00000100   Code   RO         1858    .text               BestFu_STM32L15X_L10200.lib(bestfulib.o)
    0x080086b0   0x00000070   Code   RO         1870    .text               BestFu_STM32L15X_L10200.lib(crc.o)
    0x08008720   0x00000166   Code   RO         1887    .text               BestFu_STM32L15X_L10200.lib(eeprom.o)
    0x08008886   0x00000002   PAD
    0x08008888   0x00000230   Code   RO         1913    .text               BestFu_STM32L15X_L10200.lib(flashattr.o)
    0x08008ab8   0x000002d0   Code   RO         1931    .text               BestFu_STM32L15X_L10200.lib(linksrc.o)
    0x08008d88   0x00000510   Code   RO         1943    .text               BestFu_STM32L15X_L10200.lib(linkwrdc.o)
    0x08009298   0x00000190   Code   RO         1962    .text               BestFu_STM32L15X_L10200.lib(msgpackage.o)
    0x08009428   0x00000658   Code   RO         1976    .text               BestFu_STM32L15X_L10200.lib(object.o)
    0x08009a80   0x000002c0   Code   RO         2014    .text               BestFu_STM32L15X_L10200.lib(scene&group.o)
    0x08009d40   0x00000064   Code   RO         2045    .text               BestFu_STM32L15X_L10200.lib(systestattr.o)
    0x08009da4   0x0000029c   Code   RO         2071    .text               BestFu_STM32L15X_L10200.lib(unitshare_attr.o)
    0x0800a040   0x000001b0   Code   RO         2085    .text               BestFu_STM32L15X_L10200.lib(userdatadownload.o)
    0x0800a1f0   0x000000b8   Code   RO         2109    .text               BestFu_STM32L15X_L10200.lib(sign433.o)
    0x0800a2a8   0x00000168   Code   RO         2131    .text               BestFu_STM32L15X_L10200.lib(deviceidsetattr.o)
    0x0800a410   0x00000324   Code   RO         2156    .text               BestFu_STM32L15X_L10200.lib(linksimplest.o)
    0x0800a734   0x000002a0   Code   RO         2180    .text               BestFu_STM32L15X_L10200.lib(linksimplesttime.o)
    0x0800a9d4   0x000001c0   Code   RO         2202    .text               BestFu_STM32L15X_L10200.lib(timehandle.o)
    0x0800ab94   0x0000004e   Code   RO         2216    .text               c_w.l(rt_memclr_w.o)
    0x0800abe2   0x00000006   Code   RO         2218    .text               c_w.l(heapauxi.o)
    0x0800abe8   0x0000004a   Code   RO         2261    .text               c_w.l(sys_stackheap_outer.o)
    0x0800ac32   0x00000012   Code   RO         2263    .text               c_w.l(exit.o)
    0x0800ac44   0x00000008   Code   RO         2271    .text               c_w.l(libspace.o)
    0x0800ac4c   0x0000000c   Code   RO         2332    .text               c_w.l(sys_exit.o)
    0x0800ac58   0x00000002   Code   RO         2343    .text               c_w.l(use_no_semi.o)
    0x0800ac5a   0x00000000   Code   RO         2345    .text               c_w.l(indicate_semi.o)
    0x0800ac5a   0x00000002   PAD
    0x0800ac5c   0x000000e0   Code   RO          912    i.ADC_Init          adc.o
    0x0800ad3c   0x00000020   Code   RO          913    i.ADC_PortInit      adc.o
    0x0800ad5c   0x00000040   Code   RO          914    i.ADC_Read          adc.o
    0x0800ad9c   0x00000068   Code   RO          915    i.ADC_ReadAverage   adc.o
    0x0800ae04   0x0000000c   Code   RO          916    i.ADC_TestPowerOFF  adc.o
    0x0800ae10   0x0000000c   Code   RO          917    i.ADC_TestPowerON   adc.o
    0x0800ae1c   0x00000244   Code   RO          964    i.Battery_GetPercent  battery.o
    0x0800b060   0x0000003c   Code   RO          965    i.Battery_GetVoltage  battery.o
    0x0800b09c   0x00000028   Code   RO         1001    i.Battery_Init      batteryexeattr.o
    0x0800b0c4   0x000000b8   Code   RO          436    i.Check_433M_Busy   si4432.o
    0x0800b17c   0x00000024   Code   RO          129    i.DATA_EEPROM_Unlock  flash.o
    0x0800b1a0   0x00000040   Code   RO         2029    i.DecryptionFlash   BestFu_STM32L15X_L10200.lib(scene&group.o)
    0x0800b1e0   0x0000001a   Code   RO          237    i.Delay_nNOP        i2c.o
    0x0800b1fa   0x00000002   Code   RO           76    i.DeviceResetCheck_Init  devicereset.o
    0x0800b1fc   0x0000000c   Code   RO         1057    i.EXTI0_IRQHandler  lowpower.o
    0x0800b208   0x00000020   Code   RO          437    i.EXTI15_10_IRQHandler  si4432.o
    0x0800b228   0x0000009c   Code   RO          640    i.Ex_NVIC_Config    sys.o
    0x0800b2c4   0x0000005c   Code   RO          130    i.FLASH_ErasePage   flash.o
    0x0800b320   0x00000088   Code   RO          354    i.FlashEncryptionInit  program.o
    0x0800b3a8   0x0000000c   Code   RO          355    i.Flash_ChipSize    program.o
    0x0800b3b4   0x00000004   Code   RO          356    i.Flash_DefaultValue  program.o
    0x0800b3b8   0x0000001c   Code   RO          131    i.Flash_EOP         flash.o
    0x0800b3d4   0x00000038   Code   RO          132    i.Flash_Status      flash.o
    0x0800b40c   0x0000002c   Code   RO          133    i.Flash_Unlock      flash.o
    0x0800b438   0x0000003a   Code   RO          134    i.Flash_Write       flash.o
    0x0800b472   0x00000002   PAD
    0x0800b474   0x00000014   Code   RO          135    i.Flash_lock        flash.o
    0x0800b488   0x00000060   Code   RO          187    i.GPIOx_AF          gpio.o
    0x0800b4e8   0x00000098   Code   RO          188    i.GPIOx_Cfg         gpio.o
    0x0800b580   0x00000014   Code   RO          189    i.GPIOx_Get         gpio.o
    0x0800b594   0x00000014   Code   RO          190    i.GPIOx_Rst         gpio.o
    0x0800b5a8   0x00000018   Code   RO          192    i.GPIOx_Set         gpio.o
    0x0800b5c0   0x00000008   Code   RO          438    i.GetRSSIPara       si4432.o
    0x0800b5c8   0x0000000c   Code   RO          439    i.GetThresholdPara  si4432.o
    0x0800b5d4   0x00000024   Code   RO         1003    i.Get_PowerPercent_Attr  batteryexeattr.o
    0x0800b5f8   0x000000e0   Code   RO            3    i.Get_SysClk_FrqAndSrc  system_stm32l1xx.o
    0x0800b6d8   0x00000018   Code   RO         1345    i.Get_TouchKey_Attr  keyexeattr.o
    0x0800b6f0   0x00000018   Code   RO          358    i.Get_UniqueDeviceID  program.o
    0x0800b708   0x00000070   Code   RO          720    i.HardID_Change     syshard.o
    0x0800b778   0x0000008c   Code   RO          721    i.HardID_Check      syshard.o
    0x0800b804   0x00000006   Code   RO          871    i.HardWDGTest_Attr  wdg.o
    0x0800b80a   0x00000044   Code   RO          238    i.I2C_ACK           i2c.o
    0x0800b84e   0x00000016   Code   RO          239    i.I2C_Init          i2c.o
    0x0800b864   0x00000088   Code   RO          240    i.I2C_RecvB_Ack     i2c.o
    0x0800b8ec   0x00000062   Code   RO          241    i.I2C_SendB_Ack     i2c.o
    0x0800b94e   0x00000030   Code   RO          242    i.I2C_Start         i2c.o
    0x0800b97e   0x0000002e   Code   RO          243    i.I2C_Stop          i2c.o
    0x0800b9ac   0x00000084   Code   RO          244    i.I2C_WaitAck       i2c.o
    0x0800ba30   0x00000004   Code   RO         1346    i.IF6002_UnitAttrNum  keyexeattr.o
    0x0800ba34   0x00000028   Code   RO          245    i.IIC_GetState      i2c.o
    0x0800ba5c   0x00000066   Code   RO          246    i.IIC_Read          i2c.o
    0x0800bac2   0x00000050   Code   RO          247    i.IIC_Write         i2c.o
    0x0800bb12   0x0000004e   Code   RO          248    i.IIC_WriteSame     i2c.o
    0x0800bb60   0x00000002   Code   RO          319    i.Instruct          instruct.o
    0x0800bb62   0x00000002   Code   RO          320    i.Instruct_Init     instruct.o
    0x0800bb64   0x00000002   Code   RO          321    i.Instruct_Run      instruct.o
    0x0800bb66   0x00000002   PAD
    0x0800bb68   0x00000024   Code   RO          642    i.JumpToCode        sys.o
    0x0800bb8c   0x0000001c   Code   RO         1347    i.KeyChecking_Attr  keyexeattr.o
    0x0800bba8   0x00000004   Code   RO         1348    i.KeyEepromInit     keyexeattr.o
    0x0800bbac   0x00000030   Code   RO         1349    i.KeyInit           keyexeattr.o
    0x0800bbdc   0x000000a0   Code   RO         1284    i.Key_Handle        key.o
    0x0800bc7c   0x00000110   Code   RO         1286    i.Key_Scan          key.o
    0x0800bd8c   0x00000024   Code   RO         1058    i.LowPower_CheckTime  lowpower.o
    0x0800bdb0   0x00000048   Code   RO          644    i.MY_NVIC_Init      sys.o
    0x0800bdf8   0x00000028   Code   RO          645    i.MY_NVIC_PriorityGroupConfig  sys.o
    0x0800be20   0x00000044   Code   RO          359    i.Program_Erase     program.o
    0x0800be64   0x00000016   Code   RO          360    i.Program_Read      program.o
    0x0800be7a   0x00000030   Code   RO          361    i.Program_Write     program.o
    0x0800beaa   0x00000002   PAD
    0x0800beac   0x000000ec   Code   RO          362    i.Program_WriteEx   program.o
    0x0800bf98   0x000001a4   Code   RO          440    i.RecDataToFifo     si4432.o
    0x0800c13c   0x0000000c   Code   RO          441    i.SI4432_SendEn     si4432.o
    0x0800c148   0x000000a2   Code   RO          442    i.SI4432_Send_All_Data  si4432.o
    0x0800c1ea   0x00000002   PAD
    0x0800c1ec   0x00000094   Code   RO          595    i.SPI2_Init         spi.o
    0x0800c280   0x0000001c   Code   RO          596    i.SPI2_Port_Init    spi.o
    0x0800c29c   0x0000005c   Code   RO          597    i.SPI2_ReadWriteByte  spi.o
    0x0800c2f8   0x0000002c   Code   RO          598    i.SPI2_SetSpeed     spi.o
    0x0800c324   0x0000002c   Code   RO          443    i.SPI_RW_Reg        si4432.o
    0x0800c350   0x00000054   Code   RO          444    i.SetMode_RX        si4432.o
    0x0800c3a4   0x0000001c   Code   RO          445    i.SetMode_TX        si4432.o
    0x0800c3c0   0x00000014   Code   RO          446    i.SetRecTestStatus  si4432.o
    0x0800c3d4   0x00000224   Code   RO            4    i.SetSysClock       system_stm32l1xx.o
    0x0800c5f8   0x00000016   Code   RO         1238    i.ShakeMotor_Init   shakemotor.o
    0x0800c60e   0x0000000c   Code   RO         1240    i.ShakeMotor_Start  shakemotor.o
    0x0800c61a   0x0000000c   Code   RO         1241    i.ShakeMotor_Stop   shakemotor.o
    0x0800c626   0x00000002   PAD
    0x0800c628   0x00000014   Code   RO          447    i.Si4432_Fault      si4432.o
    0x0800c63c   0x0000004c   Code   RO          448    i.Si4432_Idle       si4432.o
    0x0800c688   0x000002c4   Code   RO          449    i.Si4432_Init       si4432.o
    0x0800c94c   0x00000074   Code   RO          450    i.Si4432_PortInit   si4432.o
    0x0800c9c0   0x00000050   Code   RO          451    i.Si4432_Send       si4432.o
    0x0800ca10   0x0000013c   Code   RO          452    i.Si4432_Threshold  si4432.o
    0x0800cb4c   0x00000080   Code   RO          453    i.Sign433Data_Process  si4432.o
    0x0800cbcc   0x0000000c   Code   RO         1059    i.StandbyCountReset  lowpower.o
    0x0800cbd8   0x000000b0   Code   RO         1060    i.Standby_Mode      lowpower.o
    0x0800cc88   0x00000018   Code   RO          722    i.SysHard_Init      syshard.o
    0x0800cca0   0x0000002c   Code   RO          756    i.SysTick_Handler   systick.o
    0x0800cccc   0x00000048   Code   RO          757    i.SysTick_Init      systick.o
    0x0800cd14   0x0000006c   Code   RO            5    i.SystemInit        system_stm32l1xx.o
    0x0800cd80   0x00000024   Code   RO          801    i.Test_Init         test.o
    0x0800cda4   0x0000000c   Code   RO          758    i.Time_Get          systick.o
    0x0800cdb0   0x000000b0   Code   RO          830    i.UART_Init         usart.o
    0x0800ce60   0x0000002c   Code   RO          831    i.UART_Send         usart.o
    0x0800ce8c   0x00000034   Code   RO          832    i.UART_Write        usart.o
    0x0800cec0   0x00000024   Code   RO          833    i.USART1_IRQHandler  usart.o
    0x0800cee4   0x00000004   Code   RO         1142    i.UnitCnt_Get       unitcfg.o
    0x0800cee8   0x0000003c   Code   RO         1143    i.Unit_Init         unitcfg.o
    0x0800cf24   0x00000014   Code   RO          759    i.UpdateRandomTime  systick.o
    0x0800cf38   0x00000002   Code   RO          872    i.WDG_Feed          wdg.o
    0x0800cf3a   0x00000002   Code   RO          873    i.WDG_FeedOFF       wdg.o
    0x0800cf3c   0x00000002   Code   RO          874    i.WDG_Init          wdg.o
    0x0800cf3e   0x00000002   PAD
    0x0800cf40   0x00000010   Code   RO         1210    i.WTC6106_ReadKey   wtc6106.o
    0x0800cf50   0x00000050   Code   RO         1120    i.main              main.o
    0x0800cfa0   0x00000150   Code   RO         2222    x$fpl$dadd          fz_ws.l(daddsub_clz.o)
    0x0800d0f0   0x0000005a   Code   RO         2228    x$fpl$dfixu         fz_ws.l(dfixu.o)
    0x0800d14a   0x0000002e   Code   RO         2233    x$fpl$dflt          fz_ws.l(dflt_clz.o)
    0x0800d178   0x00000026   Code   RO         2232    x$fpl$dfltu         fz_ws.l(dflt_clz.o)
    0x0800d19e   0x00000002   PAD
    0x0800d1a0   0x00000154   Code   RO         2238    x$fpl$dmul          fz_ws.l(dmul.o)
    0x0800d2f4   0x0000009c   Code   RO         2241    x$fpl$dnaninf       fz_ws.l(dnaninf.o)
    0x0800d390   0x0000000c   Code   RO         2243    x$fpl$dretinf       fz_ws.l(dretinf.o)
    0x0800d39c   0x000001d4   Code   RO         2224    x$fpl$dsub          fz_ws.l(daddsub_clz.o)
    0x0800d570   0x00000000   Code   RO         2245    x$fpl$usenofp       fz_ws.l(usenofp.o)
    0x0800d570   0x00000008   Data   RO          363    .constdata          program.o
    0x0800d578   0x0000001e   Data   RO          455    .constdata          si4432.o
    0x0800d596   0x00000016   Data   RO          966    .constdata          battery.o
    0x0800d5ac   0x00000028   Data   RO         1145    .constdata          unitcfg.o
    0x0800d5d4   0x0000008c   Data   RO         1350    .constdata          keyexeattr.o
    0x0800d660   0x0000000c   Data   RO         1469    .constdata          BestFu_STM32L15X_L10200.lib(command.o)
    0x0800d66c   0x000002e4   Data   RO         1615    .constdata          BestFu_STM32L15X_L10200.lib(sysexeattr.o)
    0x0800d950   0x00000010   Data   RO         1804    .constdata          BestFu_STM32L15X_L10200.lib(dataencrypt.o)
    0x0800d960   0x00000048   Data   RO         1834    .constdata          BestFu_STM32L15X_L10200.lib(devparttab.o)
    0x0800d9a8   0x00000200   Data   RO         1871    .constdata          BestFu_STM32L15X_L10200.lib(crc.o)
    0x0800dba8   0x00000020   Data   RO         2398    Region$$Table       anon$$obj.o


    Execution Region RW_IRAM1 (Base: 0x20000000, Size: 0x000026e8, Max: 0x00002800, ABSOLUTE, COMPRESSED[0x00000028])

    Base Addr    Size         Type   Attr      Idx    E Section Name        Object

    0x20000000   0x00000019   Data   RW            6    .data               system_stm32l1xx.o
    0x20000019   0x00000003   PAD
    0x2000001c   0x00000018   Data   RW          456    .data               si4432.o
    0x20000034   0x00000008   Data   RW          760    .data               systick.o
    0x2000003c   0x00000004   Data   RW          802    .data               test.o
    0x20000040   0x00000001   Data   RW          967    .data               battery.o
    0x20000041   0x00000001   Data   RW         1004    .data               batteryexeattr.o
    0x20000042   0x00000001   Data   RW         1064    .data               lowpower.o
    0x20000043   0x00000001   PAD
    0x20000044   0x00000014   Data   RW         1288    .data               key.o
    0x20000058   0x0000010c   Data   RW         1681    .data               BestFu_STM32L15X_L10200.lib(updata.o)
    0x20000164   0x00000001   Data   RW         1709    .data               BestFu_STM32L15X_L10200.lib(upload.o)
    0x20000165   0x00000003   PAD
    0x20000168   0x00000005   Data   RW         1730    .data               BestFu_STM32L15X_L10200.lib(userdata.o)
    0x2000016d   0x00000008   Data   RW         1805    .data               BestFu_STM32L15X_L10200.lib(dataencrypt.o)
    0x20000175   0x00000003   PAD
    0x20000178   0x00000004   Data   RW         1835    .data               BestFu_STM32L15X_L10200.lib(devparttab.o)
    0x2000017c   0x00000005   Data   RW         1978    .data               BestFu_STM32L15X_L10200.lib(object.o)
    0x20000181   0x00000002   Data   RW         2111    .data               BestFu_STM32L15X_L10200.lib(sign433.o)
    0x20000183   0x00000001   PAD
    0x20000184   0x00000064   Zero   RW          454    .bss                si4432.o
    0x200001e8   0x00000014   Zero   RW         1144    .bss                unitcfg.o
    0x200001fc   0x00000d80   Zero   RW         1392    .bss                BestFu_STM32L15X_L10200.lib(cmdprocess.o)
    0x20000f7c   0x00000090   Zero   RW         1572    .bss                BestFu_STM32L15X_L10200.lib(linkscanfifo.o)
    0x2000100c   0x00000144   Zero   RW         1664    .bss                BestFu_STM32L15X_L10200.lib(thread.o)
    0x20001150   0x0000002c   Zero   RW         1680    .bss                BestFu_STM32L15X_L10200.lib(updata.o)
    0x2000117c   0x00000120   Zero   RW         1708    .bss                BestFu_STM32L15X_L10200.lib(upload.o)
    0x2000129c   0x0000023f   Zero   RW         1729    .bss                BestFu_STM32L15X_L10200.lib(userdata.o)
    0x200014db   0x00000001   PAD
    0x200014dc   0x00000140   Zero   RW         1977    .bss                BestFu_STM32L15X_L10200.lib(object.o)
    0x2000161c   0x0000008c   Zero   RW         2086    .bss                BestFu_STM32L15X_L10200.lib(userdatadownload.o)
    0x200016a8   0x0000000c   Zero   RW         2110    .bss                BestFu_STM32L15X_L10200.lib(sign433.o)
    0x200016b4   0x00000673   Zero   RW         2157    .bss                BestFu_STM32L15X_L10200.lib(linksimplest.o)
    0x20001d27   0x0000015f   Zero   RW         2181    .bss                BestFu_STM32L15X_L10200.lib(linksimplesttime.o)
    0x20001e86   0x00000002   PAD
    0x20001e88   0x00000060   Zero   RW         2272    .bss                c_w.l(libspace.o)
    0x20001ee8   0x00000000   Zero   RW           68    HEAP                startup_stm32l1xx_md.o
    0x20001ee8   0x00000800   Zero   RW           67    STACK               startup_stm32l1xx_md.o


==============================================================================

Image component sizes


      Code (inc. data)   RO Data    RW Data    ZI Data      Debug   Object Name

       448         24          0          0          0       4265   adc.o
       640          6         22          1          0       4625   battery.o
        76         20          0          1          0       8324   batteryexeattr.o
         2          0          0          0          0       7619   devicereset.o
       334         46          0          0          0       6143   flash.o
       312         28          0          0          0       3831   gpio.o
       876          0          0          0          0       8557   i2c.o
         6          0          0          0          0       1586   instruct.o
       432         34          0         20          0       3402   key.o
       108         20        140          0          0       4195   keyexeattr.o
       236         34          0          1          0      27068   lowpower.o
        80         18          0          0          0        579   main.o
       550         46          8          0          0       7020   program.o
        46          0          0          0          0       1751   shakemotor.o
      2450        142         30         24        100      16067   si4432.o
       312         22          0          0          0       2458   spi.o
        60         22        244          0       2048        868   startup_stm32l1xx_md.o
       338         30          0          0          0       4127   sys.o
       276         34          0          0          0       1826   syshard.o
       880         54          0         25          0     193408   system_stm32l1xx.o
       148         32          0          8          0       2599   systick.o
        36          6          0          4          0        871   test.o
        64          8         40          0         20       3950   unitcfg.o
       308         26          0          0          0       3185   usart.o
        12          0          0          0          0       2695   wdg.o
        16          6          0          0          0        570   wtc6106.o

    ----------------------------------------------------------------------
      9060        658        516         88       2168     321589   Object Totals
         0          0         32          0          0          0   (incl. Generated)
        14          0          0          4          0          0   (incl. Padding)

    ----------------------------------------------------------------------

      Code (inc. data)   RO Data    RW Data    ZI Data      Debug   Library Member Name

       256          0          0          0          0       2522   bestfulib.o
       844        100          0          0       3456      14702   cmdprocess.o
       812          8         12          0          0       3449   command.o
       112          4        512          0          0       1719   crc.o
       956         24         16          8          0       3753   dataencrypt.o
        52          0          0          0          0        716   delay.o
       360         24          0          0          0       2390   deviceidsetattr.o
       176         14         72          4          0       2445   devparttab.o
       358          0          0          0          0       2111   eeprom.o
        80          6          0          0          0       1843   faultmanage.o
       662          0          0          0          0       4210   fifo.o
       560         18          0          0          0       3555   flashattr.o
       160         14          0          0        144       4262   linkscanfifo.o
       804         10          0          0       1651       5406   linksimplest.o
       672          8          0          0        351       4844   linksimplesttime.o
       720         34          0          0          0       2709   linksrc.o
      1296         10          0          0          0       9356   linkwrdc.o
       400         12          0          0          0       2812   msgpackage.o
      1624         48          0          5        320       5472   object.o
       768         14          0          0          0       3400   scene&group.o
       184         10          0          2         12       2541   sign433.o
       424         26          0          0          0       9045   sign433attr.o
      2716         24        740          0          0      15834   sysexeattr.o
       100         16          0          0          0        778   systestattr.o
       812          4          0          0        324       3549   thread.o
       448          0          0          0          0       2317   timehandle.o
       668          8          0          0          0       2919   unitshare_attr.o
       792         32          0        268         44       5208   updata.o
       588         18          0          1        288       2614   upload.o
      3116         52          0          5        575      16308   userdata.o
       432         16          0          0        140       2425   userdatadownload.o
        58          0          0          0          0          0   __dczerorl.o
         8          0          0          0          0         68   __main.o
         0          0          0          0          0          0   __rtentry.o
        12          0          0          0          0          0   __rtentry2.o
         6          0          0          0          0          0   __rtentry4.o
        52          8          0          0          0          0   __scatter.o
        28          0          0          0          0          0   __scatter_zi.o
        18          0          0          0          0         80   exit.o
         6          0          0          0          0        152   heapauxi.o
         0          0          0          0          0          0   indicate_semi.o
         2          0          0          0          0          0   libinit.o
         2          0          0          0          0          0   libinit2.o
         2          0          0          0          0          0   libshutdown.o
         2          0          0          0          0          0   libshutdown2.o
         8          4          0          0         96         68   libspace.o
        78          0          0          0          0         80   rt_memclr_w.o
         2          0          0          0          0          0   rtexit.o
        10          0          0          0          0          0   rtexit2.o
        12          4          0          0          0         68   sys_exit.o
        74          0          0          0          0         80   sys_stackheap_outer.o
         2          0          0          0          0         68   use_no_semi.o
       804         16          0          0          0        272   daddsub_clz.o
        90          4          0          0          0         92   dfixu.o
        84          0          0          0          0        136   dflt_clz.o
       340         12          0          0          0        104   dmul.o
       156          4          0          0          0         92   dnaninf.o
        12          0          0          0          0         68   dretinf.o
         0          0          0          0          0          0   usenofp.o

    ----------------------------------------------------------------------
     23832        606       1352        300       7404     146642   Library Totals
        12          0          0          7          3          0   (incl. Padding)

    ----------------------------------------------------------------------

      Code (inc. data)   RO Data    RW Data    ZI Data      Debug   Library Name

     21952        554       1352        293       7305     145214   BestFu_STM32L15X_L10200.lib
       382         16          0          0         96        664   c_w.l
      1486         36          0          0          0        764   fz_ws.l

    ----------------------------------------------------------------------
     23832        606       1352        300       7404     146642   Library Totals

    ----------------------------------------------------------------------

==============================================================================


      Code (inc. data)   RO Data    RW Data    ZI Data      Debug   

     32892       1264       1868        388       9572     459907   Grand Totals
     32892       1264       1868         40       9572     459907   ELF Image Totals (compressed)
     32892       1264       1868         40          0          0   ROM Totals

==============================================================================

    Total RO  Size (Code + RO Data)                34760 (  33.95kB)
    Total RW  Size (RW Data + ZI Data)              9960 (   9.73kB)
    Total ROM Size (Code + RO Data + RW Data)      34800 (  33.98kB)

==============================================================================

