Component: ARM Compiler 5.06 update 2 (build 183) Tool: armlink [4d35b7]

==============================================================================

Section Cross References

    system_stm32l1xx.o(i.SystemCoreClockUpdate) refers to system_stm32l1xx.o(.data) for SystemCoreClock
    system_stm32l1xx.o(i.SystemInit) refers to system_stm32l1xx.o(i.SetSysClock) for SetSysClock
    startup_stm32l1xx_md.o(STACK) refers (Special) to heapauxi.o(.text) for __use_two_region_memory
    startup_stm32l1xx_md.o(HEAP) refers (Special) to heapauxi.o(.text) for __use_two_region_memory
    startup_stm32l1xx_md.o(RESET) refers (Special) to heapauxi.o(.text) for __use_two_region_memory
    startup_stm32l1xx_md.o(RESET) refers to startup_stm32l1xx_md.o(STACK) for __initial_sp
    startup_stm32l1xx_md.o(RESET) refers to startup_stm32l1xx_md.o(.text) for Reset_Handler
    startup_stm32l1xx_md.o(RESET) refers to systick.o(i.SysTick_Handler) for SysTick_Handler
    startup_stm32l1xx_md.o(RESET) refers to lowpower.o(i.EXTI0_IRQHandler) for EXTI0_IRQHandler
    startup_stm32l1xx_md.o(RESET) refers to usart.o(i.USART1_IRQHandler) for USART1_IRQHandler
    startup_stm32l1xx_md.o(RESET) refers to si4432.o(i.EXTI15_10_IRQHandler) for EXTI15_10_IRQHandler
    startup_stm32l1xx_md.o(.text) refers (Special) to heapauxi.o(.text) for __use_two_region_memory
    startup_stm32l1xx_md.o(.text) refers to system_stm32l1xx.o(i.SystemInit) for SystemInit
    startup_stm32l1xx_md.o(.text) refers to __main.o(!!!main) for __main
    startup_stm32l1xx_md.o(.text) refers to startup_stm32l1xx_md.o(HEAP) for Heap_Mem
    startup_stm32l1xx_md.o(.text) refers to startup_stm32l1xx_md.o(STACK) for Stack_Mem
    cmdprocess.o(i.DataSend_Thread) refers to cmdprocess.o(i.Process_FIFOData) for Process_FIFOData
    cmdprocess.o(i.DataSend_Thread) refers to cmdprocess.o(.bss) for send_433
    cmdprocess.o(i.FIFOInit) refers to fifo.o(i.fifo_Init) for fifo_Init
    cmdprocess.o(i.FIFOInit) refers to thread.o(i.Thread_Login) for Thread_Login
    cmdprocess.o(i.FIFOInit) refers to cmdprocess.o(.bss) for rcvBuf
    cmdprocess.o(i.FIFOInit) refers to cmdprocess.o(i.Msg_Change) for Msg_Change
    cmdprocess.o(i.FIFOInit) refers to si4432.o(i.Si4432_Send) for Si4432_Send
    cmdprocess.o(i.FIFOInit) refers to cmdprocess.o(i.DataSend_Thread) for DataSend_Thread
    cmdprocess.o(i.Msg_Change) refers to cmdprocess.o(i.Msg_Process) for Msg_Process
    cmdprocess.o(i.Msg_Execute) refers to unitcfg.o(i.UnitCnt_Get) for UnitCnt_Get
    cmdprocess.o(i.Msg_Execute) refers to upload.o(i.Upload) for Upload
    cmdprocess.o(i.Msg_Execute) refers to bestfulib.o(i.memmove) for memmove
    cmdprocess.o(i.Msg_Execute) refers to unitcfg.o(.constdata) for UnitTab
    cmdprocess.o(i.Msg_Execute) refers to unitcfg.o(.bss) for gUnitData
    cmdprocess.o(i.Msg_Level) refers to object.o(.data) for DelayID
    cmdprocess.o(i.Msg_Process) refers to object.o(i.Object_Check) for Object_Check
    cmdprocess.o(i.Msg_Process) refers to cmdprocess.o(i.Msg_Execute) for Msg_Execute
    cmdprocess.o(i.Msg_Process) refers to lowpower.o(i.StandbyCountReset) for StandbyCountReset
    cmdprocess.o(i.Msg_Process) refers to instruct.o(i.Instruct) for Instruct
    cmdprocess.o(i.Msg_Process) refers to cmdprocess.o(i.Msg_ReturnType) for Msg_ReturnType
    cmdprocess.o(i.Msg_Process) refers to msgpackage.o(i.Msg_Feedback) for Msg_Feedback
    cmdprocess.o(i.ProcessSend_Fun) refers to cmdprocess.o(.bss) for send_433
    cmdprocess.o(i.Process_FIFOData) refers to command.o(i.cmd_get) for cmd_get
    cmdprocess.o(i.Process_FIFOData) refers to cmdprocess.o(i.Msg_Level) for Msg_Level
    cmdprocess.o(i.Process_FIFOData) refers to systick.o(i.UpdateRandomTime) for UpdateRandomTime
    cmdprocess.o(i.Process_FIFOData) refers to userdata.o(.bss) for gSysData
    command.o(i.cmd_get) refers to fifo.o(i.fifo_empty) for fifo_empty
    command.o(i.cmd_get) refers to fifo.o(i.fifo_find) for fifo_find
    command.o(i.cmd_get) refers to fifo.o(i.fifo_validSize) for fifo_validSize
    command.o(i.cmd_get) refers to fifo.o(i.fifo_cmp) for fifo_cmp
    command.o(i.cmd_get) refers to fifo.o(i.fifo_gets) for fifo_gets
    command.o(i.cmd_get) refers to crc.o(i.ChkCrcValue) for ChkCrcValue
    command.o(i.cmd_get) refers to command.o(.constdata) for HeadCMD
    command.o(i.cmd_put) refers to fifo.o(i.fifo_puts) for fifo_puts
    command.o(i.cmd_put) refers to crc.o(i.ChkCrcValue) for ChkCrcValue
    command.o(i.cmd_put) refers to fifo.o(i.fifo_putc) for fifo_putc
    command.o(i.cmd_put) refers to command.o(.constdata) for HeadCMD
    crc.o(i.ChkCrcValue) refers to crc.o(.constdata) for CRCTable
    crc.o(i.ChkCrcValueEx) refers to crc.o(.constdata) for CRCTable
    delay.o(i.delay_ms) refers to wdg.o(i.WDG_Feed) for WDG_Feed
    delay.o(i.delay_ms) refers to delay.o(i.delay_us) for delay_us
    eeprom.o(i.ReadDataFromEEPROM) refers to i2c.o(i.IIC_Read) for IIC_Read
[...]
    MidValidKey                              0x20000038   Data           1  key.o(.data)
    oldTime                                  0x2000003c   Data           4  key.o(.data)
    .bss                                     0x20000040   Section     2608  cmdprocess.o(.bss)
    sendBuf                                  0x20000460   Data        1024  cmdprocess.o(.bss)
    .bss                                     0x20000a70   Section      144  linkscanfifo.o(.bss)
    .bss                                     0x20000b00   Section     1651  linksimplest.o(.bss)
    .bss                                     0x20001174   Section      320  object.o(.bss)
    .bss                                     0x200012b4   Section       12  sign433.o(.bss)
    .bss                                     0x200012c0   Section      324  thread.o(.bss)
    thread                                   0x200012c0   Data         324  thread.o(.bss)
    .bss                                     0x20001404   Section      272  updata.o(.bss)
    .bss                                     0x20001514   Section       31  userdata.o(.bss)
    .bss                                     0x20001534   Section      140  userdatadownload.o(.bss)
    .bss                                     0x200015c0   Section      100  si4432.o(.bss)
    .bss                                     0x20001624   Section       16  unitcfg.o(.bss)
    .bss                                     0x20001634   Section       96  libspace.o(.bss)
    HEAP                                     0x20001698   Section      512  startup_stm32l1xx_md.o(HEAP)
    Heap_Mem                                 0x20001698   Data         512  startup_stm32l1xx_md.o(HEAP)
    STACK                                    0x20001898   Section     2048  startup_stm32l1xx_md.o(STACK)
    Stack_Mem                                0x20001898   Data        2048  startup_stm32l1xx_md.o(STACK)
    __initial_sp                             0x20002098   Data           0  startup_stm32l1xx_md.o(STACK)

    Global Symbols

    Symbol Name                              Value     Ov Type        Size  Object(Section)

    BuildAttributes$$THM_ISAv4$P$D$K$B$S$PE$A:L22UL41UL21$X:L11$S22US41US21$IEEE1$IW$USESV6$~STKCKD$USESV7$~SHL$OSPACE$ROPI$EBA8$UX$STANDARDLIB$REQ8$PRES8$EABIv2 0x00000000   Number         0  anon$$obj.o ABSOLUTE
    __ARM_use_no_argv                        0x00000000   Number         0  main.o ABSOLUTE
    __ARM_exceptions_init                     - Undefined Weak Reference
    __alloca_initialize                       - Undefined Weak Reference
    __arm_preinit_                            - Undefined Weak Reference
    __cpp_initialize__aeabi_                  - Undefined Weak Reference
    __cxa_finalize                            - Undefined Weak Reference
    __rt_locale                               - Undefined Weak Reference
    __sigvec_lookup                           - Undefined Weak Reference
    _atexit_init                              - Undefined Weak Reference
    _call_atexit_fns                          - Undefined Weak Reference
    _clock_init                               - Undefined Weak Reference
    _fp_trap_init                             - Undefined Weak Reference
    _fp_trap_shutdown                         - Undefined Weak Reference
    _get_lc_collate                           - Undefined Weak Reference
    _get_lc_ctype                             - Undefined Weak Reference
    _get_lc_monetary                          - Undefined Weak Reference
    _get_lc_numeric                           - Undefined Weak Reference
    _get_lc_time                              - Undefined Weak Reference
    _getenv_init                              - Undefined Weak Reference
    _handle_redirection                       - Undefined Weak Reference
    _init_alloc                               - Undefined Weak Reference
    _init_user_alloc                          - Undefined Weak Reference
    _initio                                   - Undefined Weak Reference
    _rand_init                                - Undefined Weak Reference
    _signal_finish                            - Undefined Weak Reference
    _signal_init                              - Undefined Weak Reference
    _terminate_alloc                          - Undefined Weak Reference
    _terminate_user_alloc                     - Undefined Weak Reference
    _terminateio                              - Undefined Weak Reference
    __Vectors_Size                           0x000000f4   Number         0  startup_stm32l1xx_md.o ABSOLUTE
    __Vectors                                0x08008400   Data           4  startup_stm32l1xx_md.o(RESET)
    __Vectors_End                            0x080084f4   Data           0  startup_stm32l1xx_md.o(RESET)
    __main                                   0x080084f5   Thumb Code     8  __main.o(!!!main)
    __scatterload                            0x080084fd   Thumb Code     0  __scatter.o(!!!scatter)
    __scatterload_rt2                        0x080084fd   Thumb Code    44  __scatter.o(!!!scatter)
    __scatterload_rt2_thumb_only             0x080084fd   Thumb Code     0  __scatter.o(!!!scatter)
    __scatterload_null                       0x0800850b   Thumb Code     0  __scatter.o(!!!scatter)
    __scatterload_copy                       0x08008531   Thumb Code    26  __scatter_copy.o(!!handler_copy)
    __scatterload_zeroinit                   0x0800854d   Thumb Code    28  __scatter_zi.o(!!handler_zi)
    __rt_lib_init                            0x08008569   Thumb Code     0  libinit.o(.ARM.Collect$$libinit$$00000000)
    __rt_lib_init_alloca_1                   0x0800856b   Thumb Code     0  libinit2.o(.ARM.Collect$$libinit$$0000002E)
    __rt_lib_init_argv_1                     0x0800856b   Thumb Code     0  libinit2.o(.ARM.Collect$$libinit$$0000002C)
    __rt_lib_init_atexit_1                   0x0800856b   Thumb Code     0  libinit2.o(.ARM.Collect$$libinit$$0000001B)
    __rt_lib_init_clock_1                    0x0800856b   Thumb Code     0  libinit2.o(.ARM.Collect$$libinit$$00000021)
    __rt_lib_init_cpp_1                      0x0800856b   Thumb Code     0  libinit2.o(.ARM.Collect$$libinit$$00000032)
    __rt_lib_init_exceptions_1               0x0800856b   Thumb Code     0  libinit2.o(.ARM.Collect$$libinit$$00000030)
    __rt_lib_init_fp_1                       0x0800856b   Thumb Code     0  libinit2.o(.ARM.Collect$$libinit$$00000002)
    __rt_lib_init_fp_trap_1                  0x0800856b   Thumb Code     0  libinit2.o(.ARM.Collect$$libinit$$0000001F)
    __rt_lib_init_getenv_1                   0x0800856b   Thumb Code     0  libinit2.o(.ARM.Collect$$libinit$$00000023)
    __rt_lib_init_heap_1                     0x0800856b   Thumb Code     0  libinit2.o(.ARM.Collect$$libinit$$0000000A)
    __rt_lib_init_lc_collate_1               0x0800856b   Thumb Code     0  libinit2.o(.ARM.Collect$$libinit$$00000011)
    __rt_lib_init_lc_ctype_1                 0x0800856b   Thumb Code     0  libinit2.o(.ARM.Collect$$libinit$$00000013)
    __rt_lib_init_lc_monetary_1              0x0800856b   Thumb Code     0  libinit2.o(.ARM.Collect$$libinit$$00000015)
    __rt_lib_init_lc_numeric_1               0x0800856b   Thumb Code     0  libinit2.o(.ARM.Collect$$libinit$$00000017)
    __rt_lib_init_lc_time_1                  0x0800856b   Thumb Code     0  libinit2.o(.ARM.Collect$$libinit$$00000019)
    __rt_lib_init_preinit_1                  0x0800856b   Thumb Code     0  libinit2.o(.ARM.Collect$$libinit$$00000004)
    __rt_lib_init_rand_1                     0x0800856b   Thumb Code     0  libinit2.o(.ARM.Collect$$libinit$$0000000E)
    __rt_lib_init_return                     0x0800856b   Thumb Code     0  libinit2.o(.ARM.Collect$$libinit$$00000033)
    __rt_lib_init_signal_1                   0x0800856b   Thumb Code     0  libinit2.o(.ARM.Collect$$libinit$$0000001D)
    __rt_lib_init_stdio_1                    0x0800856b   Thumb Code     0  libinit2.o(.ARM.Collect$$libinit$$00000025)
    __rt_lib_init_user_alloc_1               0x0800856b   Thumb Code     0  libinit2.o(.ARM.Collect$$libinit$$0000000C)
    __rt_lib_shutdown                        0x0800856d   Thumb Code     0  libshutdown.o(.ARM.Collect$$libshutdown$$00000000)
    __rt_lib_shutdown_cpp_1                  0x0800856f   Thumb Code     0  libshutdown2.o(.ARM.Collect$$libshutdown$$00000002)
    __rt_lib_shutdown_fp_trap_1              0x0800856f   Thumb Code     0  libshutdown2.o(.ARM.Collect$$libshutdown$$00000007)
    __rt_lib_shutdown_heap_1                 0x0800856f   Thumb Code     0  libshutdown2.o(.ARM.Collect$$libshutdown$$0000000F)
    __rt_lib_shutdown_return                 0x0800856f   Thumb Code     0  libshutdown2.o(.ARM.Collect$$libshutdown$$00000010)
    __rt_lib_shutdown_signal_1               0x0800856f   Thumb Code     0  libshutdown2.o(.ARM.Collect$$libshutdown$$0000000A)
    __rt_lib_shutdown_stdio_1                0x0800856f   Thumb Code     0  libshutdown2.o(.ARM.Collect$$libshutdown$$00000004)
    __rt_lib_shutdown_user_alloc_1           0x0800856f   Thumb Code     0  libshutdown2.o(.ARM.Collect$$libshutdown$$0000000C)
    __rt_entry                               0x08008571   Thumb Code     0  __rtentry.o(.ARM.Collect$$rtentry$$00000000)
    __rt_entry_presh_1                       0x08008571   Thumb Code     0  __rtentry2.o(.ARM.Collect$$rtentry$$00000002)
    __rt_entry_sh                            0x08008571   Thumb Code     0  __rtentry4.o(.ARM.Collect$$rtentry$$00000004)
    __rt_entry_li                            0x08008577   Thumb Code     0  __rtentry2.o(.ARM.Collect$$rtentry$$0000000A)
    __rt_entry_postsh_1                      0x08008577   Thumb Code     0  __rtentry2.o(.ARM.Collect$$rtentry$$00000009)
    __rt_entry_main                          0x0800857b   Thumb Code     0  __rtentry2.o(.ARM.Collect$$rtentry$$0000000D)
    __rt_entry_postli_1                      0x0800857b   Thumb Code     0  __rtentry2.o(.ARM.Collect$$rtentry$$0000000C)
    __rt_exit                                0x08008583   Thumb Code     0  rtexit.o(.ARM.Collect$$rtexit$$00000000)
    __rt_exit_ls                             0x08008585   Thumb Code     0  rtexit2.o(.ARM.Collect$$rtexit$$00000003)
    __rt_exit_prels_1                        0x08008585   Thumb Code     0  rtexit2.o(.ARM.Collect$$rtexit$$00000002)
    __rt_exit_exit                           0x08008589   Thumb Code     0  rtexit2.o(.ARM.Collect$$rtexit$$00000004)
    DisableIRQ                               0x08008591   Thumb Code     4  sys.o(.emb_text)
    EnableIRQ                                0x08008595   Thumb Code     4  sys.o(.emb_text)
    WFI_SET                                  0x08008599   Thumb Code     2  sys.o(.emb_text)
    INTX_DISABLE                             0x0800859b   Thumb Code     2  sys.o(.emb_text)
    INTX_ENABLE                              0x0800859d   Thumb Code     2  sys.o(.emb_text)
    Set_MSP                                  0x0800859f   Thumb Code     6  sys.o(.emb_text)
    CPU_SR_Restore                           0x080085a5   Thumb Code     6  sys.o(.emb_text)
    CPU_SR_Save                              0x080085ab   Thumb Code     8  sys.o(.emb_text)
    Reset_Handler                            0x080085b5   Thumb Code     8  startup_stm32l1xx_md.o(.text)
    NMI_Handler                              0x080085bd   Thumb Code     2  startup_stm32l1xx_md.o(.text)
    HardFault_Handler                        0x080085bf   Thumb Code     2  startup_stm32l1xx_md.o(.text)
    MemManage_Handler                        0x080085c1   Thumb Code     2  startup_stm32l1xx_md.o(.text)
    BusFault_Handler                         0x080085c3   Thumb Code     2  startup_stm32l1xx_md.o(.text)
    UsageFault_Handler                       0x080085c5   Thumb Code     2  startup_stm32l1xx_md.o(.text)
    SVC_Handler                              0x080085c7   Thumb Code     2  startup_stm32l1xx_md.o(.text)
    DebugMon_Handler                         0x080085c9   Thumb Code     2  startup_stm32l1xx_md.o(.text)
    PendSV_Handler                           0x080085cb   Thumb Code     2  startup_stm32l1xx_md.o(.text)
    ADC1_IRQHandler                          0x080085cf   Thumb Code     0  startup_stm32l1xx_md.o(.text)
    COMP_IRQHandler                          0x080085cf   Thumb Code     0  startup_stm32l1xx_md.o(.text)
    DAC_IRQHandler                           0x080085cf   Thumb Code     0  startup_stm32l1xx_md.o(.text)
    DMA1_Channel1_IRQHandler                 0x080085cf   Thumb Code     0  startup_stm32l1xx_md.o(.text)
    DMA1_Channel2_IRQHandler                 0x080085cf   Thumb Code     0  startup_stm32l1xx_md.o(.text)
    DMA1_Channel3_IRQHandler                 0x080085cf   Thumb Code     0  startup_stm32l1xx_md.o(.text)
    DMA1_Channel4_IRQHandler                 0x080085cf   Thumb Code     0  startup_stm32l1xx_md.o(.text)
    DMA1_Channel5_IRQHandler                 0x080085cf   Thumb Code     0  startup_stm32l1xx_md.o(.text)
    DMA1_Channel6_IRQHandler                 0x080085cf   Thumb Code     0  startup_stm32l1xx_md.o(.text)
    DMA1_Channel7_IRQHandler                 0x080085cf   Thumb Code     0  startup_stm32l1xx_md.o(.text)
    EXTI1_IRQHandler                         0x080085cf   Thumb Code     0  startup_stm32l1xx_md.o(.text)
    EXTI2_IRQHandler                         0x080085cf   Thumb Code     0  startup_stm32l1xx_md.o(.text)
    EXTI3_IRQHandler                         0x080085cf   Thumb Code     0  startup_stm32l1xx_md.o(.text)
    EXTI4_IRQHandler                         0x080085cf   Thumb Code     0  startup_stm32l1xx_md.o(.text)
    EXTI9_5_IRQHandler                       0x080085cf   Thumb Code     0  startup_stm32l1xx_md.o(.text)
    FLASH_IRQHandler                         0x080085cf   Thumb Code     0  startup_stm32l1xx_md.o(.text)
    I2C1_ER_IRQHandler                       0x080085cf   Thumb Code     0  startup_stm32l1xx_md.o(.text)
    I2C1_EV_IRQHandler                       0x080085cf   Thumb Code     0  startup_stm32l1xx_md.o(.text)
    I2C2_ER_IRQHandler                       0x080085cf   Thumb Code     0  startup_stm32l1xx_md.o(.text)
    I2C2_EV_IRQHandler                       0x080085cf   Thumb Code     0  startup_stm32l1xx_md.o(.text)
    LCD_IRQHandler                           0x080085cf   Thumb Code     0  startup_stm32l1xx_md.o(.text)
    PVD_IRQHandler                           0x080085cf   Thumb Code     0  startup_stm32l1xx_md.o(.text)
    RCC_IRQHandler                           0x080085cf   Thumb Code     0  startup_stm32l1xx_md.o(.text)
    RTC_Alarm_IRQHandler                     0x080085cf   Thumb Code     0  startup_stm32l1xx_md.o(.text)
    RTC_WKUP_IRQHandler                      0x080085cf   Thumb Code     0  startup_stm32l1xx_md.o(.text)
    SPI1_IRQHandler                          0x080085cf   Thumb Code     0  startup_stm32l1xx_md.o(.text)
    SPI2_IRQHandler                          0x080085cf   Thumb Code     0  startup_stm32l1xx_md.o(.text)
    TAMPER_STAMP_IRQHandler                  0x080085cf   Thumb Code     0  startup_stm32l1xx_md.o(.text)
    TIM10_IRQHandler                         0x080085cf   Thumb Code     0  startup_stm32l1xx_md.o(.text)
    TIM11_IRQHandler                         0x080085cf   Thumb Code     0  startup_stm32l1xx_md.o(.text)
    TIM2_IRQHandler                          0x080085cf   Thumb Code     0  startup_stm32l1xx_md.o(.text)
    TIM3_IRQHandler                          0x080085cf   Thumb Code     0  startup_stm32l1xx_md.o(.text)
    TIM4_IRQHandler                          0x080085cf   Thumb Code     0  startup_stm32l1xx_md.o(.text)
    TIM6_IRQHandler                          0x080085cf   Thumb Code     0  startup_stm32l1xx_md.o(.text)
    TIM7_IRQHandler                          0x080085cf   Thumb Code     0  startup_stm32l1xx_md.o(.text)
    TIM9_IRQHandler                          0x080085cf   Thumb Code     0  startup_stm32l1xx_md.o(.text)
    USART2_IRQHandler                        0x080085cf   Thumb Code     0  startup_stm32l1xx_md.o(.text)
    USART3_IRQHandler                        0x080085cf   Thumb Code     0  startup_stm32l1xx_md.o(.text)
    USB_FS_WKUP_IRQHandler                   0x080085cf   Thumb Code     0  startup_stm32l1xx_md.o(.text)
    USB_HP_IRQHandler                        0x080085cf   Thumb Code     0  startup_stm32l1xx_md.o(.text)
    USB_LP_IRQHandler                        0x080085cf   Thumb Code     0  startup_stm32l1xx_md.o(.text)
    WWDG_IRQHandler                          0x080085cf   Thumb Code     0  startup_stm32l1xx_md.o(.text)
    __user_initial_stackheap                 0x080085d1   Thumb Code     0  startup_stm32l1xx_md.o(.text)
    __aeabi_memclr4                          0x080085f5   Thumb Code     0  rt_memclr_w.o(.text)
    __aeabi_memclr8                          0x080085f5   Thumb Code     0  rt_memclr_w.o(.text)
    __rt_memclr_w                            0x080085f5   Thumb Code    78  rt_memclr_w.o(.text)
    _memset_w                                0x080085f9   Thumb Code     0  rt_memclr_w.o(.text)
    __use_two_region_memory                  0x08008643   Thumb Code     2  heapauxi.o(.text)
    __rt_heap_escrow$2region                 0x08008645   Thumb Code     2  heapauxi.o(.text)
    __rt_heap_expand$2region                 0x08008647   Thumb Code     2  heapauxi.o(.text)
    __user_setup_stackheap                   0x08008649   Thumb Code    74  sys_stackheap_outer.o(.text)
    exit                                     0x08008693   Thumb Code    18  exit.o(.text)
    __user_libspace                          0x080086a5   Thumb Code     8  libspace.o(.text)
    __user_perproc_libspace                  0x080086a5   Thumb Code     0  libspace.o(.text)
    __user_perthread_libspace                0x080086a5   Thumb Code     0  libspace.o(.text)
    _sys_exit                                0x080086ad   Thumb Code     8  sys_exit.o(.text)
    __I$use$semihosting                      0x080086b9   Thumb Code     0  use_no_semi.o(.text)
    __use_no_semihosting_swi                 0x080086b9   Thumb Code     2  use_no_semi.o(.text)
    __semihosting_library_function           0x080086bb   Thumb Code     0  indicate_semi.o(.text)
    ADC_Init                                 0x080086bd   Thumb Code   208  adc.o(i.ADC_Init)
    ADC_Read                                 0x080087bd   Thumb Code    60  adc.o(i.ADC_Read)
    ADC_ReadAverage                          0x080087fd   Thumb Code   100  adc.o(i.ADC_ReadAverage)
    ADC_TestPowerOFF                         0x08008865   Thumb Code    12  adc.o(i.ADC_TestPowerOFF)
    ADC_TestPowerON                          0x08008871   Thumb Code    12  adc.o(i.ADC_TestPowerON)
    ALinkClr                                 0x0800887d   Thumb Code    62  linksimplest.o(i.ALinkClr)
    ALinkInit                                0x080088c1   Thumb Code    42  linksimplest.o(i.ALinkInit)
    Battery_GetPercent                       0x080088f1   Thumb Code   574  battery.o(i.Battery_GetPercent)
    Battery_GetVoltage                       0x08008b35   Thumb Code    60  battery.o(i.Battery_GetVoltage)
    Battery_Init                             0x08008b71   Thumb Code    30  batteryexeattr.o(i.Battery_Init)
    Channel_Get                              0x08008b99   Thumb Code    52  updata.o(i.Channel_Get)
    CheckALinkFull                           0x08008bd1   Thumb Code    18  linksimplest.o(i.CheckALinkFull)
    CheckLinkFull                            0x08008be9   Thumb Code    18  linkwrdc.o(i.CheckLinkFull)
    Check_Area                               0x08008ca1   Thumb Code   108  object.o(i.Check_Area)
    ChkALinkIsExist                          0x08008dd5   Thumb Code    90  linksimplest.o(i.ChkALinkIsExist)
    ChkCrcValue                              0x08008e35   Thumb Code    52  crc.o(i.ChkCrcValue)
    ChkLinkIsExist                           0x08008e6d   Thumb Code    26  linkwrdc.o(i.ChkLinkIsExist)
    ClearRecTestStatus                       0x08008e87   Thumb Code    10  sign433.o(i.ClearRecTestStatus)
    CmpSampAndLinkValue                      0x08008e91   Thumb Code   130  linksrc.o(i.CmpSampAndLinkValue)
    DATA_EEPROM_Unlock                       0x08008f15   Thumb Code    24  flash.o(i.DATA_EEPROM_Unlock)
    DecryptionFlash                          0x08008f4d   Thumb Code    50  scene&group.o(i.DecryptionFlash)
    DelALink                                 0x08008f8d   Thumb Code   234  linksimplest.o(i.DelALink)
    DelAllLinkFromTable                      0x08009081   Thumb Code    46  linkwrdc.o(i.DelAllLinkFromTable)
    DelLinkForUnit                           0x080090b5   Thumb Code   124  linkwrdc.o(i.DelLinkForUnit)
    DelLinkFromTable                         0x08009135   Thumb Code    30  linkwrdc.o(i.DelLinkFromTable)
    DelLinkItem                              0x08009153   Thumb Code    46  linkwrdc.o(i.DelLinkItem)
    DeviceResetCheck_Init                    0x0800919b   Thumb Code     2  devicereset.o(i.DeviceResetCheck_Init)
    EEPROM_Write                             0x0800919d   Thumb Code    46  userdata.o(i.EEPROM_Write)
    EXTI0_IRQHandler                         0x080091cd   Thumb Code     8  lowpower.o(i.EXTI0_IRQHandler)
    EXTI15_10_IRQHandler                     0x080091d9   Thumb Code    18  si4432.o(i.EXTI15_10_IRQHandler)
    Ex_NVIC_Config                           0x080091f5   Thumb Code   144  sys.o(i.Ex_NVIC_Config)
    FIFOInit                                 0x08009291   Thumb Code    70  cmdprocess.o(i.FIFOInit)
    FLASH_ErasePage                          0x080092fd   Thumb Code    86  flash.o(i.FLASH_ErasePage)
    FaultData_Get                            0x08009359   Thumb Code    22  userdata.o(i.FaultData_Get)
    FaultData_Init                           0x0800936f   Thumb Code    14  userdata.o(i.FaultData_Init)
    FaultData_Save                           0x0800937d   Thumb Code    32  userdata.o(i.FaultData_Save)
    Fault_Upload                             0x080093b1   Thumb Code    74  faultmanage.o(i.Fault_Upload)
    FlashEncryptionInit                      0x08009401   Thumb Code   110  program.o(i.FlashEncryptionInit)
    Flash_DefaultValue                       0x08009489   Thumb Code     4  program.o(i.Flash_DefaultValue)
    Flash_Unlock                             0x080094e1   Thumb Code    30  flash.o(i.Flash_Unlock)
    Flash_Write                              0x0800950d   Thumb Code    58  flash.o(i.Flash_Write)
    Flash_lock                               0x08009549   Thumb Code    14  flash.o(i.Flash_lock)
    GPIOx_AF                                 0x0800955d   Thumb Code    92  gpio.o(i.GPIOx_AF)
    GPIOx_Cfg                                0x080095bd   Thumb Code   144  gpio.o(i.GPIOx_Cfg)
    GPIOx_Get                                0x08009655   Thumb Code    14  gpio.o(i.GPIOx_Get)
    GPIOx_Rst                                0x08009669   Thumb Code    14  gpio.o(i.GPIOx_Rst)
    GPIOx_Set                                0x0800967d   Thumb Code    20  gpio.o(i.GPIOx_Set)
    GetALinkNum                              0x08009695   Thumb Code    80  linksimplest.o(i.GetALinkNum)
    GetLinkNum                               0x080096e9   Thumb Code    22  linkwrdc.o(i.GetLinkNum)
    GetRSSIPara                              0x08009701   Thumb Code     4  si4432.o(i.GetRSSIPara)
    GetThresholdPara                         0x08009709   Thumb Code     4  si4432.o(i.GetThresholdPara)
    Get_433Channel_Attr                      0x0800970d   Thumb Code    20  flashattr.o(i.Get_433Channel_Attr)
    Get_CmdAckNum_Attr                       0x08009721   Thumb Code    14  sysexeattr.o(i.Get_CmdAckNum_Attr)
    Get_CommonType_Attr                      0x08009735   Thumb Code   104  sysexeattr.o(i.Get_CommonType_Attr)
    Get_DeviceAddr_Attr                      0x080097a1   Thumb Code    16  sysexeattr.o(i.Get_DeviceAddr_Attr)
    Get_DeviceThreshold_Attr                 0x080097b5   Thumb Code    22  sign433attr.o(i.Get_DeviceThreshold_Attr)
    Get_DeviceType_Attr                      0x080097cd   Thumb Code    74  sysexeattr.o(i.Get_DeviceType_Attr)
    Get_Eeprom_Info_Attr                     0x0800981d   Thumb Code    82  sysexeattr.o(i.Get_Eeprom_Info_Attr)
    Get_FaultFlag_Attr                       0x0800986f   Thumb Code    20  sysexeattr.o(i.Get_FaultFlag_Attr)
    Get_Group_Attr                           0x08009883   Thumb Code    94  scene&group.o(i.Get_Group_Attr)
    Get_IAPPackCheck_Attr                    0x080098e1   Thumb Code    66  flashattr.o(i.Get_IAPPackCheck_Attr)
    Get_Link_Attr                            0x08009929   Thumb Code    68  sysexeattr.o(i.Get_Link_Attr)
    Get_ManyUnit_Attr                        0x0800996d   Thumb Code   310  unitshare_attr.o(i.Get_ManyUnit_Attr)
    Get_PowerPercent_Attr                    0x08009aa9   Thumb Code    26  batteryexeattr.o(i.Get_PowerPercent_Attr)
    Get_RepeatBandAddr_Attr                  0x08009acd   Thumb Code   130  sysexeattr.o(i.Get_RepeatBandAddr_Attr)
    Get_RepeatBroadcast_Attr                 0x08009b55   Thumb Code    22  sysexeattr.o(i.Get_RepeatBroadcast_Attr)
    Get_ResetAddr_Attr                       0x08009b71   Thumb Code   124  sysexeattr.o(i.Get_ResetAddr_Attr)
    Get_Scene_Attr                           0x08009bf5   Thumb Code   104  scene&group.o(i.Get_Scene_Attr)
    Get_Sign433_MasterAddr                   0x08009c5d   Thumb Code     6  sign433attr.o(i.Get_Sign433_MasterAddr)
    Get_Sign433_StartRecFrame_Attr           0x08009c69   Thumb Code    46  sign433attr.o(i.Get_Sign433_StartRecFrame_Attr)
    Get_Sign433_StartSendFrame_Attr          0x08009ca1   Thumb Code    46  sign433attr.o(i.Get_Sign433_StartSendFrame_Attr)
    Get_Sign433_TestPackNum                  0x08009cd9   Thumb Code     6  sign433attr.o(i.Get_Sign433_TestPackNum)
    Get_Sign433_TestState_Attr               0x08009ce5   Thumb Code    16  sign433attr.o(i.Get_Sign433_TestState_Attr)
    Get_TouchKey_Attr                        0x08009cf9   Thumb Code    20  keyexeattr.o(i.Get_TouchKey_Attr)
    Get_UniqueDeviceID                       0x08009d11   Thumb Code    20  flash.o(i.Get_UniqueDeviceID)
    Get_UnitAble_Attr                        0x08009d29   Thumb Code   104  sysexeattr.o(i.Get_UnitAble_Attr)
    Get_UnitArea_Attr                        0x08009d95   Thumb Code   100  sysexeattr.o(i.Get_UnitArea_Attr)
    Get_UnitType_Attr                        0x08009dfd   Thumb Code   104  sysexeattr.o(i.Get_UnitType_Attr)
    Get_UserID_Attr                          0x08009e69   Thumb Code    16  sysexeattr.o(i.Get_UserID_Attr)
    Get_Version_Attr                         0x08009e7d   Thumb Code   104  sysexeattr.o(i.Get_Version_Attr)
    GroupEEPROMUnit_Init                     0x08009ee9   Thumb Code    54  userdata.o(i.GroupEEPROMUnit_Init)
    GroupEEPROM_Clr                          0x08009f25   Thumb Code   220  userdata.o(i.GroupEEPROM_Clr)
    GroupEEPROM_Get                          0x0800a005   Thumb Code   114  userdata.o(i.GroupEEPROM_Get)
    GroupEEPROM_Init                         0x0800a07d   Thumb Code    26  userdata.o(i.GroupEEPROM_Init)
    GroupEEPROM_Set                          0x0800a099   Thumb Code   206  userdata.o(i.GroupEEPROM_Set)
    HardID_Change                            0x0800a16d   Thumb Code    96  syshard.o(i.HardID_Change)
    HardID_Check                             0x0800a1d9   Thumb Code   122  syshard.o(i.HardID_Check)
    HardWDGTest_Attr                         0x0800a261   Thumb Code     6  wdg.o(i.HardWDGTest_Attr)
    I2C_Init                                 0x0800a2ab   Thumb Code    22  i2c.o(i.I2C_Init)
    IIC_GetState                             0x0800a48d   Thumb Code    40  i2c.o(i.IIC_GetState)
    IIC_Read                                 0x0800a4b5   Thumb Code   102  i2c.o(i.IIC_Read)
    IIC_Write                                0x0800a51b   Thumb Code    80  i2c.o(i.IIC_Write)
    IIC_WriteSame                            0x0800a56b   Thumb Code    78  i2c.o(i.IIC_WriteSame)
    Instruct                                 0x0800a5b9   Thumb Code     2  instruct.o(i.Instruct)
    Instruct_Init                            0x0800a5bb   Thumb Code     2  instruct.o(i.Instruct_Init)
    Instruct_Run                             0x0800a5bd   Thumb Code     2  instruct.o(i.Instruct_Run)
    KeyChecking_Attr                         0x0800a5c1   Thumb Code    22  keyexeattr.o(i.KeyChecking_Attr)
    KeyEepromInit                            0x0800a5dd   Thumb Code     4  keyexeattr.o(i.KeyEepromInit)
    KeyInit                                  0x0800a5e1   Thumb Code    38  keyexeattr.o(i.KeyInit)
    Key_Handle                               0x0800a611   Thumb Code   142  key.o(i.Key_Handle)
    Key_Scan                                 0x0800a6ad   Thumb Code   252  key.o(i.Key_Scan)
    LinkInit                                 0x0800a7bd   Thumb Code     8  linksrc.o(i.LinkInit)
    LinkSrcExe                               0x0800a7c5   Thumb Code   300  linksrc.o(i.LinkSrcExe)
    LowPower_CheckTime                       0x0800a8f5   Thumb Code    30  lowpower.o(i.LowPower_CheckTime)
    MY_NVIC_Init                             0x0800a919   Thumb Code    68  sys.o(i.MY_NVIC_Init)
    MY_NVIC_PriorityGroupConfig              0x0800a961   Thumb Code    32  sys.o(i.MY_NVIC_PriorityGroupConfig)
    ModifyLinkItem                           0x0800a989   Thumb Code    60  linkwrdc.o(i.ModifyLinkItem)
    Msg_Change                               0x0800a9c5   Thumb Code    32  cmdprocess.o(i.Msg_Change)
    Msg_Execute                              0x0800a9e5   Thumb Code   210  cmdprocess.o(i.Msg_Execute)
    Msg_Feedback                             0x0800aac1   Thumb Code   162  msgpackage.o(i.Msg_Feedback)
    Msg_Send                                 0x0800ac83   Thumb Code    68  msgpackage.o(i.Msg_Send)
    Msg_Upload                               0x0800acc7   Thumb Code    58  msgpackage.o(i.Msg_Upload)
    Msg_UploadUnit                           0x0800ad01   Thumb Code    62  msgpackage.o(i.Msg_UploadUnit)
    Object_Check                             0x0800ad41   Thumb Code  1152  object.o(i.Object_Check)
    PartionChange                            0x0800b1c5   Thumb Code   224  updata.o(i.PartionChange)
    ProcessSend_Fun                          0x0800b2c1   Thumb Code     8  cmdprocess.o(i.ProcessSend_Fun)
    Process_FIFOData                         0x0800b2cd   Thumb Code   106  cmdprocess.o(i.Process_FIFOData)
    Program_Erase                            0x0800b33d   Thumb Code    62  program.o(i.Program_Erase)
    Program_Read                             0x0800b381   Thumb Code    22  program.o(i.Program_Read)
    Program_Write                            0x0800b397   Thumb Code    48  program.o(i.Program_Write)
    Program_Write_Ext                        0x0800b3c9   Thumb Code   232  program.o(i.Program_Write_Ext)
    PropChangeScanAndExe                     0x0800b4b5   Thumb Code    46  linkscanfifo.o(i.PropChangeScanAndExe)
    PropEventFifo                            0x0800b4e9   Thumb Code    78  linkscanfifo.o(i.PropEventFifo)
    PropFifoInit                             0x0800b545   Thumb Code    14  linkscanfifo.o(i.PropFifoInit)
    QueryALink                               0x0800b55d   Thumb Code    50  linksimplest.o(i.QueryALink)
    QueryAllLinkFromTable                    0x0800b595   Thumb Code    64  linkwrdc.o(i.QueryAllLinkFromTable)
    QueryLink                                0x0800b5d9   Thumb Code    22  linkwrdc.o(i.QueryLink)
    QueryLinkItem                            0x0800b5ef   Thumb Code    56  linkwrdc.o(i.QueryLinkItem)
    ReadALink                                0x0800b629   Thumb Code    50  linksimplest.o(i.ReadALink)
    ReadDataFromEEPROM                       0x0800b661   Thumb Code   120  eeprom.o(i.ReadDataFromEEPROM)
    ReadLinkFromTable                        0x0800b6d9   Thumb Code    34  linkwrdc.o(i.ReadLinkFromTable)
    ReadLinkItem                             0x0800b6fb   Thumb Code    48  linkwrdc.o(i.ReadLinkItem)
    SI4432Test_Attr                          0x0800b8ed   Thumb Code    66  systestattr.o(i.SI4432Test_Attr)
    SI4432Test_Fail                          0x0800b945   Thumb Code    16  systestattr.o(i.SI4432Test_Fail)
    SPI2_Init                                0x0800ba09   Thumb Code   138  spi.o(i.SPI2_Init)
    SPI2_Port_Init                           0x0800ba9d   Thumb Code    28  spi.o(i.SPI2_Port_Init)
    SPI2_ReadWriteByte                       0x0800bab9   Thumb Code    86  spi.o(i.SPI2_ReadWriteByte)
    SPI2_SetSpeed                            0x0800bb15   Thumb Code    38  spi.o(i.SPI2_SetSpeed)
    SceneEEPROMUnit_Init                     0x0800bcad   Thumb Code    72  userdata.o(i.SceneEEPROMUnit_Init)
    SceneEEPROM_Clr                          0x0800bcf5   Thumb Code    84  userdata.o(i.SceneEEPROM_Clr)
    SceneEEPROM_Get                          0x0800bd49   Thumb Code    76  userdata.o(i.SceneEEPROM_Get)
    SceneEEPROM_Init                         0x0800bd95   Thumb Code    42  userdata.o(i.SceneEEPROM_Init)
    SceneEEPROM_Set                          0x0800bdbf   Thumb Code   144  userdata.o(i.SceneEEPROM_Set)
    SetRecTestStatus                         0x0800bec1   Thumb Code    14  si4432.o(i.SetRecTestStatus)
    Set_433Channel_Attr                      0x0800bfe5   Thumb Code    70  flashattr.o(i.Set_433Channel_Attr)
    Set_CmdAckNum_Attr                       0x0800c031   Thumb Code    42  sysexeattr.o(i.Set_CmdAckNum_Attr)
    Set_CommonType_Attr                      0x0800c061   Thumb Code   120  sysexeattr.o(i.Set_CommonType_Attr)
    Set_DelLinkForUnit_Attr                  0x0800c0dd   Thumb Code    40  sysexeattr.o(i.Set_DelLinkForUnit_Attr)
    Set_FaultFlag_Attr                       0x0800c105   Thumb Code    36  sysexeattr.o(i.Set_FaultFlag_Attr)
    Set_Group_Attr                           0x0800c129   Thumb Code   364  scene&group.o(i.Set_Group_Attr)
    Set_IAPDataCRC_Attr                      0x0800c295   Thumb Code   102  flashattr.o(i.Set_IAPDataCRC_Attr)
    Set_IAPPackSave_Attr                     0x0800c305   Thumb Code    66  flashattr.o(i.Set_IAPPackSave_Attr)
    Set_IAPReady_Attr                        0x0800c351   Thumb Code   182  flashattr.o(i.Set_IAPReady_Attr)
    Set_Link_Attr                            0x0800c429   Thumb Code    98  sysexeattr.o(i.Set_Link_Attr)
    Set_ManyUnit_Attr                        0x0800c48b   Thumb Code   102  unitshare_attr.o(i.Set_ManyUnit_Attr)
    Set_RepeatBandAddr_Attr                  0x0800c4f1   Thumb Code   134  sysexeattr.o(i.Set_RepeatBandAddr_Attr)
    Set_RepeatBroadcast_Attr                 0x0800c57d   Thumb Code    36  sysexeattr.o(i.Set_RepeatBroadcast_Attr)
    Set_ResetAddr_Attr                       0x0800c5a5   Thumb Code   272  sysexeattr.o(i.Set_ResetAddr_Attr)
    Set_Scene_Attr                           0x0800c6cd   Thumb Code   398  scene&group.o(i.Set_Scene_Attr)
    Set_Sign433_RecFrameStream_Attr          0x0800c85d   Thumb Code    66  sign433attr.o(i.Set_Sign433_RecFrameStream_Attr)
    Set_Sign433_StartRecFrame_Attr           0x0800c8ad   Thumb Code   100  sign433attr.o(i.Set_Sign433_StartRecFrame_Attr)
    Set_Sign433_StartSendFrame_Attr          0x0800c91d   Thumb Code    70  sign433attr.o(i.Set_Sign433_StartSendFrame_Attr)
    Set_Sign433_TestState_Attr               0x0800c971   Thumb Code    20  sign433attr.o(i.Set_Sign433_TestState_Attr)
    Set_UnitAble_Attr                        0x0800c98d   Thumb Code   120  sysexeattr.o(i.Set_UnitAble_Attr)
    Set_UnitArea_Attr                        0x0800ca09   Thumb Code   112  sysexeattr.o(i.Set_UnitArea_Attr)
    Set_UnitChecking_Attr                    0x0800ca7d   Thumb Code   110  unitshare_attr.o(i.Set_UnitChecking_Attr)
    Set_UnitType_Attr                        0x0800caf5   Thumb Code   120  sysexeattr.o(i.Set_UnitType_Attr)
    Set_UserDataFormat_Attr                  0x0800cb71   Thumb Code    94  sysexeattr.o(i.Set_UserDataFormat_Attr)
    Set_UserID_Attr                          0x0800cbd1   Thumb Code    42  sysexeattr.o(i.Set_UserID_Attr)
    ShakeMotor_Init                          0x0800cc01   Thumb Code    22  shakemotor.o(i.ShakeMotor_Init)
    ShakeMotor_Start                         0x0800cc17   Thumb Code    12  shakemotor.o(i.ShakeMotor_Start)
    ShakeMotor_Stop                          0x0800cc23   Thumb Code    12  shakemotor.o(i.ShakeMotor_Stop)
    Si4432_Idle                              0x0800cc45   Thumb Code    70  si4432.o(i.Si4432_Idle)
    Si4432_Init                              0x0800cc91   Thumb Code   676  si4432.o(i.Si4432_Init)
    Si4432_Send                              0x0800cfb1   Thumb Code    60  si4432.o(i.Si4432_Send)
    Sign433_SendTestFrame                    0x0800cff5   Thumb Code    82  sign433.o(i.Sign433_SendTestFrame)
    Sign433_SendTestFrameStream              0x0800d051   Thumb Code    26  sign433.o(i.Sign433_SendTestFrameStream)
    Sign433_SendTestReport                   0x0800d079   Thumb Code    54  sign433.o(i.Sign433_SendTestReport)
    StandbyCountReset                        0x0800d0b5   Thumb Code     8  lowpower.o(i.StandbyCountReset)
    SysAttr_Init                             0x0800d171   Thumb Code    46  sysexeattr.o(i.SysAttr_Init)
    SysEEPROMData_Init                       0x0800d1a5   Thumb Code    58  userdata.o(i.SysEEPROMData_Init)
    SysEEPROMData_Set                        0x0800d1e5   Thumb Code    24  userdata.o(i.SysEEPROMData_Set)
    SysHard_Init                             0x0800d201   Thumb Code    22  syshard.o(i.SysHard_Init)
    SysTick_Handler                          0x0800d219   Thumb Code    34  systick.o(i.SysTick_Handler)
    SysTick_Init                             0x0800d245   Thumb Code    42  systick.o(i.SysTick_Init)
    SystemInit                               0x0800d275   Thumb Code    88  system_stm32l1xx.o(i.SystemInit)
    Test_Init                                0x0800d2e1   Thumb Code    82  test.o(i.Test_Init)
    Thread_Init                              0x0800d369   Thumb Code     8  thread.o(i.Thread_Init)
    Thread_Login                             0x0800d375   Thumb Code   228  thread.o(i.Thread_Login)
    Thread_Logout                            0x0800d45d   Thumb Code    94  thread.o(i.Thread_Logout)
    Thread_Process                           0x0800d4c1   Thumb Code   100  thread.o(i.Thread_Process)
    Thread_RunCheck                          0x0800d529   Thumb Code    44  thread.o(i.Thread_RunCheck)
    Thread_Wake                              0x0800d559   Thumb Code   132  thread.o(i.Thread_Wake)
    Time_Get                                 0x0800d5e1   Thumb Code     6  systick.o(i.Time_Get)
    UART_Init                                0x0800d5ed   Thumb Code   150  usart.o(i.UART_Init)
    UART_Send                                0x0800d691   Thumb Code    44  usart.o(i.UART_Send)
    UART_Write                               0x0800d6bd   Thumb Code    48  usart.o(i.UART_Write)
    USART1_IRQHandler                        0x0800d6f1   Thumb Code    28  usart.o(i.USART1_IRQHandler)
    UnitCnt_Get                              0x0800d715   Thumb Code     4  unitcfg.o(i.UnitCnt_Get)
    UnitPrivateEEPROMData_Init               0x0800d719   Thumb Code    26  userdata.o(i.UnitPrivateEEPROMData_Init)
    UnitPrivateEEPROMUnitData_Init           0x0800d735   Thumb Code    28  userdata.o(i.UnitPrivateEEPROMUnitData_Init)
    UnitPublicEEPROMData_Get                 0x0800d755   Thumb Code    36  userdata.o(i.UnitPublicEEPROMData_Get)
    UnitPublicEEPROMData_Init                0x0800d779   Thumb Code    26  userdata.o(i.UnitPublicEEPROMData_Init)
    UnitPublicEEPROMData_Set                 0x0800d795   Thumb Code    32  userdata.o(i.UnitPublicEEPROMData_Set)
    UnitPublicEEPROMUnitData_Init            0x0800d7b9   Thumb Code    62  userdata.o(i.UnitPublicEEPROMUnitData_Init)
    Unit_Init                                0x0800d7fd   Thumb Code    48  unitcfg.o(i.Unit_Init)
    Updata_Calibrate                         0x0800d835   Thumb Code    30  updata.o(i.Updata_Calibrate)
    Updata_Channel                           0x0800d859   Thumb Code    86  updata.o(i.Updata_Channel)
    Updata_Check                             0x0800d8b9   Thumb Code    22  updata.o(i.Updata_Check)
    Updata_Flag                              0x0800d8d1   Thumb Code    38  updata.o(i.Updata_Flag)
    Updata_PackCheck                         0x0800d8fd   Thumb Code    76  updata.o(i.Updata_PackCheck)
    Updata_PackProcess                       0x0800d951   Thumb Code   112  updata.o(i.Updata_PackProcess)
    Updata_Ready                             0x0800d9d1   Thumb Code   142  updata.o(i.Updata_Ready)
    UpdateRandomTime                         0x0800da71   Thumb Code    10  systick.o(i.UpdateRandomTime)
    Upload                                   0x0800da85   Thumb Code    44  upload.o(i.Upload)
    Upload_Attr                              0x0800dab5   Thumb Code    56  upload.o(i.Upload_Attr)
    Upload_Fault                             0x0800daed   Thumb Code    34  upload.o(i.Upload_Fault)
    Upload_RESTART                           0x0800db19   Thumb Code    10  sysexeattr.o(i.Upload_RESTART)
    UserDataDownload_Init                    0x0800db25   Thumb Code    20  userdatadownload.o(i.UserDataDownload_Init)
    UserDataDownload_Ready                   0x0800db3d   Thumb Code   244  userdatadownload.o(i.UserDataDownload_Ready)
    UserDataFrame_Check                      0x0800dc5d   Thumb Code    78  userdatadownload.o(i.UserDataFrame_Check)
    UserDataFrame_Save                       0x0800dcb1   Thumb Code   134  userdatadownload.o(i.UserDataFrame_Save)
    UserData_Init                            0x0800dd3d   Thumb Code    92  userdata.o(i.UserData_Init)
    UserEEPROMData_Init                      0x0800dda1   Thumb Code    54  userdata.o(i.UserEEPROMData_Init)
    WDG_Feed                                 0x0800dddd   Thumb Code    10  wdg.o(i.WDG_Feed)
    WDG_FeedOFF                              0x0800dded   Thumb Code    10  wdg.o(i.WDG_FeedOFF)
    WDG_Init                                 0x0800ddfd   Thumb Code    48  wdg.o(i.WDG_Init)
    WTC6106_ReadKey                          0x0800de35   Thumb Code    10  wtc6106.o(i.WTC6106_ReadKey)
    WriteALink                               0x0800de45   Thumb Code   148  linksimplest.o(i.WriteALink)
    WriteDataToEEPROM                        0x0800dee1   Thumb Code   120  eeprom.o(i.WriteDataToEEPROM)
    WriteDataToEEPROMEx                      0x0800df59   Thumb Code   118  eeprom.o(i.WriteDataToEEPROMEx)
    WriteLinkItem                            0x0800dfcf   Thumb Code    94  linkwrdc.o(i.WriteLinkItem)
    WriteLinkToTable                         0x0800e02d   Thumb Code    62  linkwrdc.o(i.WriteLinkToTable)
    cmd_get                                  0x0800e071   Thumb Code   232  command.o(i.cmd_get)
    cmd_put                                  0x0800e161   Thumb Code   124  command.o(i.cmd_put)
    delay_ms                                 0x0800e1e5   Thumb Code    28  delay.o(i.delay_ms)
    delay_us                                 0x0800e201   Thumb Code    24  delay.o(i.delay_us)
    fifo_Init                                0x0800e219   Thumb Code    26  fifo.o(i.fifo_Init)
    fifo_cmp                                 0x0800e233   Thumb Code    62  fifo.o(i.fifo_cmp)
    fifo_empty                               0x0800e271   Thumb Code    18  fifo.o(i.fifo_empty)
    fifo_find                                0x0800e283   Thumb Code    92  fifo.o(i.fifo_find)
    fifo_gets                                0x0800e2fd   Thumb Code   124  fifo.o(i.fifo_gets)
    fifo_putc                                0x0800e379   Thumb Code    60  fifo.o(i.fifo_putc)
    fifo_puts                                0x0800e3b5   Thumb Code   106  fifo.o(i.fifo_puts)
    fifo_validSize                           0x0800e441   Thumb Code    30  fifo.o(i.fifo_validSize)
    main                                     0x0800e461   Thumb Code    54  main.o(i.main)
    memcmp                                   0x0800e4a1   Thumb Code    40  bestfulib.o(i.memcmp)
    memcpy                                   0x0800e4c9   Thumb Code    28  bestfulib.o(i.memcpy)
    memmove                                  0x0800e4e5   Thumb Code    58  bestfulib.o(i.memmove)
    memset                                   0x0800e51f   Thumb Code    18  bestfulib.o(i.memset)
    __aeabi_dadd                             0x0800e531   Thumb Code     0  daddsub_clz.o(x$fpl$dadd)
    _dadd                                    0x0800e531   Thumb Code   332  daddsub_clz.o(x$fpl$dadd)
    __aeabi_d2uiz                            0x0800e681   Thumb Code     0  dfixu.o(x$fpl$dfixu)
    _dfixu                                   0x0800e681   Thumb Code    90  dfixu.o(x$fpl$dfixu)
    __aeabi_ui2d                             0x0800e6db   Thumb Code     0  dflt_clz.o(x$fpl$dfltu)
    _dfltu                                   0x0800e6db   Thumb Code    38  dflt_clz.o(x$fpl$dfltu)
    __aeabi_dmul                             0x0800e701   Thumb Code     0  dmul.o(x$fpl$dmul)
    _dmul                                    0x0800e701   Thumb Code   332  dmul.o(x$fpl$dmul)
    __fpl_dnaninf                            0x0800e855   Thumb Code   156  dnaninf.o(x$fpl$dnaninf)
    __fpl_dretinf                            0x0800e8f1   Thumb Code    12  dretinf.o(x$fpl$dretinf)
    __aeabi_dsub                             0x0800e8fd   Thumb Code     0  daddsub_clz.o(x$fpl$dsub)
    _dsub                                    0x0800e8fd   Thumb Code   464  daddsub_clz.o(x$fpl$dsub)
    HeadCMD                                  0x0800ead0   Data           6  command.o(.constdata)
    __I$use$fp                               0x0800ead0   Number         0  usenofp.o(x$fpl$usenofp)
    TailCMD                                  0x0800ead6   Data           6  command.o(.constdata)
    CRCTable                                 0x0800eadc   Data         512  crc.o(.constdata)
    SysAttrTable                             0x0800ecdc   Data         560  sysexeattr.o(.constdata)
    Si4432Cfg_Tab                            0x0800ef14   Data          21  si4432.o(.constdata)
    VoltageTab                               0x0800ef32   Data          22  battery.o(.constdata)
    UnitTab                                  0x0800ef48   Data          32  unitcfg.o(.constdata)
    KeyAttrTab                               0x0800ef68   Data         112  keyexeattr.o(.constdata)
    Region$$Table$$Base                      0x0800efd8   Number         0  anon$$obj.o(Region$$Table)
    Region$$Table$$Limit                     0x0800eff8   Number         0  anon$$obj.o(Region$$Table)
    DelayID                                  0x20000004   Data           4  object.o(.data)
    Sign433_State                            0x20000009   Data           1  sign433.o(.data)
    PACK_SIZE                                0x2000000b   Data           1  updata.o(.data)
    err                                      0x2000000c   Data           1  updata.o(.data)
    TestRecFlag                              0x20000012   Data           1  si4432.o(.data)
    Test                                     0x20000024   Data           4  test.o(.data)
    gPowerPercent                            0x20000028   Data           1  battery.o(.data)
    ADC_GetFlag                              0x20000029   Data           1  batteryexeattr.o(.data)
    KeyCh                                    0x2000002c   Data           7  key.o(.data)
    rcv433fifo                               0x20000040   Data          16  cmdprocess.o(.bss)
    send433fifo                              0x20000050   Data          16  cmdprocess.o(.bss)
    rcvBuf                                   0x20000060   Data        1024  cmdprocess.o(.bss)
    rcv_433                                  0x20000860   Data         264  cmdprocess.o(.bss)
    send_433                                 0x20000968   Data         264  cmdprocess.o(.bss)
    propfifo                                 0x20000a70   Data          16  linkscanfifo.o(.bss)
    propbuf                                  0x20000a80   Data         128  linkscanfifo.o(.bss)
    ALink                                    0x20000b00   Data        1651  linksimplest.o(.bss)
    RData                                    0x20001174   Data         320  object.o(.bss)
    gSign433Comm                             0x200012b4   Data          12  sign433.o(.bss)
    IAP_FLAG                                 0x20001404   Data          16  updata.o(.bss)
    PACK_ID                                  0x20001414   Data         256  updata.o(.bss)
    gSysData                                 0x20001514   Data          31  userdata.o(.bss)
    UserDownload                             0x20001534   Data         140  userdatadownload.o(.bss)
    TestRecRSSI                              0x200015c0   Data         100  si4432.o(.bss)
    gUnitData                                0x20001624   Data          16  unitcfg.o(.bss)
    __libspace_start                         0x20001634   Data          96  libspace.o(.bss)
    __temporary_stack_top$libspace           0x20001694   Data           0  libspace.o(.bss)



==============================================================================

Memory Map of the image

  Image Entry point : 0x080084f5

  Load Region LR_IROM1 (Base: 0x08008400, Size: 0x00006c38, Max: 0x00010000, ABSOLUTE)

    Execution Region ER_IROM1 (Base: 0x08008400, Size: 0x00006bf8, Max: 0x00010000, ABSOLUTE)

    Base Addr    Size         Type   Attr      Idx    E Section Name        Object

    0x08008400   0x000000f4   Data   RO           86    RESET               startup_stm32l1xx_md.o
    0x080084f4   0x00000008   Code   RO         2986  * !!!main             c_w.l(__main.o)
    0x080084fc   0x00000034   Code   RO         3192    !!!scatter          c_w.l(__scatter.o)
    0x08008530   0x0000001a   Code   RO         3194    !!handler_copy      c_w.l(__scatter_copy.o)
    0x0800854a   0x00000002   PAD
    0x0800854c   0x0000001c   Code   RO         3196    !!handler_zi        c_w.l(__scatter_zi.o)
    0x08008568   0x00000002   Code   RO         3062    .ARM.Collect$$libinit$$00000000  c_w.l(libinit.o)
    0x0800856a   0x00000000   Code   RO         3069    .ARM.Collect$$libinit$$00000002  c_w.l(libinit2.o)
    0x0800856a   0x00000000   Code   RO         3071    .ARM.Collect$$libinit$$00000004  c_w.l(libinit2.o)
    0x0800856a   0x00000000   Code   RO         3074    .ARM.Collect$$libinit$$0000000A  c_w.l(libinit2.o)
    0x0800856a   0x00000000   Code   RO         3076    .ARM.Collect$$libinit$$0000000C  c_w.l(libinit2.o)
    0x0800856a   0x00000000   Code   RO         3078    .ARM.Collect$$libinit$$0000000E  c_w.l(libinit2.o)
    0x0800856a   0x00000000   Code   RO         3081    .ARM.Collect$$libinit$$00000011  c_w.l(libinit2.o)
    0x0800856a   0x00000000   Code   RO         3083    .ARM.Collect$$libinit$$00000013  c_w.l(libinit2.o)
    0x0800856a   0x00000000   Code   RO         3085    .ARM.Collect$$libinit$$00000015  c_w.l(libinit2.o)
    0x0800856a   0x00000000   Code   RO         3087    .ARM.Collect$$libinit$$00000017  c_w.l(libinit2.o)
    0x0800856a   0x00000000   Code   RO         3089    .ARM.Collect$$libinit$$00000019  c_w.l(libinit2.o)
    0x0800856a   0x00000000   Code   RO         3091    .ARM.Collect$$libinit$$0000001B  c_w.l(libinit2.o)
    0x0800856a   0x00000000   Code   RO         3093    .ARM.Collect$$libinit$$0000001D  c_w.l(libinit2.o)
    0x0800856a   0x00000000   Code   RO         3095    .ARM.Collect$$libinit$$0000001F  c_w.l(libinit2.o)
    0x0800856a   0x00000000   Code   RO         3097    .ARM.Collect$$libinit$$00000021  c_w.l(libinit2.o)
    0x0800856a   0x00000000   Code   RO         3099    .ARM.Collect$$libinit$$00000023  c_w.l(libinit2.o)
    0x0800856a   0x00000000   Code   RO         3101    .ARM.Collect$$libinit$$00000025  c_w.l(libinit2.o)
    0x0800856a   0x00000000   Code   RO         3105    .ARM.Collect$$libinit$$0000002C  c_w.l(libinit2.o)
    0x0800856a   0x00000000   Code   RO         3107    .ARM.Collect$$libinit$$0000002E  c_w.l(libinit2.o)
    0x0800856a   0x00000000   Code   RO         3109    .ARM.Collect$$libinit$$00000030  c_w.l(libinit2.o)
    0x0800856a   0x00000000   Code   RO         3111    .ARM.Collect$$libinit$$00000032  c_w.l(libinit2.o)
    0x0800856a   0x00000002   Code   RO         3112    .ARM.Collect$$libinit$$00000033  c_w.l(libinit2.o)
    0x0800856c   0x00000002   Code   RO         3132    .ARM.Collect$$libshutdown$$00000000  c_w.l(libshutdown.o)
    0x0800856e   0x00000000   Code   RO         3145    .ARM.Collect$$libshutdown$$00000002  c_w.l(libshutdown2.o)
    0x0800856e   0x00000000   Code   RO         3147    .ARM.Collect$$libshutdown$$00000004  c_w.l(libshutdown2.o)
    0x0800856e   0x00000000   Code   RO         3150    .ARM.Collect$$libshutdown$$00000007  c_w.l(libshutdown2.o)
    0x0800856e   0x00000000   Code   RO         3153    .ARM.Collect$$libshutdown$$0000000A  c_w.l(libshutdown2.o)
    0x0800856e   0x00000000   Code   RO         3155    .ARM.Collect$$libshutdown$$0000000C  c_w.l(libshutdown2.o)
    0x0800856e   0x00000000   Code   RO         3158    .ARM.Collect$$libshutdown$$0000000F  c_w.l(libshutdown2.o)
    0x0800856e   0x00000002   Code   RO         3159    .ARM.Collect$$libshutdown$$00000010  c_w.l(libshutdown2.o)
    0x08008570   0x00000000   Code   RO         3028    .ARM.Collect$$rtentry$$00000000  c_w.l(__rtentry.o)
    0x08008570   0x00000000   Code   RO         3039    .ARM.Collect$$rtentry$$00000002  c_w.l(__rtentry2.o)
    0x08008570   0x00000006   Code   RO         3051    .ARM.Collect$$rtentry$$00000004  c_w.l(__rtentry4.o)
    0x08008576   0x00000000   Code   RO         3041    .ARM.Collect$$rtentry$$00000009  c_w.l(__rtentry2.o)
    0x08008576   0x00000004   Code   RO         3042    .ARM.Collect$$rtentry$$0000000A  c_w.l(__rtentry2.o)
    0x0800857a   0x00000000   Code   RO         3044    .ARM.Collect$$rtentry$$0000000C  c_w.l(__rtentry2.o)
    0x0800857a   0x00000008   Code   RO         3045    .ARM.Collect$$rtentry$$0000000D  c_w.l(__rtentry2.o)
    0x08008582   0x00000002   Code   RO         3066    .ARM.Collect$$rtexit$$00000000  c_w.l(rtexit.o)
    0x08008584   0x00000000   Code   RO         3114    .ARM.Collect$$rtexit$$00000002  c_w.l(rtexit2.o)
    0x08008584   0x00000004   Code   RO         3115    .ARM.Collect$$rtexit$$00000003  c_w.l(rtexit2.o)
    0x08008588   0x00000006   Code   RO         3116    .ARM.Collect$$rtexit$$00000004  c_w.l(rtexit2.o)
    0x0800858e   0x00000002   PAD
    0x08008590   0x00000022   Code   RO         2229    .emb_text           sys.o
    0x080085b2   0x00000002   PAD
    0x080085b4   0x00000040   Code   RO           87    .text               startup_stm32l1xx_md.o
    0x080085f4   0x0000004e   Code   RO         2982    .text               c_w.l(rt_memclr_w.o)
    0x08008642   0x00000006   Code   RO         2984    .text               c_w.l(heapauxi.o)
    0x08008648   0x0000004a   Code   RO         3053    .text               c_w.l(sys_stackheap_outer.o)
    0x08008692   0x00000012   Code   RO         3055    .text               c_w.l(exit.o)
    0x080086a4   0x00000008   Code   RO         3063    .text               c_w.l(libspace.o)
    0x080086ac   0x0000000c   Code   RO         3124    .text               c_w.l(sys_exit.o)
    0x080086b8   0x00000002   Code   RO         3135    .text               c_w.l(use_no_semi.o)
    0x080086ba   0x00000000   Code   RO         3137    .text               c_w.l(indicate_semi.o)
    0x080086ba   0x00000002   PAD
    0x080086bc   0x000000e0   Code   RO         2496    i.ADC_Init          adc.o
    0x0800879c   0x00000020   Code   RO         2497    i.ADC_PortInit      adc.o
    0x080087bc   0x00000040   Code   RO         2498    i.ADC_Read          adc.o
    0x080087fc   0x00000068   Code   RO         2499    i.ADC_ReadAverage   adc.o
    0x08008864   0x0000000c   Code   RO         2500    i.ADC_TestPowerOFF  adc.o
    0x08008870   0x0000000c   Code   RO         2501    i.ADC_TestPowerON   adc.o
    0x0800887c   0x00000044   Code   RO          547    i.ALinkClr          linksimplest.o
    0x080088c0   0x00000030   Code   RO          548    i.ALinkInit         linksimplest.o
    0x080088f0   0x00000244   Code   RO         2548    i.Battery_GetPercent  battery.o
    0x08008b34   0x0000003c   Code   RO         2549    i.Battery_GetVoltage  battery.o
    0x08008b70   0x00000028   Code   RO         2585    i.Battery_Init      batteryexeattr.o
    0x08008b98   0x00000038   Code   RO         1382    i.Channel_Get       updata.o
    0x08008bd0   0x00000018   Code   RO          549    i.CheckALinkFull    linksimplest.o
    0x08008be8   0x00000012   Code   RO          664    i.CheckLinkFull     linkwrdc.o
    0x08008bfa   0x00000002   PAD
    0x08008bfc   0x000000a4   Code   RO         2066    i.Check_433M_Busy   si4432.o
    0x08008ca0   0x00000070   Code   RO          817    i.Check_Area        object.o
    0x08008d10   0x000000c4   Code   RO          818    i.Check_Repeat      object.o
    0x08008dd4   0x00000060   Code   RO          550    i.ChkALinkIsExist   linksimplest.o
    0x08008e34   0x00000038   Code   RO          251    i.ChkCrcValue       crc.o
    0x08008e6c   0x0000001a   Code   RO          665    i.ChkLinkIsExist    linkwrdc.o
    0x08008e86   0x0000000a   Code   RO          915    i.ClearRecTestStatus  sign433.o
    0x08008e90   0x00000082   Code   RO          622    i.CmpSampAndLinkValue  linksrc.o
    0x08008f12   0x00000002   PAD
    0x08008f14   0x00000024   Code   RO         1784    i.DATA_EEPROM_Unlock  flash.o
    0x08008f38   0x00000014   Code   RO          133    i.DataSend_Thread   cmdprocess.o
    0x08008f4c   0x00000040   Code   RO          899    i.DecryptionFlash   scene&group.o
    0x08008f8c   0x000000f4   Code   RO          551    i.DelALink          linksimplest.o
    0x08009080   0x00000034   Code   RO          666    i.DelAllLinkFromTable  linkwrdc.o
    0x080090b4   0x00000080   Code   RO          668    i.DelLinkForUnit    linkwrdc.o
    0x08009134   0x0000001e   Code   RO          669    i.DelLinkFromTable  linkwrdc.o
    0x08009152   0x0000002e   Code   RO          670    i.DelLinkItem       linkwrdc.o
    0x08009180   0x0000001a   Code   RO         1898    i.Delay_nNOP        i2c.o
    0x0800919a   0x00000002   Code   RO         1761    i.DeviceResetCheck_Init  devicereset.o
    0x0800919c   0x0000002e   Code   RO         1486    i.EEPROM_Write      userdata.o
    0x080091ca   0x00000002   PAD
    0x080091cc   0x0000000c   Code   RO         2641    i.EXTI0_IRQHandler  lowpower.o
    0x080091d8   0x0000001c   Code   RO         2067    i.EXTI15_10_IRQHandler  si4432.o
    0x080091f4   0x0000009c   Code   RO         2230    i.Ex_NVIC_Config    sys.o
    0x08009290   0x0000006c   Code   RO          134    i.FIFOInit          cmdprocess.o
    0x080092fc   0x0000005c   Code   RO         1785    i.FLASH_ErasePage   flash.o
    0x08009358   0x00000016   Code   RO         1487    i.FaultData_Get     userdata.o
    0x0800936e   0x0000000e   Code   RO         1488    i.FaultData_Init    userdata.o
    0x0800937c   0x00000020   Code   RO         1489    i.FaultData_Save    userdata.o
    0x0800939c   0x00000014   Code   RO         1452    i.FaultMsg          upload.o
    0x080093b0   0x00000050   Code   RO          355    i.Fault_Upload      faultmanage.o
    0x08009400   0x00000088   Code   RO         2009    i.FlashEncryptionInit  program.o
    0x08009488   0x00000004   Code   RO         2010    i.Flash_DefaultValue  program.o
    0x0800948c   0x0000001c   Code   RO         1786    i.Flash_EOP         flash.o
    0x080094a8   0x00000038   Code   RO         1787    i.Flash_Status      flash.o
    0x080094e0   0x0000002c   Code   RO         1788    i.Flash_Unlock      flash.o
    0x0800950c   0x0000003a   Code   RO         1789    i.Flash_Write       flash.o
    0x08009546   0x00000002   PAD
    0x08009548   0x00000014   Code   RO         1790    i.Flash_lock        flash.o
    0x0800955c   0x00000060   Code   RO         1848    i.GPIOx_AF          gpio.o
    0x080095bc   0x00000098   Code   RO         1849    i.GPIOx_Cfg         gpio.o
    0x08009654   0x00000014   Code   RO         1850    i.GPIOx_Get         gpio.o
    0x08009668   0x00000014   Code   RO         1851    i.GPIOx_Rst         gpio.o
    0x0800967c   0x00000018   Code   RO         1853    i.GPIOx_Set         gpio.o
    0x08009694   0x00000054   Code   RO          552    i.GetALinkNum       linksimplest.o
    0x080096e8   0x00000016   Code   RO          671    i.GetLinkNum        linkwrdc.o
    0x080096fe   0x00000002   PAD
    0x08009700   0x00000008   Code   RO         2068    i.GetRSSIPara       si4432.o
    0x08009708   0x00000004   Code   RO         2069    i.GetThresholdPara  si4432.o
    0x0800970c   0x00000014   Code   RO          451    i.Get_433Channel_Attr  flashattr.o
    0x08009720   0x00000014   Code   RO         1049    i.Get_CmdAckNum_Attr  sysexeattr.o
    0x08009734   0x0000006c   Code   RO         1050    i.Get_CommonType_Attr  sysexeattr.o
    0x080097a0   0x00000014   Code   RO         1051    i.Get_DeviceAddr_Attr  sysexeattr.o
    0x080097b4   0x00000016   Code   RO          974    i.Get_DeviceThreshold_Attr  sign433attr.o
    0x080097ca   0x00000002   PAD
    0x080097cc   0x00000050   Code   RO         1052    i.Get_DeviceType_Attr  sysexeattr.o
    0x0800981c   0x00000052   Code   RO         1053    i.Get_Eeprom_Info_Attr  sysexeattr.o
    0x0800986e   0x00000014   Code   RO         1054    i.Get_FaultFlag_Attr  sysexeattr.o
    0x08009882   0x0000005e   Code   RO          866    i.Get_Group_Attr    scene&group.o
    0x080098e0   0x00000048   Code   RO          452    i.Get_IAPPackCheck_Attr  flashattr.o
    0x08009928   0x00000044   Code   RO         1055    i.Get_Link_Attr     sysexeattr.o
    0x0800996c   0x0000013c   Code   RO         1356    i.Get_ManyUnit_Attr  unitshare_attr.o
    0x08009aa8   0x00000024   Code   RO         2587    i.Get_PowerPercent_Attr  batteryexeattr.o
    0x08009acc   0x00000088   Code   RO         1056    i.Get_RepeatBandAddr_Attr  sysexeattr.o
    0x08009b54   0x0000001c   Code   RO         1057    i.Get_RepeatBroadcast_Attr  sysexeattr.o
    0x08009b70   0x00000084   Code   RO         1058    i.Get_ResetAddr_Attr  sysexeattr.o
    0x08009bf4   0x00000068   Code   RO          867    i.Get_Scene_Attr    scene&group.o
    0x08009c5c   0x0000000c   Code   RO          975    i.Get_Sign433_MasterAddr  sign433attr.o
    0x08009c68   0x00000038   Code   RO          976    i.Get_Sign433_StartRecFrame_Attr  sign433attr.o
    0x08009ca0   0x00000038   Code   RO          977    i.Get_Sign433_StartSendFrame_Attr  sign433attr.o
    0x08009cd8   0x0000000c   Code   RO          978    i.Get_Sign433_TestPackNum  sign433attr.o
    0x08009ce4   0x00000014   Code   RO          979    i.Get_Sign433_TestState_Attr  sign433attr.o
    0x08009cf8   0x00000018   Code   RO         2940    i.Get_TouchKey_Attr  keyexeattr.o
    0x08009d10   0x00000018   Code   RO         1791    i.Get_UniqueDeviceID  flash.o
    0x08009d28   0x0000006c   Code   RO         1059    i.Get_UnitAble_Attr  sysexeattr.o
    0x08009d94   0x00000068   Code   RO         1060    i.Get_UnitArea_Attr  sysexeattr.o
    0x08009dfc   0x0000006c   Code   RO         1061    i.Get_UnitType_Attr  sysexeattr.o
    0x08009e68   0x00000014   Code   RO         1062    i.Get_UserID_Attr   sysexeattr.o
    0x08009e7c   0x0000006c   Code   RO         1063    i.Get_Version_Attr  sysexeattr.o
    0x08009ee8   0x0000003c   Code   RO         1490    i.GroupEEPROMUnit_Init  userdata.o
    0x08009f24   0x000000e0   Code   RO         1491    i.GroupEEPROM_Clr   userdata.o
    0x0800a004   0x00000078   Code   RO         1492    i.GroupEEPROM_Get   userdata.o
    0x0800a07c   0x0000001a   Code   RO         1493    i.GroupEEPROM_Init  userdata.o
    0x0800a096   0x00000002   PAD
    0x0800a098   0x000000d4   Code   RO         1494    i.GroupEEPROM_Set   userdata.o
    0x0800a16c   0x0000006c   Code   RO         2307    i.HardID_Change     syshard.o
    0x0800a1d8   0x00000088   Code   RO         2308    i.HardID_Check      syshard.o
    0x0800a260   0x00000006   Code   RO         2455    i.HardWDGTest_Attr  wdg.o
    0x0800a266   0x00000044   Code   RO         1899    i.I2C_ACK           i2c.o
    0x0800a2aa   0x00000016   Code   RO         1900    i.I2C_Init          i2c.o
    0x0800a2c0   0x00000088   Code   RO         1901    i.I2C_RecvB_Ack     i2c.o
    0x0800a348   0x00000062   Code   RO         1902    i.I2C_SendB_Ack     i2c.o
    0x0800a3aa   0x00000030   Code   RO         1903    i.I2C_Start         i2c.o
    0x0800a3da   0x0000002e   Code   RO         1904    i.I2C_Stop          i2c.o
    0x0800a408   0x00000084   Code   RO         1905    i.I2C_WaitAck       i2c.o
    0x0800a48c   0x00000028   Code   RO         1906    i.IIC_GetState      i2c.o
    0x0800a4b4   0x00000066   Code   RO         1907    i.IIC_Read          i2c.o
    0x0800a51a   0x00000050   Code   RO         1908    i.IIC_Write         i2c.o
    0x0800a56a   0x0000004e   Code   RO         1909    i.IIC_WriteSame     i2c.o
    0x0800a5b8   0x00000002   Code   RO         1977    i.Instruct          instruct.o
    0x0800a5ba   0x00000002   Code   RO         1978    i.Instruct_Init     instruct.o
    0x0800a5bc   0x00000002   Code   RO         1979    i.Instruct_Run      instruct.o
    0x0800a5be   0x00000002   PAD
    0x0800a5c0   0x0000001c   Code   RO         2941    i.KeyChecking_Attr  keyexeattr.o
    0x0800a5dc   0x00000004   Code   RO         2942    i.KeyEepromInit     keyexeattr.o
    0x0800a5e0   0x00000030   Code   RO         2943    i.KeyInit           keyexeattr.o
    0x0800a610   0x0000009c   Code   RO         2886    i.Key_Handle        key.o
    0x0800a6ac   0x00000110   Code   RO         2888    i.Key_Scan          key.o
    0x0800a7bc   0x00000008   Code   RO          626    i.LinkInit          linksrc.o
    0x0800a7c4   0x00000130   Code   RO          627    i.LinkSrcExe        linksrc.o
    0x0800a8f4   0x00000024   Code   RO         2642    i.LowPower_CheckTime  lowpower.o
    0x0800a918   0x00000048   Code   RO         2234    i.MY_NVIC_Init      sys.o
    0x0800a960   0x00000028   Code   RO         2235    i.MY_NVIC_PriorityGroupConfig  sys.o
    0x0800a988   0x0000003c   Code   RO          672    i.ModifyLinkItem    linkwrdc.o
    0x0800a9c4   0x00000020   Code   RO          135    i.Msg_Change        cmdprocess.o
    0x0800a9e4   0x000000dc   Code   RO          136    i.Msg_Execute       cmdprocess.o
    0x0800aac0   0x000000b0   Code   RO          770    i.Msg_Feedback      msgpackage.o
    0x0800ab70   0x00000020   Code   RO          137    i.Msg_Level         cmdprocess.o
    0x0800ab90   0x0000004c   Code   RO          771    i.Msg_Package       msgpackage.o
    0x0800abdc   0x00000076   Code   RO          138    i.Msg_Process       cmdprocess.o
    0x0800ac52   0x00000030   Code   RO          139    i.Msg_ReturnType    cmdprocess.o
    0x0800ac82   0x00000044   Code   RO          772    i.Msg_Send          msgpackage.o
    0x0800acc6   0x0000003a   Code   RO          773    i.Msg_Upload        msgpackage.o
    0x0800ad00   0x0000003e   Code   RO          774    i.Msg_UploadUnit    msgpackage.o
    0x0800ad3e   0x00000002   PAD
    0x0800ad40   0x00000484   Code   RO          819    i.Object_Check      object.o
    0x0800b1c4   0x000000fc   Code   RO         1383    i.PartionChange     updata.o
    0x0800b2c0   0x0000000c   Code   RO          140    i.ProcessSend_Fun   cmdprocess.o
    0x0800b2cc   0x00000070   Code   RO          141    i.Process_FIFOData  cmdprocess.o
    0x0800b33c   0x00000044   Code   RO         2011    i.Program_Erase     program.o
    0x0800b380   0x00000016   Code   RO         2012    i.Program_Read      program.o
    0x0800b396   0x00000030   Code   RO         2014    i.Program_Write     program.o
    0x0800b3c6   0x00000002   PAD
    0x0800b3c8   0x000000ec   Code   RO         2015    i.Program_Write_Ext  program.o
    0x0800b4b4   0x00000034   Code   RO          501    i.PropChangeScanAndExe  linkscanfifo.o
    0x0800b4e8   0x0000005c   Code   RO          502    i.PropEventFifo     linkscanfifo.o
    0x0800b544   0x00000018   Code   RO          503    i.PropFifoInit      linkscanfifo.o
    0x0800b55c   0x00000038   Code   RO          553    i.QueryALink        linksimplest.o
    0x0800b594   0x00000044   Code   RO          673    i.QueryAllLinkFromTable  linkwrdc.o
    0x0800b5d8   0x00000016   Code   RO          674    i.QueryLink         linkwrdc.o
    0x0800b5ee   0x00000038   Code   RO          675    i.QueryLinkItem     linkwrdc.o
    0x0800b626   0x00000002   PAD
    0x0800b628   0x00000038   Code   RO          554    i.ReadALink         linksimplest.o
    0x0800b660   0x00000078   Code   RO          313    i.ReadDataFromEEPROM  eeprom.o
    0x0800b6d8   0x00000022   Code   RO          676    i.ReadLinkFromTable  linkwrdc.o
    0x0800b6fa   0x00000030   Code   RO          677    i.ReadLinkItem      linkwrdc.o
    0x0800b72a   0x00000002   PAD
    0x0800b72c   0x000001c0   Code   RO         2070    i.RecDataToFifo     si4432.o
    0x0800b8ec   0x00000058   Code   RO         1263    i.SI4432Test_Attr   systestattr.o
    0x0800b944   0x00000014   Code   RO         1264    i.SI4432Test_Fail   systestattr.o
    0x0800b958   0x0000000c   Code   RO         2071    i.SI4432_SendEn     si4432.o
    0x0800b964   0x000000a2   Code   RO         2072    i.SI4432_Send_All_Data  si4432.o
    0x0800ba06   0x00000002   PAD
    0x0800ba08   0x00000094   Code   RO         2185    i.SPI2_Init         spi.o
    0x0800ba9c   0x0000001c   Code   RO         2186    i.SPI2_Port_Init    spi.o
    0x0800bab8   0x0000005c   Code   RO         2187    i.SPI2_ReadWriteByte  spi.o
    0x0800bb14   0x0000002c   Code   RO         2188    i.SPI2_SetSpeed     spi.o
    0x0800bb40   0x0000002c   Code   RO         2073    i.SPI_RW_Reg        si4432.o
    0x0800bb6c   0x0000004c   Code   RO         1495    i.SceneEEPROMData_Clr  userdata.o
    0x0800bbb8   0x00000010   Code   RO         1496    i.SceneEEPROMData_Init  userdata.o
    0x0800bbc8   0x00000014   Code   RO         1497    i.SceneEEPROMData_Save  userdata.o
    0x0800bbdc   0x00000074   Code   RO         1498    i.SceneEEPROMData_Seat  userdata.o
    0x0800bc50   0x0000003c   Code   RO         1499    i.SceneEEPROMSave_Addr  userdata.o
    0x0800bc8c   0x00000020   Code   RO         1500    i.SceneEEPROMSave_Seat  userdata.o
    0x0800bcac   0x00000048   Code   RO         1501    i.SceneEEPROMUnit_Init  userdata.o
    0x0800bcf4   0x00000054   Code   RO         1502    i.SceneEEPROM_Clr   userdata.o
    0x0800bd48   0x0000004c   Code   RO         1503    i.SceneEEPROM_Get   userdata.o
    0x0800bd94   0x0000002a   Code   RO         1504    i.SceneEEPROM_Init  userdata.o
    0x0800bdbe   0x00000090   Code   RO         1505    i.SceneEEPROM_Set   userdata.o
    0x0800be4e   0x00000002   PAD
    0x0800be50   0x00000054   Code   RO         2074    i.SetMode_RX        si4432.o
    0x0800bea4   0x0000001c   Code   RO         2075    i.SetMode_TX        si4432.o
    0x0800bec0   0x00000014   Code   RO         2076    i.SetRecTestStatus  si4432.o
    0x0800bed4   0x00000110   Code   RO            3    i.SetSysClock       system_stm32l1xx.o
    0x0800bfe4   0x0000004c   Code   RO          453    i.Set_433Channel_Attr  flashattr.o
    0x0800c030   0x00000030   Code   RO         1064    i.Set_CmdAckNum_Attr  sysexeattr.o
    0x0800c060   0x0000007c   Code   RO         1065    i.Set_CommonType_Attr  sysexeattr.o
    0x0800c0dc   0x00000028   Code   RO         1066    i.Set_DelLinkForUnit_Attr  sysexeattr.o
    0x0800c104   0x00000024   Code   RO         1067    i.Set_FaultFlag_Attr  sysexeattr.o
    0x0800c128   0x0000016c   Code   RO          868    i.Set_Group_Attr    scene&group.o
    0x0800c294   0x00000070   Code   RO          454    i.Set_IAPDataCRC_Attr  flashattr.o
    0x0800c304   0x0000004c   Code   RO          455    i.Set_IAPPackSave_Attr  flashattr.o
    0x0800c350   0x000000d8   Code   RO          456    i.Set_IAPReady_Attr  flashattr.o
    0x0800c428   0x00000062   Code   RO         1068    i.Set_Link_Attr     sysexeattr.o
    0x0800c48a   0x00000066   Code   RO         1357    i.Set_ManyUnit_Attr  unitshare_attr.o
    0x0800c4f0   0x0000008c   Code   RO         1069    i.Set_RepeatBandAddr_Attr  sysexeattr.o
    0x0800c57c   0x00000028   Code   RO         1070    i.Set_RepeatBroadcast_Attr  sysexeattr.o
    0x0800c5a4   0x00000128   Code   RO         1071    i.Set_ResetAddr_Attr  sysexeattr.o
    0x0800c6cc   0x0000018e   Code   RO          869    i.Set_Scene_Attr    scene&group.o
    0x0800c85a   0x00000002   PAD
    0x0800c85c   0x00000050   Code   RO          980    i.Set_Sign433_RecFrameStream_Attr  sign433attr.o
    0x0800c8ac   0x00000070   Code   RO          981    i.Set_Sign433_StartRecFrame_Attr  sign433attr.o
    0x0800c91c   0x00000054   Code   RO          982    i.Set_Sign433_StartSendFrame_Attr  sign433attr.o
    0x0800c970   0x0000001c   Code   RO          983    i.Set_Sign433_TestState_Attr  sign433attr.o
    0x0800c98c   0x0000007c   Code   RO         1072    i.Set_UnitAble_Attr  sysexeattr.o
    0x0800ca08   0x00000074   Code   RO         1073    i.Set_UnitArea_Attr  sysexeattr.o
    0x0800ca7c   0x00000078   Code   RO         1358    i.Set_UnitChecking_Attr  unitshare_attr.o
    0x0800caf4   0x0000007c   Code   RO         1074    i.Set_UnitType_Attr  sysexeattr.o
    0x0800cb70   0x0000005e   Code   RO         1075    i.Set_UserDataFormat_Attr  sysexeattr.o
    0x0800cbce   0x00000002   PAD
    0x0800cbd0   0x00000030   Code   RO         1076    i.Set_UserID_Attr   sysexeattr.o
    0x0800cc00   0x00000016   Code   RO         2840    i.ShakeMotor_Init   shakemotor.o
    0x0800cc16   0x0000000c   Code   RO         2842    i.ShakeMotor_Start  shakemotor.o
    0x0800cc22   0x0000000c   Code   RO         2843    i.ShakeMotor_Stop   shakemotor.o
    0x0800cc2e   0x00000002   PAD
    0x0800cc30   0x00000014   Code   RO         2077    i.Si4432_Fault      si4432.o
    0x0800cc44   0x0000004c   Code   RO         2078    i.Si4432_Idle       si4432.o
    0x0800cc90   0x000002ac   Code   RO         2079    i.Si4432_Init       si4432.o
    0x0800cf3c   0x00000074   Code   RO         2080    i.Si4432_PortInit   si4432.o
    0x0800cfb0   0x00000044   Code   RO         2081    i.Si4432_Send       si4432.o
    0x0800cff4   0x0000005c   Code   RO          916    i.Sign433_SendTestFrame  sign433.o
    0x0800d050   0x00000028   Code   RO          917    i.Sign433_SendTestFrameStream  sign433.o
    0x0800d078   0x0000003c   Code   RO          918    i.Sign433_SendTestReport  sign433.o
    0x0800d0b4   0x0000000c   Code   RO         2643    i.StandbyCountReset  lowpower.o
    0x0800d0c0   0x000000b0   Code   RO         2644    i.Standby_Mode      lowpower.o
    0x0800d170   0x00000034   Code   RO         1077    i.SysAttr_Init      sysexeattr.o
    0x0800d1a4   0x00000040   Code   RO         1506    i.SysEEPROMData_Init  userdata.o
    0x0800d1e4   0x0000001c   Code   RO         1507    i.SysEEPROMData_Set  userdata.o
    0x0800d200   0x00000016   Code   RO         2309    i.SysHard_Init      syshard.o
    0x0800d216   0x00000002   PAD
    0x0800d218   0x0000002c   Code   RO         2343    i.SysTick_Handler   systick.o
    0x0800d244   0x00000030   Code   RO         2344    i.SysTick_Init      systick.o
    0x0800d274   0x0000006c   Code   RO            5    i.SystemInit        system_stm32l1xx.o
    0x0800d2e0   0x0000005c   Code   RO         2388    i.Test_Init         test.o
    0x0800d33c   0x0000002c   Code   RO         1295    i.Thread_Check      thread.o
    0x0800d368   0x0000000c   Code   RO         1297    i.Thread_Init       thread.o
    0x0800d374   0x000000e8   Code   RO         1298    i.Thread_Login      thread.o
    0x0800d45c   0x00000064   Code   RO         1299    i.Thread_Logout     thread.o
    0x0800d4c0   0x00000068   Code   RO         1300    i.Thread_Process    thread.o
    0x0800d528   0x00000030   Code   RO         1302    i.Thread_RunCheck   thread.o
    0x0800d558   0x00000088   Code   RO         1303    i.Thread_Wake       thread.o
    0x0800d5e0   0x0000000c   Code   RO         2345    i.Time_Get          systick.o
    0x0800d5ec   0x000000a4   Code   RO         2414    i.UART_Init         usart.o
    0x0800d690   0x0000002c   Code   RO         2415    i.UART_Send         usart.o
    0x0800d6bc   0x00000034   Code   RO         2416    i.UART_Write        usart.o
    0x0800d6f0   0x00000024   Code   RO         2417    i.USART1_IRQHandler  usart.o
    0x0800d714   0x00000004   Code   RO         2736    i.UnitCnt_Get       unitcfg.o
    0x0800d718   0x0000001a   Code   RO         1508    i.UnitPrivateEEPROMData_Init  userdata.o
    0x0800d732   0x00000002   PAD
    0x0800d734   0x00000020   Code   RO         1509    i.UnitPrivateEEPROMUnitData_Init  userdata.o
    0x0800d754   0x00000024   Code   RO         1510    i.UnitPublicEEPROMData_Get  userdata.o
    0x0800d778   0x0000001a   Code   RO         1511    i.UnitPublicEEPROMData_Init  userdata.o
    0x0800d792   0x00000002   PAD
    0x0800d794   0x00000024   Code   RO         1512    i.UnitPublicEEPROMData_Set  userdata.o
    0x0800d7b8   0x00000044   Code   RO         1513    i.UnitPublicEEPROMUnitData_Init  userdata.o
    0x0800d7fc   0x00000038   Code   RO         2737    i.Unit_Init         unitcfg.o
    0x0800d834   0x00000024   Code   RO         1384    i.Updata_Calibrate  updata.o
    0x0800d858   0x00000060   Code   RO         1385    i.Updata_Channel    updata.o
    0x0800d8b8   0x00000016   Code   RO         1386    i.Updata_Check      updata.o
    0x0800d8ce   0x00000002   PAD
    0x0800d8d0   0x0000002c   Code   RO         1387    i.Updata_Flag       updata.o
    0x0800d8fc   0x00000054   Code   RO         1388    i.Updata_PackCheck  updata.o
    0x0800d950   0x00000080   Code   RO         1389    i.Updata_PackProcess  updata.o
    0x0800d9d0   0x000000a0   Code   RO         1390    i.Updata_Ready      updata.o
    0x0800da70   0x00000014   Code   RO         2346    i.UpdateRandomTime  systick.o
    0x0800da84   0x00000030   Code   RO         1453    i.Upload            upload.o
    0x0800dab4   0x00000038   Code   RO         1454    i.Upload_Attr       upload.o
    0x0800daec   0x0000002c   Code   RO         1455    i.Upload_Fault      upload.o
    0x0800db18   0x0000000a   Code   RO         1078    i.Upload_RESTART    sysexeattr.o
    0x0800db22   0x00000002   PAD
    0x0800db24   0x00000018   Code   RO         1717    i.UserDataDownload_Init  userdatadownload.o
    0x0800db3c   0x00000120   Code   RO         1718    i.UserDataDownload_Ready  userdatadownload.o
    0x0800dc5c   0x00000054   Code   RO         1719    i.UserDataFrame_Check  userdatadownload.o
    0x0800dcb0   0x0000008c   Code   RO         1720    i.UserDataFrame_Save  userdatadownload.o
    0x0800dd3c   0x00000064   Code   RO         1514    i.UserData_Init     userdata.o
    0x0800dda0   0x0000003c   Code   RO         1515    i.UserEEPROMData_Init  userdata.o
    0x0800dddc   0x00000010   Code   RO         2456    i.WDG_Feed          wdg.o
    0x0800ddec   0x00000010   Code   RO         2457    i.WDG_FeedOFF       wdg.o
    0x0800ddfc   0x00000038   Code   RO         2458    i.WDG_Init          wdg.o
    0x0800de34   0x00000010   Code   RO         2772    i.WTC6106_ReadKey   wtc6106.o
    0x0800de44   0x0000009c   Code   RO          555    i.WriteALink        linksimplest.o
    0x0800dee0   0x00000078   Code   RO          314    i.WriteDataToEEPROM  eeprom.o
    0x0800df58   0x00000076   Code   RO          315    i.WriteDataToEEPROMEx  eeprom.o
    0x0800dfce   0x0000005e   Code   RO          678    i.WriteLinkItem     linkwrdc.o
    0x0800e02c   0x00000044   Code   RO          679    i.WriteLinkToTable  linkwrdc.o
    0x0800e070   0x000000f0   Code   RO          224    i.cmd_get           command.o
    0x0800e160   0x00000084   Code   RO          225    i.cmd_put           command.o
    0x0800e1e4   0x0000001c   Code   RO          274    i.delay_ms          delay.o
    0x0800e200   0x00000018   Code   RO          275    i.delay_us          delay.o
    0x0800e218   0x0000001a   Code   RO          373    i.fifo_Init         fifo.o
    0x0800e232   0x0000003e   Code   RO          375    i.fifo_cmp          fifo.o
    0x0800e270   0x00000012   Code   RO          376    i.fifo_empty        fifo.o
    0x0800e282   0x0000005c   Code   RO          377    i.fifo_find         fifo.o
    0x0800e2de   0x0000001e   Code   RO          378    i.fifo_full         fifo.o
    0x0800e2fc   0x0000007c   Code   RO          380    i.fifo_gets         fifo.o
    0x0800e378   0x0000003c   Code   RO          381    i.fifo_putc         fifo.o
    0x0800e3b4   0x0000006a   Code   RO          382    i.fifo_puts         fifo.o
    0x0800e41e   0x00000022   Code   RO          383    i.fifo_surplusSize  fifo.o
    0x0800e440   0x0000001e   Code   RO          384    i.fifo_validSize    fifo.o
    0x0800e45e   0x00000002   PAD
    0x0800e460   0x00000040   Code   RO         2718    i.main              main.o
    0x0800e4a0   0x00000028   Code   RO           92    i.memcmp            bestfulib.o
    0x0800e4c8   0x0000001c   Code   RO           93    i.memcpy            bestfulib.o
    0x0800e4e4   0x0000003a   Code   RO           95    i.memmove           bestfulib.o
    0x0800e51e   0x00000012   Code   RO           96    i.memset            bestfulib.o
    0x0800e530   0x00000150   Code   RO         2988    x$fpl$dadd          fz_ws.l(daddsub_clz.o)
    0x0800e680   0x0000005a   Code   RO         2994    x$fpl$dfixu         fz_ws.l(dfixu.o)
    0x0800e6da   0x00000026   Code   RO         2998    x$fpl$dfltu         fz_ws.l(dflt_clz.o)
    0x0800e700   0x00000154   Code   RO         3004    x$fpl$dmul          fz_ws.l(dmul.o)
    0x0800e854   0x0000009c   Code   RO         3029    x$fpl$dnaninf       fz_ws.l(dnaninf.o)
    0x0800e8f0   0x0000000c   Code   RO         3031    x$fpl$dretinf       fz_ws.l(dretinf.o)
    0x0800e8fc   0x000001d4   Code   RO         2990    x$fpl$dsub          fz_ws.l(daddsub_clz.o)
    0x0800ead0   0x00000000   Code   RO         3037    x$fpl$usenofp       fz_ws.l(usenofp.o)
    0x0800ead0   0x0000000c   Data   RO          226    .constdata          command.o
    0x0800eadc   0x00000200   Data   RO          253    .constdata          crc.o
    0x0800ecdc   0x00000230   Data   RO         1079    .constdata          sysexeattr.o
    0x0800ef0c   0x00000008   Data   RO         2016    .constdata          program.o
    0x0800ef14   0x0000001e   Data   RO         2083    .constdata          si4432.o
    0x0800ef32   0x00000016   Data   RO         2550    .constdata          battery.o
    0x0800ef48   0x00000020   Data   RO         2739    .constdata          unitcfg.o
    0x0800ef68   0x00000070   Data   RO         2944    .constdata          keyexeattr.o
    0x0800efd8   0x00000020   Data   RO         3190    Region$$Table       anon$$obj.o


    Execution Region RW_IRAM1 (Base: 0x20000000, Size: 0x00002098, Max: 0x00002800, ABSOLUTE)

    Base Addr    Size         Type   Attr      Idx    E Section Name        Object

    0x20000000   0x00000002   Data   RW          457    .data               flashattr.o
    0x20000002   0x00000002   PAD
    0x20000004   0x00000005   Data   RW          821    .data               object.o
    0x20000009   0x00000002   Data   RW          920    .data               sign433.o
    0x2000000b   0x00000002   Data   RW         1392    .data               updata.o
    0x2000000d   0x00000001   Data   RW         1456    .data               upload.o
    0x2000000e   0x00000001   Data   RW         1517    .data               userdata.o
    0x2000000f   0x00000001   PAD
    0x20000010   0x0000000a   Data   RW         2084    .data               si4432.o
    0x2000001a   0x00000002   PAD
    0x2000001c   0x00000008   Data   RW         2347    .data               systick.o
    0x20000024   0x00000004   Data   RW         2389    .data               test.o
    0x20000028   0x00000001   Data   RW         2551    .data               battery.o
    0x20000029   0x00000001   Data   RW         2588    .data               batteryexeattr.o
    0x2000002a   0x00000001   Data   RW         2648    .data               lowpower.o
    0x2000002b   0x00000001   PAD
    0x2000002c   0x00000014   Data   RW         2890    .data               key.o
    0x20000040   0x00000a30   Zero   RW          142    .bss                cmdprocess.o
    0x20000a70   0x00000090   Zero   RW          504    .bss                linkscanfifo.o
    0x20000b00   0x00000673   Zero   RW          556    .bss                linksimplest.o
    0x20001173   0x00000001   PAD
    0x20001174   0x00000140   Zero   RW          820    .bss                object.o
    0x200012b4   0x0000000c   Zero   RW          919    .bss                sign433.o
    0x200012c0   0x00000144   Zero   RW         1304    .bss                thread.o
    0x20001404   0x00000110   Zero   RW         1391    .bss                updata.o
    0x20001514   0x0000001f   Zero   RW         1516    .bss                userdata.o
    0x20001533   0x00000001   PAD
    0x20001534   0x0000008c   Zero   RW         1721    .bss                userdatadownload.o
    0x200015c0   0x00000064   Zero   RW         2082    .bss                si4432.o
    0x20001624   0x00000010   Zero   RW         2738    .bss                unitcfg.o
    0x20001634   0x00000060   Zero   RW         3064    .bss                c_w.l(libspace.o)
    0x20001694   0x00000004   PAD
    0x20001698   0x00000200   Zero   RW           85    HEAP                startup_stm32l1xx_md.o
    0x20001898   0x00000800   Zero   RW           84    STACK               startup_stm32l1xx_md.o


==============================================================================

Image component sizes


      Code (inc. data)   RO Data    RW Data    ZI Data      Debug   Object Name

       448         24          0          0          0       4501   adc.o
       640          6         22          1          0       4569   battery.o
        76         20          0          1          0       7264   batteryexeattr.o
       144          0          0          0          0       3297   bestfulib.o
       702         82          0          0       2608      11378   cmdprocess.o
       372         16         12          0          0       2578   command.o
        56          4        512          0          0       1597   crc.o
        52          0          0          0          0       1270   delay.o
         2          0          0          0          0        584   devicereset.o
       358          0          0          0          0       5743   eeprom.o
        80          6          0          0          0       1287   faultmanage.o
       582          0          0          0          0       8001   fifo.o
       358         50          0          0          0       6106   flash.o
       572         66          0          2          0       5665   flashattr.o
       312         28          0          0          0       4039   gpio.o
       876          0          0          0          0       8977   i2c.o
         6          0          0          0          0       1686   instruct.o
       428         34          0         20          0       3574   key.o
       104         20        112          0          0       3818   keyexeattr.o
       168         30          0          0        144       3621   linkscanfifo.o
       832         58          0          0       1651      10206   linksimplest.o
       442         14          0          0          0       2502   linksrc.o
       772         20          0          0          0      12829   linkwrdc.o
       236         34          0          1          0      27312   lowpower.o
        64         10          0          0          0        611   main.o
       440         20          0          0          0       4860   msgpackage.o
      1464         46          0          5        320       5798   object.o
       514         36          8          0          0       5594   program.o
      1024         14          0          0          0       5346   scene&group.o
        46          0          0          0          0       1847   shakemotor.o
      1966         96         30         10        100      12713   si4432.o
       202         30          0          2         12       9246   sign433.o
       482         84          0          0          0       8020   sign433attr.o
       312         22          0          0          0       2590   spi.o
        64         26        244          0       2560        900   startup_stm32l1xx_md.o
       302         24          0          0          0       3114   sys.o
      2532        128        560          0          0      26735   sysexeattr.o
       266         26          0          0          0       1922   syshard.o
       380         34          0          0          0     197228   system_stm32l1xx.o
       108         26          0          0          0       1944   systestattr.o
       124         32          0          8          0       2739   systick.o
        92         10          0          4          0        979   test.o
       676         32          0          0        324       6006   thread.o
        60          8         32          0         16       3934   unitcfg.o
       538         16          0          0          0       3564   unitshare_attr.o
       878         96          0          2        272       8203   updata.o
       168         18          0          1          0       2806   upload.o
       296         26          0          0          0       3353   usart.o
      1970         60          0          1         31      27327   userdata.o
       536         60          0          0        140       4259   userdatadownload.o
        94         20          0          0          0       2983   wdg.o
        16          6          0          0          0        606   wtc6106.o

    ----------------------------------------------------------------------
     24280       1518       1564         64       8180     497631   Object Totals
         0          0         32          0          0          0   (incl. Generated)
        48          0          0          6          2          0   (incl. Padding)

    ----------------------------------------------------------------------

      Code (inc. data)   RO Data    RW Data    ZI Data      Debug   Library Member Name

         8          0          0          0          0         68   __main.o
         0          0          0          0          0          0   __rtentry.o
        12          0          0          0          0          0   __rtentry2.o
         6          0          0          0          0          0   __rtentry4.o
        52          8          0          0          0          0   __scatter.o
        26          0          0          0          0          0   __scatter_copy.o
        28          0          0          0          0          0   __scatter_zi.o
        18          0          0          0          0         80   exit.o
         6          0          0          0          0        152   heapauxi.o
         0          0          0          0          0          0   indicate_semi.o
         2          0          0          0          0          0   libinit.o
         2          0          0          0          0          0   libinit2.o
         2          0          0          0          0          0   libshutdown.o
         2          0          0          0          0          0   libshutdown2.o
         8          4          0          0         96         68   libspace.o
        78          0          0          0          0         80   rt_memclr_w.o
         2          0          0          0          0          0   rtexit.o
        10          0          0          0          0          0   rtexit2.o
        12          4          0          0          0         68   sys_exit.o
        74          0          0          0          0         80   sys_stackheap_outer.o
         2          0          0          0          0         68   use_no_semi.o
       804         16          0          0          0        272   daddsub_clz.o
        90          4          0          0          0         92   dfixu.o
        38          0          0          0          0         68   dflt_clz.o
       340         12          0          0          0        104   dmul.o
       156          4          0          0          0         92   dnaninf.o
        12          0          0          0          0         68   dretinf.o
         0          0          0          0          0          0   usenofp.o

    ----------------------------------------------------------------------
      1796         52          0          0        100       1360   Library Totals
         6          0          0          0          4          0   (incl. Padding)

    ----------------------------------------------------------------------

      Code (inc. data)   RO Data    RW Data    ZI Data      Debug   Library Name

       350         16          0          0         96        664   c_w.l
      1440         36          0          0          0        696   fz_ws.l

    ----------------------------------------------------------------------
      1796         52          0          0        100       1360   Library Totals

    ----------------------------------------------------------------------

==============================================================================


      Code (inc. data)   RO Data    RW Data    ZI Data      Debug   

     26076       1570       1564         64       8280     483699   Grand Totals
     26076       1570       1564         64       8280     483699   ELF Image Totals
     26076       1570       1564         64          0          0   ROM Totals

==============================================================================

    Total RO  Size (Code + RO Data)                27640 (  26.99kB)
    Total RW  Size (RW Data + ZI Data)              8344 (   8.15kB)
    Total ROM Size (Code + RO Data + RW Data)      27704 (  27.05kB)

==============================================================================

